Archive member included to satisfy reference by file (symbol)

../../lib/ArduinoCore-sam/out/sam.a(syscalls_sam3.o)
                              (_sbrk)
../../lib/ArduinoCore-sam/variants/arduino_due_x/libsam_sam3x8e_gcc_rel.a(startup_sam3xa.o)
                              (Reset_Handler)
../../lib/ArduinoCore-sam/variants/arduino_due_x/libsam_sam3x8e_gcc_rel.a(uotghs.o)
                              ../../lib/ArduinoCore-sam/variants/arduino_due_x/libsam_sam3x8e_gcc_rel.a(startup_sam3xa.o) (UOTGHS_Handler)
build/asciz.a(main.o)         c:/users/roxanne/desktop/programming/adkit/tools/arm-none-eabi-gcc/9.3.1-2020q2-windows/bin/../lib/gcc/arm-none-eabi/9.3.1/../../../../arm-none-eabi/lib/thumb/v7-m/nofp/crt0.o (main)
build/asciz.a(print_asciz.o)  build/asciz.a(main.o) (print_asciz)
build/asciz.a(toggle_asciz.o)
                              build/asciz.a(print_asciz.o) (toggle_asciz)
build/asciz.a(application.o)  build/asciz.a(main.o) (application)
build/asciz.a(print_asciz_asm.o)
                              build/asciz.a(application.o) (print_asciz_asm)
build/asciz.a(toggle_asciz_asm.o)
                              build/asciz.a(print_asciz_asm.o) (toggle_asciz_asm)
../../lib/ArduinoCore-sam/out/sam.a(RingBuffer.o)
                              build/asciz.a(main.o) (RingBuffer::RingBuffer())
../../lib/ArduinoCore-sam/out/sam.a(UARTClass.o)
                              build/asciz.a(main.o) (UARTClass::UARTClass(Uart*, IRQn, unsigned long, RingBuffer*, RingBuffer*))
../../lib/ArduinoCore-sam/out/sam.a(watchdog.o)
                              build/asciz.a(main.o) (watchdogSetup())
../../lib/ArduinoCore-sam/out/sam.a(cortex_handlers.o)
                              ../../lib/ArduinoCore-sam/variants/arduino_due_x/libsam_sam3x8e_gcc_rel.a(startup_sam3xa.o) (CAN1_Handler)
../../lib/ArduinoCore-sam/out/sam.a(hooks.o)
                              ../../lib/ArduinoCore-sam/out/sam.a(cortex_handlers.o) (sysTickHook)
../../lib/ArduinoCore-sam/out/sam.a(wiring.o)
                              build/asciz.a(main.o) (delay)
../../lib/ArduinoCore-sam/out/sam.a(variant.o)
                              build/asciz.a(main.o) (init)
../../lib/ArduinoCore-sam/out/sam.a(Print.o)
                              ../../lib/ArduinoCore-sam/out/sam.a(UARTClass.o) (Print::write(unsigned char const*, unsigned int))
../../lib/ArduinoCore-sam/out/sam.a(Reset.o)
                              ../../lib/ArduinoCore-sam/out/sam.a(cortex_handlers.o) (tickReset)
../../lib/ArduinoCore-sam/out/sam.a(USARTClass.o)
                              ../../lib/ArduinoCore-sam/out/sam.a(variant.o) (USARTClass::USARTClass(Usart*, IRQn, unsigned long, RingBuffer*, RingBuffer*))
../../lib/ArduinoCore-sam/out/sam.a(wiring_analog.o)
                              ../../lib/ArduinoCore-sam/out/sam.a(variant.o) (analogOutputInit)
../../lib/ArduinoCore-sam/out/sam.a(wiring_digital.o)
                              ../../lib/ArduinoCore-sam/out/sam.a(wiring_analog.o) (pinMode)
../../lib/ArduinoCore-sam/out/sam.a(abi.o)
                              ../../lib/ArduinoCore-sam/out/sam.a(Print.o) (__cxa_pure_virtual)
../../lib/ArduinoCore-sam/variants/arduino_due_x/libsam_sam3x8e_gcc_rel.a(pio.o)
                              ../../lib/ArduinoCore-sam/out/sam.a(wiring_digital.o) (PIO_PullUp)
../../lib/ArduinoCore-sam/variants/arduino_due_x/libsam_sam3x8e_gcc_rel.a(pmc.o)
                              ../../lib/ArduinoCore-sam/out/sam.a(UARTClass.o) (pmc_enable_periph_clk)
../../lib/ArduinoCore-sam/variants/arduino_due_x/libsam_sam3x8e_gcc_rel.a(pwmc.o)
                              ../../lib/ArduinoCore-sam/out/sam.a(wiring_analog.o) (PWMC_ConfigureChannel)
../../lib/ArduinoCore-sam/variants/arduino_due_x/libsam_sam3x8e_gcc_rel.a(tc.o)
                              ../../lib/ArduinoCore-sam/out/sam.a(wiring_analog.o) (TC_Configure)
../../lib/ArduinoCore-sam/variants/arduino_due_x/libsam_sam3x8e_gcc_rel.a(timetick.o)
                              ../../lib/ArduinoCore-sam/out/sam.a(cortex_handlers.o) (TimeTick_Increment)
../../lib/ArduinoCore-sam/variants/arduino_due_x/libsam_sam3x8e_gcc_rel.a(wdt.o)
                              ../../lib/ArduinoCore-sam/out/sam.a(watchdog.o) (WDT_Enable)
../../lib/ArduinoCore-sam/variants/arduino_due_x/libsam_sam3x8e_gcc_rel.a(system_sam3xa.o)
                              ../../lib/ArduinoCore-sam/out/sam.a(variant.o) (SystemInit)
../../lib/ArduinoCore-sam/variants/arduino_due_x/libsam_sam3x8e_gcc_rel.a(adc.o)
                              ../../lib/ArduinoCore-sam/out/sam.a(variant.o) (adc_init)
../../lib/ArduinoCore-sam/variants/arduino_due_x/libsam_sam3x8e_gcc_rel.a(dacc.o)
                              ../../lib/ArduinoCore-sam/out/sam.a(wiring_analog.o) (dacc_reset)
c:/users/roxanne/desktop/programming/adkit/tools/arm-none-eabi-gcc/9.3.1-2020q2-windows/bin/../lib/gcc/arm-none-eabi/9.3.1/thumb/v7-m/nofp\libgcc.a(_arm_muldf3.o)
                              ../../lib/ArduinoCore-sam/out/sam.a(Print.o) (__aeabi_dmul)
[...]
Memory Configuration

Name             Origin             Length             Attributes
rom              0x00080000         0x00080000         xr
sram0            0x20000000         0x00010000         xrw
sram1            0x20080000         0x00008000         xrw
ram              0x20070000         0x00018000         xrw
*default*        0x00000000         0xffffffff

Linker script and memory map

LOAD c:/users/roxanne/desktop/programming/adkit/tools/arm-none-eabi-gcc/9.3.1-2020q2-windows/bin/../lib/gcc/arm-none-eabi/9.3.1/thumb/v7-m/nofp/crti.o
LOAD c:/users/roxanne/desktop/programming/adkit/tools/arm-none-eabi-gcc/9.3.1-2020q2-windows/bin/../lib/gcc/arm-none-eabi/9.3.1/thumb/v7-m/nofp/crtbegin.o
LOAD c:/users/roxanne/desktop/programming/adkit/tools/arm-none-eabi-gcc/9.3.1-2020q2-windows/bin/../lib/gcc/arm-none-eabi/9.3.1/../../../../arm-none-eabi/lib/thumb/v7-m/nofp/crt0.o
START GROUP
LOAD ../../lib/ArduinoCore-sam/out/sam.a
LOAD ../../lib/ArduinoCore-sam/variants/arduino_due_x/libsam_sam3x8e_gcc_rel.a
LOAD build/asciz.a
END GROUP
LOAD c:/users/roxanne/desktop/programming/adkit/tools/arm-none-eabi-gcc/9.3.1-2020q2-windows/bin/../lib/gcc/arm-none-eabi/9.3.1/../../../../arm-none-eabi/lib/thumb/v7-m/nofp\libm.a
LOAD c:/users/roxanne/desktop/programming/adkit/tools/arm-none-eabi-gcc/9.3.1-2020q2-windows/bin/../lib/gcc/arm-none-eabi/9.3.1/thumb/v7-m/nofp\libgcc.a
LOAD c:/users/roxanne/desktop/programming/adkit/tools/arm-none-eabi-gcc/9.3.1-2020q2-windows/bin/../lib/gcc/arm-none-eabi/9.3.1/../../../../arm-none-eabi/lib/thumb/v7-m/nofp\libsupc++.a
START GROUP
LOAD c:/users/roxanne/desktop/programming/adkit/tools/arm-none-eabi-gcc/9.3.1-2020q2-windows/bin/../lib/gcc/arm-none-eabi/9.3.1/thumb/v7-m/nofp\libgcc.a
LOAD c:/users/roxanne/desktop/programming/adkit/tools/arm-none-eabi-gcc/9.3.1-2020q2-windows/bin/../lib/gcc/arm-none-eabi/9.3.1/../../../../arm-none-eabi/lib/thumb/v7-m/nofp\libc.a
END GROUP
LOAD c:/users/roxanne/desktop/programming/adkit/tools/arm-none-eabi-gcc/9.3.1-2020q2-windows/bin/../lib/gcc/arm-none-eabi/9.3.1/thumb/v7-m/nofp/crtend.o
LOAD c:/users/roxanne/desktop/programming/adkit/tools/arm-none-eabi-gcc/9.3.1-2020q2-windows/bin/../lib/gcc/arm-none-eabi/9.3.1/thumb/v7-m/nofp/crtn.o

.text           0x00080000     0x97c0
                0x00080000                . = ALIGN (0x4)
                0x00080000                _sfixed = .
 *(.vectors .vectors.*)
 .vectors       0x00080000       0xf4 ../../lib/ArduinoCore-sam/variants/arduino_due_x/libsam_sam3x8e_gcc_rel.a(startup_sam3xa.o)
                0x00080000                exception_table
 *(.text .text.* .gnu.linkonce.t.*)
 .text          0x000800f4       0x40 c:/users/roxanne/desktop/programming/adkit/tools/arm-none-eabi-gcc/9.3.1-2020q2-windows/bin/../lib/gcc/arm-none-eabi/9.3.1/thumb/v7-m/nofp/crtbegin.o
 .text._sbrk    0x00080134       0x1c ../../lib/ArduinoCore-sam/out/sam.a(syscalls_sam3.o)
                0x00080134                _sbrk
 .text.link     0x00080150        0x6 ../../lib/ArduinoCore-sam/out/sam.a(syscalls_sam3.o)
                0x00080150                link
 .text._close   0x00080156        0x6 ../../lib/ArduinoCore-sam/out/sam.a(syscalls_sam3.o)
                0x00080156                _close
 .text._fstat   0x0008015c        0xa ../../lib/ArduinoCore-sam/out/sam.a(syscalls_sam3.o)
                0x0008015c                _fstat
 .text._isatty  0x00080166        0x4 ../../lib/ArduinoCore-sam/out/sam.a(syscalls_sam3.o)
                0x00080166                _isatty
 .text._lseek   0x0008016a        0x4 ../../lib/ArduinoCore-sam/out/sam.a(syscalls_sam3.o)
                0x0008016a                _lseek
 .text._read    0x0008016e        0x4 ../../lib/ArduinoCore-sam/out/sam.a(syscalls_sam3.o)
                0x0008016e                _read
 *fill*         0x00080172        0x2 
 .text._write   0x00080174       0x24 ../../lib/ArduinoCore-sam/out/sam.a(syscalls_sam3.o)
                0x00080174                _write
 .text._exit    0x00080198        0x2 ../../lib/ArduinoCore-sam/out/sam.a(syscalls_sam3.o)
                0x00080198                _exit
 .text._kill    0x0008019a        0x2 ../../lib/ArduinoCore-sam/out/sam.a(syscalls_sam3.o)
                0x0008019a                _kill
 .text._getpid  0x0008019c        0x6 ../../lib/ArduinoCore-sam/out/sam.a(syscalls_sam3.o)
                0x0008019c                _getpid
 *fill*         0x000801a2        0x2 
 .text.Reset_Handler
                0x000801a4       0x78 ../../lib/ArduinoCore-sam/variants/arduino_due_x/libsam_sam3x8e_gcc_rel.a(startup_sam3xa.o)
                0x000801a4                Reset_Handler
 .text.UOTGHS_Handler
                0x0008021c       0x10 ../../lib/ArduinoCore-sam/variants/arduino_due_x/libsam_sam3x8e_gcc_rel.a(uotghs.o)
                0x0008021c                UOTGHS_Handler
 .text.startup.main
                0x0008022c       0x74 build/asciz.a(main.o)
                0x0008022c                main
 .text.print_asciz
                0x000802a0       0x16 build/asciz.a(print_asciz.o)
                0x000802a0                print_asciz
 .text.toggle_asciz
                0x000802b6       0x1a build/asciz.a(toggle_asciz.o)
                0x000802b6                toggle_asciz
 .text          0x000802d0        0x8 build/asciz.a(application.o)
                0x000802d0                application
 .text          0x000802d8       0x22 build/asciz.a(print_asciz_asm.o)
                0x000802d8                print_asciz_asm
 .text          0x000802fa       0x20 build/asciz.a(toggle_asciz_asm.o)
                0x000802fa                toggle_asciz_asm
 .text._ZN10RingBufferC2Ev
                0x0008031a       0x1a ../../lib/ArduinoCore-sam/out/sam.a(RingBuffer.o)
                0x0008031a                RingBuffer::RingBuffer()
                0x0008031a                RingBuffer::RingBuffer()
 .text._ZN10RingBuffer10store_charEh
                0x00080334       0x1e ../../lib/ArduinoCore-sam/out/sam.a(RingBuffer.o)
                0x00080334                RingBuffer::store_char(unsigned char)
 .text._ZN9UARTClasscvbEv
                0x00080352        0x4 ../../lib/ArduinoCore-sam/out/sam.a(UARTClass.o)
                0x00080352                UARTClass::operator bool()
 .text._ZN9UARTClass9availableEv
                0x00080356       0x12 ../../lib/ArduinoCore-sam/out/sam.a(UARTClass.o)
                0x00080356                UARTClass::available()
 .text._ZN9UARTClass4peekEv
                0x00080368       0x1c ../../lib/ArduinoCore-sam/out/sam.a(UARTClass.o)
                0x00080368                UARTClass::peek()
 .text._ZN9UARTClass4readEv
                0x00080384       0x2a ../../lib/ArduinoCore-sam/out/sam.a(UARTClass.o)
                0x00080384                UARTClass::read()
 .text._ZN9UARTClass5flushEv
                0x000803ae       0x18 ../../lib/ArduinoCore-sam/out/sam.a(UARTClass.o)
                0x000803ae                UARTClass::flush()
 .text._ZN9UARTClass5writeEh
                0x000803c6       0x4e ../../lib/ArduinoCore-sam/out/sam.a(UARTClass.o)
                0x000803c6                UARTClass::write(unsigned char)
 .text._ZN9UARTClass3endEv
                0x00080414       0x3c ../../lib/ArduinoCore-sam/out/sam.a(UARTClass.o)
                0x00080414                UARTClass::end()
 .text._ZN9UARTClassC2EP4Uart4IRQnmP10RingBufferS4_
                0x00080450       0x28 ../../lib/ArduinoCore-sam/out/sam.a(UARTClass.o)
                0x00080450                UARTClass::UARTClass(Uart*, IRQn, unsigned long, RingBuffer*, RingBuffer*)
                0x00080450                UARTClass::UARTClass(Uart*, IRQn, unsigned long, RingBuffer*, RingBuffer*)
 .text._ZN9UARTClass4initEmm
                0x00080478       0x70 ../../lib/ArduinoCore-sam/out/sam.a(UARTClass.o)
                0x00080478                UARTClass::init(unsigned long, unsigned long)
 .text._ZN9UARTClass5beginEm
                0x000804e8        0x8 ../../lib/ArduinoCore-sam/out/sam.a(UARTClass.o)
                0x000804e8                UARTClass::begin(unsigned long)
 .text._ZN9UARTClass10IrqHandlerEv
                0x000804f0       0x5a ../../lib/ArduinoCore-sam/out/sam.a(UARTClass.o)
                0x000804f0                UARTClass::IrqHandler()
 *fill*         0x0008054a        0x2 
 .text._Z15watchdogDisablev
                0x0008054c        0xc ../../lib/ArduinoCore-sam/out/sam.a(watchdog.o)
                0x0008054c                watchdogDisable()
 .text._watchdogDefaultSetup
                0x00080558        0x4 ../../lib/ArduinoCore-sam/out/sam.a(watchdog.o)
                0x00080558                _watchdogDefaultSetup
                0x00080558                watchdogSetup()
 .text.__halt   0x0008055c        0x2 ../../lib/ArduinoCore-sam/out/sam.a(cortex_handlers.o)
                0x0008055c                DACC_Handler
                0x0008055c                DebugMon_Handler
                0x0008055c                DMAC_Handler
                0x0008055c                TRNG_Handler
                0x0008055c                HardFault_Handler
                0x0008055c                TC2_Handler
                0x0008055c                TWI1_Handler
                0x0008055c                NMI_Handler
                0x0008055c                TC7_Handler
                0x0008055c                ADC_Handler
                0x0008055c                SMC_Handler
                0x0008055c                RTT_Handler
                0x0008055c                EFC1_Handler
                0x0008055c                PIOB_Handler
                0x0008055c                RTC_Handler
                0x0008055c                UsageFault_Handler
                0x0008055c                TC6_Handler
                0x0008055c                WDT_Handler
                0x0008055c                CAN0_Handler
                0x0008055c                TC4_Handler
                0x0008055c                TC1_Handler
                0x0008055c                HSMCI_Handler
                0x0008055c                TC3_Handler
                0x0008055c                TWI0_Handler
                0x0008055c                PIOA_Handler
                0x0008055c                SSC_Handler
                0x0008055c                EFC0_Handler
                0x0008055c                PMC_Handler
                0x0008055c                PWM_Handler
                0x0008055c                CAN1_Handler
                0x0008055c                MemManage_Handler
                0x0008055c                SUPC_Handler
                0x0008055c                TC8_Handler
                0x0008055c                USART2_Handler
                0x0008055c                PIOD_Handler
                0x0008055c                EMAC_Handler
                0x0008055c                PIOC_Handler
                0x0008055c                BusFault_Handler
                0x0008055c                RSTC_Handler
                0x0008055c                TC0_Handler
                0x0008055c                TC5_Handler
                0x0008055c                SPI0_Handler
 .text.SVC_Handler
                0x0008055e        0x4 ../../lib/ArduinoCore-sam/out/sam.a(cortex_handlers.o)
                0x0008055e                SVC_Handler
 .text.PendSV_Handler
                0x00080562        0x4 ../../lib/ArduinoCore-sam/out/sam.a(cortex_handlers.o)
                0x00080562                PendSV_Handler
 .text.SysTick_Handler
                0x00080566       0x16 ../../lib/ArduinoCore-sam/out/sam.a(cortex_handlers.o)
                0x00080566                SysTick_Handler
 .text.__empty  0x0008057c        0x2 ../../lib/ArduinoCore-sam/out/sam.a(hooks.o)
                0x0008057c                yield
 .text.__false  0x0008057e        0x4 ../../lib/ArduinoCore-sam/out/sam.a(hooks.o)
                0x0008057e                sysTickHook
 .text.__halt   0x00080582        0x2 ../../lib/ArduinoCore-sam/out/sam.a(hooks.o)
                0x00080582                svcHook
                0x00080582                pendSVHook
 .text.delay    0x00080584       0x1c ../../lib/ArduinoCore-sam/out/sam.a(wiring.o)
                0x00080584                delay
 .text.UART_Handler
                0x000805a0        0xc ../../lib/ArduinoCore-sam/out/sam.a(variant.o)
                0x000805a0                UART_Handler
 .text.USART0_Handler
                0x000805ac        0xc ../../lib/ArduinoCore-sam/out/sam.a(variant.o)
                0x000805ac                USART0_Handler
 .text.USART1_Handler
                0x000805b8        0xc ../../lib/ArduinoCore-sam/out/sam.a(variant.o)
                0x000805b8                USART1_Handler
 .text.USART3_Handler
                0x000805c4        0xc ../../lib/ArduinoCore-sam/out/sam.a(variant.o)
                0x000805c4                USART3_Handler
 .text.init     0x000805d0      0x124 ../../lib/ArduinoCore-sam/out/sam.a(variant.o)
                0x000805d0                init
 .text.startup._GLOBAL__sub_I_g_APinDescription
                0x000806f4       0xd0 ../../lib/ArduinoCore-sam/out/sam.a(variant.o)
 .text._ZN5Print5writeEPKhj
                0x000807c4       0x22 ../../lib/ArduinoCore-sam/out/sam.a(Print.o)
                0x000807c4                Print::write(unsigned char const*, unsigned int)
 *fill*         0x000807e6        0x2 
 .text.tickReset
                0x000807e8       0x20 ../../lib/ArduinoCore-sam/out/sam.a(Reset.o)
                0x000807e8                tickReset
 .text._ZN10USARTClass5beginEm
                0x00080808        0x8 ../../lib/ArduinoCore-sam/out/sam.a(USARTClass.o)
                0x00080808                USARTClass::begin(unsigned long)
 .text._ZN10USARTClassC2EP5Usart4IRQnmP10RingBufferS4_
                0x00080810       0x24 ../../lib/ArduinoCore-sam/out/sam.a(USARTClass.o)
                0x00080810                USARTClass::USARTClass(Usart*, IRQn, unsigned long, RingBuffer*, RingBuffer*)
                0x00080810                USARTClass::USARTClass(Usart*, IRQn, unsigned long, RingBuffer*, RingBuffer*)
 .text.analogOutputInit
                0x00080834        0x2 ../../lib/ArduinoCore-sam/out/sam.a(wiring_analog.o)
                0x00080834                analogOutputInit
 *fill*         0x00080836        0x2 
 .text.pinMode  0x00080838       0xf4 ../../lib/ArduinoCore-sam/out/sam.a(wiring_digital.o)
                0x00080838                pinMode
 .text.digitalWrite
                0x0008092c       0x70 ../../lib/ArduinoCore-sam/out/sam.a(wiring_digital.o)
                0x0008092c                digitalWrite
 .text.PIO_PullUp
                0x0008099c        0xa ../../lib/ArduinoCore-sam/variants/arduino_due_x/libsam_sam3x8e_gcc_rel.a(pio.o)
                0x0008099c                PIO_PullUp
 .text.PIO_SetPeripheral
                0x000809a6       0x26 ../../lib/ArduinoCore-sam/variants/arduino_due_x/libsam_sam3x8e_gcc_rel.a(pio.o)
                0x000809a6                PIO_SetPeripheral
 .text.PIO_SetInput
                0x000809cc       0x26 ../../lib/ArduinoCore-sam/variants/arduino_due_x/libsam_sam3x8e_gcc_rel.a(pio.o)
                0x000809cc                PIO_SetInput
 .text.PIO_SetOutput
                0x000809f2       0x24 ../../lib/ArduinoCore-sam/variants/arduino_due_x/libsam_sam3x8e_gcc_rel.a(pio.o)
                0x000809f2                PIO_SetOutput
 *fill*         0x00080a16        0x2 
 .text.PIO_Configure
                0x00080a18       0x64 ../../lib/ArduinoCore-sam/variants/arduino_due_x/libsam_sam3x8e_gcc_rel.a(pio.o)
                0x00080a18                PIO_Configure
 .text.PIO_GetOutputDataStatus
                0x00080a7c       0x14 ../../lib/ArduinoCore-sam/variants/arduino_due_x/libsam_sam3x8e_gcc_rel.a(pio.o)
                0x00080a7c                PIO_GetOutputDataStatus
 .text.pmc_enable_periph_clk
                0x00080a90       0x44 ../../lib/ArduinoCore-sam/variants/arduino_due_x/libsam_sam3x8e_gcc_rel.a(pmc.o)
                0x00080a90                pmc_enable_periph_clk
 .text.pmc_disable_periph_clk
                0x00080ad4       0x40 ../../lib/ArduinoCore-sam/variants/arduino_due_x/libsam_sam3x8e_gcc_rel.a(pmc.o)
                0x00080ad4                pmc_disable_periph_clk
 .text.TimeTick_Increment
                0x00080b14       0x10 ../../lib/ArduinoCore-sam/variants/arduino_due_x/libsam_sam3x8e_gcc_rel.a(timetick.o)
                0x00080b14                TimeTick_Increment
 .text.GetTickCount
                0x00080b24        0xc ../../lib/ArduinoCore-sam/variants/arduino_due_x/libsam_sam3x8e_gcc_rel.a(timetick.o)
                0x00080b24                GetTickCount
 .text.WDT_Disable
                0x00080b30        0x8 ../../lib/ArduinoCore-sam/variants/arduino_due_x/libsam_sam3x8e_gcc_rel.a(wdt.o)
                0x00080b30                WDT_Disable
 .text.SystemInit
                0x00080b38       0x88 ../../lib/ArduinoCore-sam/variants/arduino_due_x/libsam_sam3x8e_gcc_rel.a(system_sam3xa.o)
                0x00080b38                SystemInit
 .text.adc_init
                0x00080bc0       0x98 ../../lib/ArduinoCore-sam/variants/arduino_due_x/libsam_sam3x8e_gcc_rel.a(adc.o)
                0x00080bc0                adc_init
 .text.adc_configure_trigger
                0x00080c58        0xe ../../lib/ArduinoCore-sam/variants/arduino_due_x/libsam_sam3x8e_gcc_rel.a(adc.o)
                0x00080c58                adc_configure_trigger
 .text.adc_configure_timing
                0x00080c66       0x1a ../../lib/ArduinoCore-sam/variants/arduino_due_x/libsam_sam3x8e_gcc_rel.a(adc.o)
                0x00080c66                adc_configure_timing
 .text.adc_disable_channel
                0x00080c80        0xa ../../lib/ArduinoCore-sam/variants/arduino_due_x/libsam_sam3x8e_gcc_rel.a(adc.o)
                0x00080c80                adc_disable_channel
 .text.adc_disable_all_channel
                0x00080c8a        0x8 ../../lib/ArduinoCore-sam/variants/arduino_due_x/libsam_sam3x8e_gcc_rel.a(adc.o)
                0x00080c8a                adc_disable_all_channel
 .text.adc_disable_interrupt
                0x00080c92        0x4 ../../lib/ArduinoCore-sam/variants/arduino_due_x/libsam_sam3x8e_gcc_rel.a(adc.o)
                0x00080c92                adc_disable_interrupt
 *fill*         0x00080c96        0x2 
 .text          0x00080c98      0x378 c:/users/roxanne/desktop/programming/adkit/tools/arm-none-eabi-gcc/9.3.1-2020q2-windows/bin/../lib/gcc/arm-none-eabi/9.3.1/thumb/v7-m/nofp\libgcc.a(_arm_addsubdf3.o)
                0x00080c98                __aeabi_drsub
                0x00080ca0                __aeabi_dsub
                0x00080ca0                __subdf3
                0x00080ca4                __aeabi_dadd
                0x00080ca4                __adddf3
                0x00080f1c                __floatunsidf
                0x00080f1c                __aeabi_ui2d
                0x00080f3c                __floatsidf
                0x00080f3c                __aeabi_i2d
                0x00080f60                __aeabi_f2d
                0x00080f60                __extendsfdf2
                0x00080fa4                __floatundidf
                0x00080fa4                __aeabi_ul2d
                0x00080fb4                __floatdidf
                0x00080fb4                __aeabi_l2d
 .text          0x00081010      0x424 c:/users/roxanne/desktop/programming/adkit/tools/arm-none-eabi-gcc/9.3.1-2020q2-windows/bin/../lib/gcc/arm-none-eabi/9.3.1/thumb/v7-m/nofp\libgcc.a(_arm_muldivdf3.o)
                0x00081010                __aeabi_dmul
                0x00081010                __muldf3
                0x00081264                __divdf3
                0x00081264                __aeabi_ddiv
 .text          0x00081434      0x110 c:/users/roxanne/desktop/programming/adkit/tools/arm-none-eabi-gcc/9.3.1-2020q2-windows/bin/../lib/gcc/arm-none-eabi/9.3.1/thumb/v7-m/nofp\libgcc.a(_arm_cmpdf2.o)
                0x00081434                __gtdf2
                0x00081434                __gedf2
                0x0008143c                __ltdf2
                0x0008143c                __ledf2
                0x00081444                __nedf2
                0x00081444                __eqdf2
                0x00081444                __cmpdf2
                0x000814c0                __aeabi_cdrcmple
                0x000814d0                __aeabi_cdcmpeq
                0x000814d0                __aeabi_cdcmple
                0x000814e0                __aeabi_dcmpeq
                0x000814f4                __aeabi_dcmplt
                0x00081508                __aeabi_dcmple
                0x0008151c                __aeabi_dcmpge
                0x00081530                __aeabi_dcmpgt
 .text          0x00081544       0x2c c:/users/roxanne/desktop/programming/adkit/tools/arm-none-eabi-gcc/9.3.1-2020q2-windows/bin/../lib/gcc/arm-none-eabi/9.3.1/thumb/v7-m/nofp\libgcc.a(_arm_unorddf2.o)
                0x00081544                __unorddf2
                0x00081544                __aeabi_dcmpun
 .text          0x00081570      0x9a8 c:/users/roxanne/desktop/programming/adkit/tools/arm-none-eabi-gcc/9.3.1-2020q2-windows/bin/../lib/gcc/arm-none-eabi/9.3.1/thumb/v7-m/nofp\libgcc.a(unwind-arm.o)
                0x00081814                _Unwind_GetCFA
                0x00081818                __gnu_Unwind_RaiseException
                0x00081878                __gnu_Unwind_ForcedUnwind
                0x0008188c                __gnu_Unwind_Resume
                0x000818d0                __gnu_Unwind_Resume_or_Rethrow
                0x000818e4                _Unwind_Complete
                0x000818e8                _Unwind_DeleteException
                0x000818f4                _Unwind_VRS_Get
                0x0008193c                _Unwind_VRS_Set
                0x00081988                __gnu_Unwind_Backtrace
                0x00081ca4                __aeabi_unwind_cpp_pr0
                0x00081ca8                __aeabi_unwind_cpp_pr1
                0x00081cac                __aeabi_unwind_cpp_pr2
                0x00081cb0                _Unwind_VRS_Pop
 .text          0x00081f18      0x1ac c:/users/roxanne/desktop/programming/adkit/tools/arm-none-eabi-gcc/9.3.1-2020q2-windows/bin/../lib/gcc/arm-none-eabi/9.3.1/thumb/v7-m/nofp\libgcc.a(libunwind.o)
                0x00081f18                __restore_core_regs
                0x00081f18                restore_core_regs
                0x00081f30                __gnu_Unwind_Restore_VFP
                0x00081f38                __gnu_Unwind_Save_VFP
                0x00081f40                __gnu_Unwind_Restore_VFP_D
                0x00081f48                __gnu_Unwind_Save_VFP_D
                0x00081f50                __gnu_Unwind_Restore_VFP_D_16_to_31
                0x00081f58                __gnu_Unwind_Save_VFP_D_16_to_31
                0x00081f60                __gnu_Unwind_Restore_WMMXD
                0x00081fa4                __gnu_Unwind_Save_WMMXD
                0x00081fe8                __gnu_Unwind_Restore_WMMXC
                0x00081ffc                __gnu_Unwind_Save_WMMXC
                0x00082010                ___Unwind_RaiseException
                0x00082010                _Unwind_RaiseException
                0x00082034                _Unwind_Resume
                0x00082034                ___Unwind_Resume
                0x00082058                _Unwind_Resume_or_Rethrow
                0x00082058                ___Unwind_Resume_or_Rethrow
                0x0008207c                _Unwind_ForcedUnwind
                0x0008207c                ___Unwind_ForcedUnwind
                0x000820a0                ___Unwind_Backtrace
                0x000820a0                _Unwind_Backtrace
 .text          0x000820c4      0x33c c:/users/roxanne/desktop/programming/adkit/tools/arm-none-eabi-gcc/9.3.1-2020q2-windows/bin/../lib/gcc/arm-none-eabi/9.3.1/thumb/v7-m/nofp\libgcc.a(pr-support.o)
                0x0008211c                __gnu_unwind_execute
                0x000823b8                __gnu_unwind_frame
                0x000823e0                _Unwind_GetRegionStart
                0x000823ec                _Unwind_GetLanguageSpecificData
 .text.abort    0x00082400       0x10 c:/users/roxanne/desktop/programming/adkit/tools/arm-none-eabi-gcc/9.3.1-2020q2-windows/bin/../lib/gcc/arm-none-eabi/9.3.1/../../../../arm-none-eabi/lib/thumb/v7-m/nofp\libc.a(lib_a-abort.o)
                0x00082400                abort
 .text.__assert_func
                0x00082410       0x3c c:/users/roxanne/desktop/programming/adkit/tools/arm-none-eabi-gcc/9.3.1-2020q2-windows/bin/../lib/gcc/arm-none-eabi/9.3.1/../../../../arm-none-eabi/lib/thumb/v7-m/nofp\libc.a(lib_a-assert.o)
                0x00082410                __assert_func
 .text.fiprintf
                0x0008244c       0x28 c:/users/roxanne/desktop/programming/adkit/tools/arm-none-eabi-gcc/9.3.1-2020q2-windows/bin/../lib/gcc/arm-none-eabi/9.3.1/../../../../arm-none-eabi/lib/thumb/v7-m/nofp\libc.a(lib_a-fiprintf.o)
                0x0008244c                fiprintf
 .text.__libc_init_array
                0x00082474       0x48 c:/users/roxanne/desktop/programming/adkit/tools/arm-none-eabi-gcc/9.3.1-2020q2-windows/bin/../lib/gcc/arm-none-eabi/9.3.1/../../../../arm-none-eabi/lib/thumb/v7-m/nofp\libc.a(lib_a-init.o)
                0x00082474                __libc_init_array
 .text          0x000824bc       0xec c:/users/roxanne/desktop/programming/adkit/tools/arm-none-eabi-gcc/9.3.1-2020q2-windows/bin/../lib/gcc/arm-none-eabi/9.3.1/../../../../arm-none-eabi/lib/thumb/v7-m/nofp\libc.a(lib_a-memcpy.o)
                0x000824bc                memcpy
 .text.memset   0x000825a8       0xa0 c:/users/roxanne/desktop/programming/adkit/tools/arm-none-eabi-gcc/9.3.1-2020q2-windows/bin/../lib/gcc/arm-none-eabi/9.3.1/../../../../arm-none-eabi/lib/thumb/v7-m/nofp\libc.a(lib_a-memset.o)
                0x000825a8                memset
 .text.printf   0x00082648       0x28 c:/users/roxanne/desktop/programming/adkit/tools/arm-none-eabi-gcc/9.3.1-2020q2-windows/bin/../lib/gcc/arm-none-eabi/9.3.1/../../../../arm-none-eabi/lib/thumb/v7-m/nofp\libc.a(lib_a-printf.o)
                0x00082648                printf
 .text.putchar  0x00082670       0x10 c:/users/roxanne/desktop/programming/adkit/tools/arm-none-eabi-gcc/9.3.1-2020q2-windows/bin/../lib/gcc/arm-none-eabi/9.3.1/../../../../arm-none-eabi/lib/thumb/v7-m/nofp\libc.a(lib_a-putchar.o)
                0x00082670                putchar
 .text._raise_r
                0x00082680       0x58 c:/users/roxanne/desktop/programming/adkit/tools/arm-none-eabi-gcc/9.3.1-2020q2-windows/bin/../lib/gcc/arm-none-eabi/9.3.1/../../../../arm-none-eabi/lib/thumb/v7-m/nofp\libc.a(lib_a-signal.o)
                0x00082680                _raise_r
 .text.raise    0x000826d8       0x10 c:/users/roxanne/desktop/programming/adkit/tools/arm-none-eabi-gcc/9.3.1-2020q2-windows/bin/../lib/gcc/arm-none-eabi/9.3.1/../../../../arm-none-eabi/lib/thumb/v7-m/nofp\libc.a(lib_a-signal.o)
                0x000826d8                raise
 .text._kill_r  0x000826e8       0x2c c:/users/roxanne/desktop/programming/adkit/tools/arm-none-eabi-gcc/9.3.1-2020q2-windows/bin/../lib/gcc/arm-none-eabi/9.3.1/../../../../arm-none-eabi/lib/thumb/v7-m/nofp\libc.a(lib_a-signalr.o)
                0x000826e8                _kill_r
 .text._getpid_r
                0x00082714        0x4 c:/users/roxanne/desktop/programming/adkit/tools/arm-none-eabi-gcc/9.3.1-2020q2-windows/bin/../lib/gcc/arm-none-eabi/9.3.1/../../../../arm-none-eabi/lib/thumb/v7-m/nofp\libc.a(lib_a-signalr.o)
                0x00082714                _getpid_r
 .text.strlen   0x00082718       0x5c c:/users/roxanne/desktop/programming/adkit/tools/arm-none-eabi-gcc/9.3.1-2020q2-windows/bin/../lib/gcc/arm-none-eabi/9.3.1/../../../../arm-none-eabi/lib/thumb/v7-m/nofp\libc.a(lib_a-strlen-stub.o)
                0x00082718                strlen
 .text.kill     0x00082774       0x10 c:/users/roxanne/desktop/programming/adkit/tools/arm-none-eabi-gcc/9.3.1-2020q2-windows/bin/../lib/gcc/arm-none-eabi/9.3.1/../../../../arm-none-eabi/lib/thumb/v7-m/nofp\libc.a(lib_a-syskill.o)
                0x00082774                kill
 .text.__sprint_r.part.0
                0x00082784       0x78 c:/users/roxanne/desktop/programming/adkit/tools/arm-none-eabi-gcc/9.3.1-2020q2-windows/bin/../lib/gcc/arm-none-eabi/9.3.1/../../../../arm-none-eabi/lib/thumb/v7-m/nofp\libc.a(lib_a-vfiprintf.o)
 .text.__sprint_r
                0x000827fc       0x14 c:/users/roxanne/desktop/programming/adkit/tools/arm-none-eabi-gcc/9.3.1-2020q2-windows/bin/../lib/gcc/arm-none-eabi/9.3.1/../../../../arm-none-eabi/lib/thumb/v7-m/nofp\libc.a(lib_a-vfiprintf.o)
                0x000827fc                __sprint_r
 .text._vfiprintf_r
                0x00082810      0xd2c c:/users/roxanne/desktop/programming/adkit/tools/arm-none-eabi-gcc/9.3.1-2020q2-windows/bin/../lib/gcc/arm-none-eabi/9.3.1/../../../../arm-none-eabi/lib/thumb/v7-m/nofp\libc.a(lib_a-vfiprintf.o)
                0x00082810                _vfiprintf_r
 .text.__sbprintf
                0x0008353c       0x88 c:/users/roxanne/desktop/programming/adkit/tools/arm-none-eabi-gcc/9.3.1-2020q2-windows/bin/../lib/gcc/arm-none-eabi/9.3.1/../../../../arm-none-eabi/lib/thumb/v7-m/nofp\libc.a(lib_a-vfiprintf.o)
 .text._vfprintf_r
                0x000835c4     0x1c18 c:/users/roxanne/desktop/programming/adkit/tools/arm-none-eabi-gcc/9.3.1-2020q2-windows/bin/../lib/gcc/arm-none-eabi/9.3.1/../../../../arm-none-eabi/lib/thumb/v7-m/nofp\libc.a(lib_a-vfprintf.o)
                0x000835c4                _vfprintf_r
 .text.__sbprintf
                0x000851dc       0x88 c:/users/roxanne/desktop/programming/adkit/tools/arm-none-eabi-gcc/9.3.1-2020q2-windows/bin/../lib/gcc/arm-none-eabi/9.3.1/../../../../arm-none-eabi/lib/thumb/v7-m/nofp\libc.a(lib_a-vfprintf.o)
 .text.__swsetup_r
                0x00085264       0xd0 c:/users/roxanne/desktop/programming/adkit/tools/arm-none-eabi-gcc/9.3.1-2020q2-windows/bin/../lib/gcc/arm-none-eabi/9.3.1/../../../../arm-none-eabi/lib/thumb/v7-m/nofp\libc.a(lib_a-wsetup.o)
                0x00085264                __swsetup_r
 .text.startup.register_fini
                0x00085334       0x14 c:/users/roxanne/desktop/programming/adkit/tools/arm-none-eabi-gcc/9.3.1-2020q2-windows/bin/../lib/gcc/arm-none-eabi/9.3.1/../../../../arm-none-eabi/lib/thumb/v7-m/nofp\libc.a(lib_a-__call_atexit.o)
 .text.atexit   0x00085348        0xc c:/users/roxanne/desktop/programming/adkit/tools/arm-none-eabi-gcc/9.3.1-2020q2-windows/bin/../lib/gcc/arm-none-eabi/9.3.1/../../../../arm-none-eabi/lib/thumb/v7-m/nofp\libc.a(lib_a-atexit.o)
                0x00085348                atexit
 .text.quorem   0x00085354      0x120 c:/users/roxanne/desktop/programming/adkit/tools/arm-none-eabi-gcc/9.3.1-2020q2-windows/bin/../lib/gcc/arm-none-eabi/9.3.1/../../../../arm-none-eabi/lib/thumb/v7-m/nofp\libc.a(lib_a-dtoa.o)
 *fill*         0x00085474        0x4 
 .text._dtoa_r  0x00085478      0xec8 c:/users/roxanne/desktop/programming/adkit/tools/arm-none-eabi-gcc/9.3.1-2020q2-windows/bin/../lib/gcc/arm-none-eabi/9.3.1/../../../../arm-none-eabi/lib/thumb/v7-m/nofp\libc.a(lib_a-dtoa.o)
                0x00085478                _dtoa_r
 .text.__sflush_r
                0x00086340      0x130 c:/users/roxanne/desktop/programming/adkit/tools/arm-none-eabi-gcc/9.3.1-2020q2-windows/bin/../lib/gcc/arm-none-eabi/9.3.1/../../../../arm-none-eabi/lib/thumb/v7-m/nofp\libc.a(lib_a-fflush.o)
                0x00086340                __sflush_r
 .text._fflush_r
                0x00086470       0x5c c:/users/roxanne/desktop/programming/adkit/tools/arm-none-eabi-gcc/9.3.1-2020q2-windows/bin/../lib/gcc/arm-none-eabi/9.3.1/../../../../arm-none-eabi/lib/thumb/v7-m/nofp\libc.a(lib_a-fflush.o)
                0x00086470                _fflush_r
 .text.std      0x000864cc       0x50 c:/users/roxanne/desktop/programming/adkit/tools/arm-none-eabi-gcc/9.3.1-2020q2-windows/bin/../lib/gcc/arm-none-eabi/9.3.1/../../../../arm-none-eabi/lib/thumb/v7-m/nofp\libc.a(lib_a-findfp.o)
 .text._cleanup_r
                0x0008651c        0xc c:/users/roxanne/desktop/programming/adkit/tools/arm-none-eabi-gcc/9.3.1-2020q2-windows/bin/../lib/gcc/arm-none-eabi/9.3.1/../../../../arm-none-eabi/lib/thumb/v7-m/nofp\libc.a(lib_a-findfp.o)
                0x0008651c                _cleanup_r
 .text.__sinit  0x00086528       0x5c c:/users/roxanne/desktop/programming/adkit/tools/arm-none-eabi-gcc/9.3.1-2020q2-windows/bin/../lib/gcc/arm-none-eabi/9.3.1/../../../../arm-none-eabi/lib/thumb/v7-m/nofp\libc.a(lib_a-findfp.o)
                0x00086528                __sinit
 .text.__sfp_lock_acquire
                0x00086584        0xc c:/users/roxanne/desktop/programming/adkit/tools/arm-none-eabi-gcc/9.3.1-2020q2-windows/bin/../lib/gcc/arm-none-eabi/9.3.1/../../../../arm-none-eabi/lib/thumb/v7-m/nofp\libc.a(lib_a-findfp.o)
                0x00086584                __sfp_lock_acquire
 .text.__sfp_lock_release
                0x00086590        0xc c:/users/roxanne/desktop/programming/adkit/tools/arm-none-eabi-gcc/9.3.1-2020q2-windows/bin/../lib/gcc/arm-none-eabi/9.3.1/../../../../arm-none-eabi/lib/thumb/v7-m/nofp\libc.a(lib_a-findfp.o)
                0x00086590                __sfp_lock_release
 .text.__libc_fini_array
                0x0008659c       0x2c c:/users/roxanne/desktop/programming/adkit/tools/arm-none-eabi-gcc/9.3.1-2020q2-windows/bin/../lib/gcc/arm-none-eabi/9.3.1/../../../../arm-none-eabi/lib/thumb/v7-m/nofp\libc.a(lib_a-fini.o)
                0x0008659c                __libc_fini_array
 .text.__fputwc
                0x000865c8       0xa0 c:/users/roxanne/desktop/programming/adkit/tools/arm-none-eabi-gcc/9.3.1-2020q2-windows/bin/../lib/gcc/arm-none-eabi/9.3.1/../../../../arm-none-eabi/lib/thumb/v7-m/nofp\libc.a(lib_a-fputwc.o)
                0x000865c8                __fputwc
 .text._fputwc_r
                0x00086668       0x68 c:/users/roxanne/desktop/programming/adkit/tools/arm-none-eabi-gcc/9.3.1-2020q2-windows/bin/../lib/gcc/arm-none-eabi/9.3.1/../../../../arm-none-eabi/lib/thumb/v7-m/nofp\libc.a(lib_a-fputwc.o)
                0x00086668                _fputwc_r
 .text._malloc_trim_r
                0x000866d0       0xa0 c:/users/roxanne/desktop/programming/adkit/tools/arm-none-eabi-gcc/9.3.1-2020q2-windows/bin/../lib/gcc/arm-none-eabi/9.3.1/../../../../arm-none-eabi/lib/thumb/v7-m/nofp\libc.a(lib_a-freer.o)
                0x000866d0                _malloc_trim_r
 .text._free_r  0x00086770      0x20c c:/users/roxanne/desktop/programming/adkit/tools/arm-none-eabi-gcc/9.3.1-2020q2-windows/bin/../lib/gcc/arm-none-eabi/9.3.1/../../../../arm-none-eabi/lib/thumb/v7-m/nofp\libc.a(lib_a-freer.o)
                0x00086770                _free_r
 .text.__sfvwrite_r
                0x0008697c      0x2ec c:/users/roxanne/desktop/programming/adkit/tools/arm-none-eabi-gcc/9.3.1-2020q2-windows/bin/../lib/gcc/arm-none-eabi/9.3.1/../../../../arm-none-eabi/lib/thumb/v7-m/nofp\libc.a(lib_a-fvwrite.o)
                0x0008697c                __sfvwrite_r
 .text._fwalk_reent
                0x00086c68       0x48 c:/users/roxanne/desktop/programming/adkit/tools/arm-none-eabi-gcc/9.3.1-2020q2-windows/bin/../lib/gcc/arm-none-eabi/9.3.1/../../../../arm-none-eabi/lib/thumb/v7-m/nofp\libc.a(lib_a-fwalk.o)
                0x00086c68                _fwalk_reent
 .text.__locale_mb_cur_max
                0x00086cb0        0xc c:/users/roxanne/desktop/programming/adkit/tools/arm-none-eabi-gcc/9.3.1-2020q2-windows/bin/../lib/gcc/arm-none-eabi/9.3.1/../../../../arm-none-eabi/lib/thumb/v7-m/nofp\libc.a(lib_a-locale.o)
                0x00086cb0                __locale_mb_cur_max
 .text._localeconv_r
                0x00086cbc        0x8 c:/users/roxanne/desktop/programming/adkit/tools/arm-none-eabi-gcc/9.3.1-2020q2-windows/bin/../lib/gcc/arm-none-eabi/9.3.1/../../../../arm-none-eabi/lib/thumb/v7-m/nofp\libc.a(lib_a-localeconv.o)
                0x00086cbc                _localeconv_r
 .text.__retarget_lock_init_recursive
                0x00086cc4        0x4 c:/users/roxanne/desktop/programming/adkit/tools/arm-none-eabi-gcc/9.3.1-2020q2-windows/bin/../lib/gcc/arm-none-eabi/9.3.1/../../../../arm-none-eabi/lib/thumb/v7-m/nofp\libc.a(lib_a-lock.o)
                0x00086cc4                __retarget_lock_init_recursive
 .text.__retarget_lock_close_recursive
                0x00086cc8        0x4 c:/users/roxanne/desktop/programming/adkit/tools/arm-none-eabi-gcc/9.3.1-2020q2-windows/bin/../lib/gcc/arm-none-eabi/9.3.1/../../../../arm-none-eabi/lib/thumb/v7-m/nofp\libc.a(lib_a-lock.o)
                0x00086cc8                __retarget_lock_close_recursive
 .text.__retarget_lock_acquire_recursive
                0x00086ccc        0x4 c:/users/roxanne/desktop/programming/adkit/tools/arm-none-eabi-gcc/9.3.1-2020q2-windows/bin/../lib/gcc/arm-none-eabi/9.3.1/../../../../arm-none-eabi/lib/thumb/v7-m/nofp\libc.a(lib_a-lock.o)
                0x00086ccc                __retarget_lock_acquire_recursive
 .text.__retarget_lock_release_recursive
                0x00086cd0        0x4 c:/users/roxanne/desktop/programming/adkit/tools/arm-none-eabi-gcc/9.3.1-2020q2-windows/bin/../lib/gcc/arm-none-eabi/9.3.1/../../../../arm-none-eabi/lib/thumb/v7-m/nofp\libc.a(lib_a-lock.o)
                0x00086cd0                __retarget_lock_release_recursive
 .text.__swhatbuf_r
                0x00086cd4       0x5c c:/users/roxanne/desktop/programming/adkit/tools/arm-none-eabi-gcc/9.3.1-2020q2-windows/bin/../lib/gcc/arm-none-eabi/9.3.1/../../../../arm-none-eabi/lib/thumb/v7-m/nofp\libc.a(lib_a-makebuf.o)
                0x00086cd4                __swhatbuf_r
 .text.__smakebuf_r
                0x00086d30       0x94 c:/users/roxanne/desktop/programming/adkit/tools/arm-none-eabi-gcc/9.3.1-2020q2-windows/bin/../lib/gcc/arm-none-eabi/9.3.1/../../../../arm-none-eabi/lib/thumb/v7-m/nofp\libc.a(lib_a-makebuf.o)
                0x00086d30                __smakebuf_r
 .text._malloc_r
                0x00086dc4      0x55c c:/users/roxanne/desktop/programming/adkit/tools/arm-none-eabi-gcc/9.3.1-2020q2-windows/bin/../lib/gcc/arm-none-eabi/9.3.1/../../../../arm-none-eabi/lib/thumb/v7-m/nofp\libc.a(lib_a-mallocr.o)
                0x00086dc4                _malloc_r
 .text.__ascii_mbtowc
                0x00087320       0x2c c:/users/roxanne/desktop/programming/adkit/tools/arm-none-eabi-gcc/9.3.1-2020q2-windows/bin/../lib/gcc/arm-none-eabi/9.3.1/../../../../arm-none-eabi/lib/thumb/v7-m/nofp\libc.a(lib_a-mbtowc_r.o)
                0x00087320                __ascii_mbtowc
 .text.memchr   0x0008734c       0x80 c:/users/roxanne/desktop/programming/adkit/tools/arm-none-eabi-gcc/9.3.1-2020q2-windows/bin/../lib/gcc/arm-none-eabi/9.3.1/../../../../arm-none-eabi/lib/thumb/v7-m/nofp\libc.a(lib_a-memchr-stub.o)
                0x0008734c                memchr
 .text.memmove  0x000873cc       0xd4 c:/users/roxanne/desktop/programming/adkit/tools/arm-none-eabi-gcc/9.3.1-2020q2-windows/bin/../lib/gcc/arm-none-eabi/9.3.1/../../../../arm-none-eabi/lib/thumb/v7-m/nofp\libc.a(lib_a-memmove.o)
                0x000873cc                memmove
 .text.__malloc_lock
                0x000874a0        0xc c:/users/roxanne/desktop/programming/adkit/tools/arm-none-eabi-gcc/9.3.1-2020q2-windows/bin/../lib/gcc/arm-none-eabi/9.3.1/../../../../arm-none-eabi/lib/thumb/v7-m/nofp\libc.a(lib_a-mlock.o)
                0x000874a0                __malloc_lock
 .text.__malloc_unlock
                0x000874ac        0xc c:/users/roxanne/desktop/programming/adkit/tools/arm-none-eabi-gcc/9.3.1-2020q2-windows/bin/../lib/gcc/arm-none-eabi/9.3.1/../../../../arm-none-eabi/lib/thumb/v7-m/nofp\libc.a(lib_a-mlock.o)
                0x000874ac                __malloc_unlock
 .text._Balloc  0x000874b8       0x4c c:/users/roxanne/desktop/programming/adkit/tools/arm-none-eabi-gcc/9.3.1-2020q2-windows/bin/../lib/gcc/arm-none-eabi/9.3.1/../../../../arm-none-eabi/lib/thumb/v7-m/nofp\libc.a(lib_a-mprec.o)
                0x000874b8                _Balloc
 .text._Bfree   0x00087504       0x14 c:/users/roxanne/desktop/programming/adkit/tools/arm-none-eabi-gcc/9.3.1-2020q2-windows/bin/../lib/gcc/arm-none-eabi/9.3.1/../../../../arm-none-eabi/lib/thumb/v7-m/nofp\libc.a(lib_a-mprec.o)
                0x00087504                _Bfree
 .text.__multadd
                0x00087518       0x9c c:/users/roxanne/desktop/programming/adkit/tools/arm-none-eabi-gcc/9.3.1-2020q2-windows/bin/../lib/gcc/arm-none-eabi/9.3.1/../../../../arm-none-eabi/lib/thumb/v7-m/nofp\libc.a(lib_a-mprec.o)
                0x00087518                __multadd
 .text.__hi0bits
                0x000875b4       0x40 c:/users/roxanne/desktop/programming/adkit/tools/arm-none-eabi-gcc/9.3.1-2020q2-windows/bin/../lib/gcc/arm-none-eabi/9.3.1/../../../../arm-none-eabi/lib/thumb/v7-m/nofp\libc.a(lib_a-mprec.o)
                0x000875b4                __hi0bits
 .text.__lo0bits
                0x000875f4       0x60 c:/users/roxanne/desktop/programming/adkit/tools/arm-none-eabi-gcc/9.3.1-2020q2-windows/bin/../lib/gcc/arm-none-eabi/9.3.1/../../../../arm-none-eabi/lib/thumb/v7-m/nofp\libc.a(lib_a-mprec.o)
                0x000875f4                __lo0bits
 .text.__i2b    0x00087654       0x2c c:/users/roxanne/desktop/programming/adkit/tools/arm-none-eabi-gcc/9.3.1-2020q2-windows/bin/../lib/gcc/arm-none-eabi/9.3.1/../../../../arm-none-eabi/lib/thumb/v7-m/nofp\libc.a(lib_a-mprec.o)
                0x00087654                __i2b
 .text.__multiply
                0x00087680      0x160 c:/users/roxanne/desktop/programming/adkit/tools/arm-none-eabi-gcc/9.3.1-2020q2-windows/bin/../lib/gcc/arm-none-eabi/9.3.1/../../../../arm-none-eabi/lib/thumb/v7-m/nofp\libc.a(lib_a-mprec.o)
                0x00087680                __multiply
 .text.__pow5mult
                0x000877e0       0x98 c:/users/roxanne/desktop/programming/adkit/tools/arm-none-eabi-gcc/9.3.1-2020q2-windows/bin/../lib/gcc/arm-none-eabi/9.3.1/../../../../arm-none-eabi/lib/thumb/v7-m/nofp\libc.a(lib_a-mprec.o)
                0x000877e0                __pow5mult
 .text.__lshift
                0x00087878       0xe8 c:/users/roxanne/desktop/programming/adkit/tools/arm-none-eabi-gcc/9.3.1-2020q2-windows/bin/../lib/gcc/arm-none-eabi/9.3.1/../../../../arm-none-eabi/lib/thumb/v7-m/nofp\libc.a(lib_a-mprec.o)
                0x00087878                __lshift
 .text.__mcmp   0x00087960       0x3c c:/users/roxanne/desktop/programming/adkit/tools/arm-none-eabi-gcc/9.3.1-2020q2-windows/bin/../lib/gcc/arm-none-eabi/9.3.1/../../../../arm-none-eabi/lib/thumb/v7-m/nofp\libc.a(lib_a-mprec.o)
                0x00087960                __mcmp
 .text.__mdiff  0x0008799c      0x150 c:/users/roxanne/desktop/programming/adkit/tools/arm-none-eabi-gcc/9.3.1-2020q2-windows/bin/../lib/gcc/arm-none-eabi/9.3.1/../../../../arm-none-eabi/lib/thumb/v7-m/nofp\libc.a(lib_a-mprec.o)
                0x0008799c                __mdiff
 .text.__d2b    0x00087aec       0xc4 c:/users/roxanne/desktop/programming/adkit/tools/arm-none-eabi-gcc/9.3.1-2020q2-windows/bin/../lib/gcc/arm-none-eabi/9.3.1/../../../../arm-none-eabi/lib/thumb/v7-m/nofp\libc.a(lib_a-mprec.o)
                0x00087aec                __d2b
 .text._putc_r  0x00087bb0       0x74 c:/users/roxanne/desktop/programming/adkit/tools/arm-none-eabi-gcc/9.3.1-2020q2-windows/bin/../lib/gcc/arm-none-eabi/9.3.1/../../../../arm-none-eabi/lib/thumb/v7-m/nofp\libc.a(lib_a-putc.o)
                0x00087bb0                _putc_r
 .text._realloc_r
                0x00087c24      0x3e0 c:/users/roxanne/desktop/programming/adkit/tools/arm-none-eabi-gcc/9.3.1-2020q2-windows/bin/../lib/gcc/arm-none-eabi/9.3.1/../../../../arm-none-eabi/lib/thumb/v7-m/nofp\libc.a(lib_a-reallocr.o)
                0x00087c24                _realloc_r
 .text.frexp    0x00088004       0x70 c:/users/roxanne/desktop/programming/adkit/tools/arm-none-eabi-gcc/9.3.1-2020q2-windows/bin/../lib/gcc/arm-none-eabi/9.3.1/../../../../arm-none-eabi/lib/thumb/v7-m/nofp\libc.a(lib_a-s_frexp.o)
                0x00088004                frexp
 .text._sbrk_r  0x00088074       0x24 c:/users/roxanne/desktop/programming/adkit/tools/arm-none-eabi-gcc/9.3.1-2020q2-windows/bin/../lib/gcc/arm-none-eabi/9.3.1/../../../../arm-none-eabi/lib/thumb/v7-m/nofp\libc.a(lib_a-sbrkr.o)
                0x00088074                _sbrk_r
 .text.__sread  0x00088098       0x24 c:/users/roxanne/desktop/programming/adkit/tools/arm-none-eabi-gcc/9.3.1-2020q2-windows/bin/../lib/gcc/arm-none-eabi/9.3.1/../../../../arm-none-eabi/lib/thumb/v7-m/nofp\libc.a(lib_a-stdio.o)
                0x00088098                __sread
 .text.__swrite
                0x000880bc       0x40 c:/users/roxanne/desktop/programming/adkit/tools/arm-none-eabi-gcc/9.3.1-2020q2-windows/bin/../lib/gcc/arm-none-eabi/9.3.1/../../../../arm-none-eabi/lib/thumb/v7-m/nofp\libc.a(lib_a-stdio.o)
                0x000880bc                __swrite
 .text.__sseek  0x000880fc       0x20 c:/users/roxanne/desktop/programming/adkit/tools/arm-none-eabi-gcc/9.3.1-2020q2-windows/bin/../lib/gcc/arm-none-eabi/9.3.1/../../../../arm-none-eabi/lib/thumb/v7-m/nofp\libc.a(lib_a-stdio.o)
                0x000880fc                __sseek
 .text.__sclose
                0x0008811c        0x8 c:/users/roxanne/desktop/programming/adkit/tools/arm-none-eabi-gcc/9.3.1-2020q2-windows/bin/../lib/gcc/arm-none-eabi/9.3.1/../../../../arm-none-eabi/lib/thumb/v7-m/nofp\libc.a(lib_a-stdio.o)
                0x0008811c                __sclose
 .text.strncpy  0x00088124       0x68 c:/users/roxanne/desktop/programming/adkit/tools/arm-none-eabi-gcc/9.3.1-2020q2-windows/bin/../lib/gcc/arm-none-eabi/9.3.1/../../../../arm-none-eabi/lib/thumb/v7-m/nofp\libc.a(lib_a-strncpy.o)
                0x00088124                strncpy
 .text.__swbuf_r
                0x0008818c       0xb0 c:/users/roxanne/desktop/programming/adkit/tools/arm-none-eabi-gcc/9.3.1-2020q2-windows/bin/../lib/gcc/arm-none-eabi/9.3.1/../../../../arm-none-eabi/lib/thumb/v7-m/nofp\libc.a(lib_a-wbuf.o)
                0x0008818c                __swbuf_r
 .text._wcrtomb_r
                0x0008823c       0x3c c:/users/roxanne/desktop/programming/adkit/tools/arm-none-eabi-gcc/9.3.1-2020q2-windows/bin/../lib/gcc/arm-none-eabi/9.3.1/../../../../arm-none-eabi/lib/thumb/v7-m/nofp\libc.a(lib_a-wcrtomb.o)
                0x0008823c                _wcrtomb_r
 .text.__ascii_wctomb
                0x00088278       0x1c c:/users/roxanne/desktop/programming/adkit/tools/arm-none-eabi-gcc/9.3.1-2020q2-windows/bin/../lib/gcc/arm-none-eabi/9.3.1/../../../../arm-none-eabi/lib/thumb/v7-m/nofp\libc.a(lib_a-wctomb_r.o)
                0x00088278                __ascii_wctomb
 .text._write_r
                0x00088294       0x2c c:/users/roxanne/desktop/programming/adkit/tools/arm-none-eabi-gcc/9.3.1-2020q2-windows/bin/../lib/gcc/arm-none-eabi/9.3.1/../../../../arm-none-eabi/lib/thumb/v7-m/nofp\libc.a(lib_a-writer.o)
                0x00088294                _write_r
 .text.__register_exitproc
                0x000882c0       0x8c c:/users/roxanne/desktop/programming/adkit/tools/arm-none-eabi-gcc/9.3.1-2020q2-windows/bin/../lib/gcc/arm-none-eabi/9.3.1/../../../../arm-none-eabi/lib/thumb/v7-m/nofp\libc.a(lib_a-__atexit.o)
                0x000882c0                __register_exitproc
 .text._calloc_r
                0x0008834c       0x60 c:/users/roxanne/desktop/programming/adkit/tools/arm-none-eabi-gcc/9.3.1-2020q2-windows/bin/../lib/gcc/arm-none-eabi/9.3.1/../../../../arm-none-eabi/lib/thumb/v7-m/nofp\libc.a(lib_a-callocr.o)
                0x0008834c                _calloc_r
 .text._close_r
                0x000883ac       0x24 c:/users/roxanne/desktop/programming/adkit/tools/arm-none-eabi-gcc/9.3.1-2020q2-windows/bin/../lib/gcc/arm-none-eabi/9.3.1/../../../../arm-none-eabi/lib/thumb/v7-m/nofp\libc.a(lib_a-closer.o)
                0x000883ac                _close_r
 .text._fclose_r
                0x000883d0       0xcc c:/users/roxanne/desktop/programming/adkit/tools/arm-none-eabi-gcc/9.3.1-2020q2-windows/bin/../lib/gcc/arm-none-eabi/9.3.1/../../../../arm-none-eabi/lib/thumb/v7-m/nofp\libc.a(lib_a-fclose.o)
                0x000883d0                _fclose_r
 .text._fstat_r
                0x0008849c       0x2c c:/users/roxanne/desktop/programming/adkit/tools/arm-none-eabi-gcc/9.3.1-2020q2-windows/bin/../lib/gcc/arm-none-eabi/9.3.1/../../../../arm-none-eabi/lib/thumb/v7-m/nofp\libc.a(lib_a-fstatr.o)
                0x0008849c                _fstat_r
 .text._isatty_r
                0x000884c8       0x24 c:/users/roxanne/desktop/programming/adkit/tools/arm-none-eabi-gcc/9.3.1-2020q2-windows/bin/../lib/gcc/arm-none-eabi/9.3.1/../../../../arm-none-eabi/lib/thumb/v7-m/nofp\libc.a(lib_a-isattyr.o)
                0x000884c8                _isatty_r
 .text._lseek_r
                0x000884ec       0x2c c:/users/roxanne/desktop/programming/adkit/tools/arm-none-eabi-gcc/9.3.1-2020q2-windows/bin/../lib/gcc/arm-none-eabi/9.3.1/../../../../arm-none-eabi/lib/thumb/v7-m/nofp\libc.a(lib_a-lseekr.o)
                0x000884ec                _lseek_r
 .text._read_r  0x00088518       0x2c c:/users/roxanne/desktop/programming/adkit/tools/arm-none-eabi-gcc/9.3.1-2020q2-windows/bin/../lib/gcc/arm-none-eabi/9.3.1/../../../../arm-none-eabi/lib/thumb/v7-m/nofp\libc.a(lib_a-readr.o)
                0x00088518                _read_r
 .text          0x00088544       0x50 c:/users/roxanne/desktop/programming/adkit/tools/arm-none-eabi-gcc/9.3.1-2020q2-windows/bin/../lib/gcc/arm-none-eabi/9.3.1/thumb/v7-m/nofp\libgcc.a(_arm_fixdfsi.o)
                0x00088544                __aeabi_d2iz
                0x00088544                __fixdfsi
 .text          0x00088594       0x30 c:/users/roxanne/desktop/programming/adkit/tools/arm-none-eabi-gcc/9.3.1-2020q2-windows/bin/../lib/gcc/arm-none-eabi/9.3.1/thumb/v7-m/nofp\libgcc.a(_aeabi_uldivmod.o)
                0x00088594                __aeabi_uldivmod
 .text          0x000885c4      0x2c4 c:/users/roxanne/desktop/programming/adkit/tools/arm-none-eabi-gcc/9.3.1-2020q2-windows/bin/../lib/gcc/arm-none-eabi/9.3.1/thumb/v7-m/nofp\libgcc.a(_udivmoddi4.o)
                0x000885c4                __udivmoddi4
 .text          0x00088888        0x4 c:/users/roxanne/desktop/programming/adkit/tools/arm-none-eabi-gcc/9.3.1-2020q2-windows/bin/../lib/gcc/arm-none-eabi/9.3.1/thumb/v7-m/nofp\libgcc.a(_dvmd_tls.o)
                0x00088888                __aeabi_idiv0
                0x00088888                __aeabi_ldiv0
 *(.glue_7t)
 .glue_7t       0x0008888c        0x0 linker stubs
 *(.glue_7)
 .glue_7        0x0008888c        0x0 linker stubs
 *(.rodata .rodata* .gnu.linkonce.r.*)
 .rodata.main.str1.1
                0x0008888c       0x37 build/asciz.a(main.o)
 *fill*         0x000888c3        0x1 
 .rodata._ZTV9UARTClass
                0x000888c4       0x2c ../../lib/ArduinoCore-sam/out/sam.a(UARTClass.o)
                0x000888c4                vtable for UARTClass
 .rodata.g_APinDescription
                0x000888f0      0xa2c ../../lib/ArduinoCore-sam/out/sam.a(variant.o)
                0x000888f0                g_APinDescription
 .rodata._ZTV10USARTClass
                0x0008931c       0x2c ../../lib/ArduinoCore-sam/out/sam.a(USARTClass.o)
                0x0008931c                vtable for USARTClass
 .rodata        0x00089348       0x40 ../../lib/ArduinoCore-sam/variants/arduino_due_x/libsam_sam3x8e_gcc_rel.a(adc.o)
 .rodata.__assert_func.str1.4
                0x00089388       0x3f c:/users/roxanne/desktop/programming/adkit/tools/arm-none-eabi-gcc/9.3.1-2020q2-windows/bin/../lib/gcc/arm-none-eabi/9.3.1/../../../../arm-none-eabi/lib/thumb/v7-m/nofp\libc.a(lib_a-assert.o)
                                 0x43 (size before relaxing)
 *fill*         0x000893c7        0x1 
 .rodata._global_impure_ptr
                0x000893c8        0x4 c:/users/roxanne/desktop/programming/adkit/tools/arm-none-eabi-gcc/9.3.1-2020q2-windows/bin/../lib/gcc/arm-none-eabi/9.3.1/../../../../arm-none-eabi/lib/thumb/v7-m/nofp\libc.a(lib_a-impure.o)
                0x000893c8                _global_impure_ptr
 .rodata._vfiprintf_r.str1.4
                0x000893cc       0x2f c:/users/roxanne/desktop/programming/adkit/tools/arm-none-eabi-gcc/9.3.1-2020q2-windows/bin/../lib/gcc/arm-none-eabi/9.3.1/../../../../arm-none-eabi/lib/thumb/v7-m/nofp\libc.a(lib_a-vfiprintf.o)
 *fill*         0x000893fb        0x1 
 .rodata.blanks.7328
                0x000893fc       0x10 c:/users/roxanne/desktop/programming/adkit/tools/arm-none-eabi-gcc/9.3.1-2020q2-windows/bin/../lib/gcc/arm-none-eabi/9.3.1/../../../../arm-none-eabi/lib/thumb/v7-m/nofp\libc.a(lib_a-vfiprintf.o)
 .rodata.zeroes.7329
                0x0008940c       0x10 c:/users/roxanne/desktop/programming/adkit/tools/arm-none-eabi-gcc/9.3.1-2020q2-windows/bin/../lib/gcc/arm-none-eabi/9.3.1/../../../../arm-none-eabi/lib/thumb/v7-m/nofp\libc.a(lib_a-vfiprintf.o)
 .rodata._vfprintf_r.str1.4
                0x0008941c       0x12 c:/users/roxanne/desktop/programming/adkit/tools/arm-none-eabi-gcc/9.3.1-2020q2-windows/bin/../lib/gcc/arm-none-eabi/9.3.1/../../../../arm-none-eabi/lib/thumb/v7-m/nofp\libc.a(lib_a-vfprintf.o)
                                 0x42 (size before relaxing)
 *fill*         0x0008942e        0x2 
 .rodata.blanks.7350
                0x00089430       0x10 c:/users/roxanne/desktop/programming/adkit/tools/arm-none-eabi-gcc/9.3.1-2020q2-windows/bin/../lib/gcc/arm-none-eabi/9.3.1/../../../../arm-none-eabi/lib/thumb/v7-m/nofp\libc.a(lib_a-vfprintf.o)
 .rodata.zeroes.7351
                0x00089440       0x10 c:/users/roxanne/desktop/programming/adkit/tools/arm-none-eabi-gcc/9.3.1-2020q2-windows/bin/../lib/gcc/arm-none-eabi/9.3.1/../../../../arm-none-eabi/lib/thumb/v7-m/nofp\libc.a(lib_a-vfprintf.o)
 .rodata._dtoa_r.str1.4
                0x00089450       0xa0 c:/users/roxanne/desktop/programming/adkit/tools/arm-none-eabi-gcc/9.3.1-2020q2-windows/bin/../lib/gcc/arm-none-eabi/9.3.1/../../../../arm-none-eabi/lib/thumb/v7-m/nofp\libc.a(lib_a-dtoa.o)
                                 0xa4 (size before relaxing)
 .rodata._setlocale_r.str1.4
                0x000894f0        0xa c:/users/roxanne/desktop/programming/adkit/tools/arm-none-eabi-gcc/9.3.1-2020q2-windows/bin/../lib/gcc/arm-none-eabi/9.3.1/../../../../arm-none-eabi/lib/thumb/v7-m/nofp\libc.a(lib_a-locale.o)
                                  0xd (size before relaxing)
 *fill*         0x000894fa        0x2 
 .rodata.str1.4
                0x000894fc        0x2 c:/users/roxanne/desktop/programming/adkit/tools/arm-none-eabi-gcc/9.3.1-2020q2-windows/bin/../lib/gcc/arm-none-eabi/9.3.1/../../../../arm-none-eabi/lib/thumb/v7-m/nofp\libc.a(lib_a-locale.o)
 *fill*         0x000894fe        0x2 
 .rodata.__multadd.str1.4
                0x00089500       0x7d c:/users/roxanne/desktop/programming/adkit/tools/arm-none-eabi-gcc/9.3.1-2020q2-windows/bin/../lib/gcc/arm-none-eabi/9.3.1/../../../../arm-none-eabi/lib/thumb/v7-m/nofp\libc.a(lib_a-mprec.o)
                                 0x91 (size before relaxing)
 *fill*         0x0008957d        0x3 
 .rodata.__mprec_bigtens
                0x00089580       0x28 c:/users/roxanne/desktop/programming/adkit/tools/arm-none-eabi-gcc/9.3.1-2020q2-windows/bin/../lib/gcc/arm-none-eabi/9.3.1/../../../../arm-none-eabi/lib/thumb/v7-m/nofp\libc.a(lib_a-mprec.o)
                0x00089580                __mprec_bigtens
 .rodata.__mprec_tens
                0x000895a8       0xc8 c:/users/roxanne/desktop/programming/adkit/tools/arm-none-eabi-gcc/9.3.1-2020q2-windows/bin/../lib/gcc/arm-none-eabi/9.3.1/../../../../arm-none-eabi/lib/thumb/v7-m/nofp\libc.a(lib_a-mprec.o)
                0x000895a8                __mprec_tens
 .rodata.p05.6122
                0x00089670        0xc c:/users/roxanne/desktop/programming/adkit/tools/arm-none-eabi-gcc/9.3.1-2020q2-windows/bin/../lib/gcc/arm-none-eabi/9.3.1/../../../../arm-none-eabi/lib/thumb/v7-m/nofp\libc.a(lib_a-mprec.o)
 .rodata._ctype_
                0x0008967c      0x101 c:/users/roxanne/desktop/programming/adkit/tools/arm-none-eabi-gcc/9.3.1-2020q2-windows/bin/../lib/gcc/arm-none-eabi/9.3.1/../../../../arm-none-eabi/lib/thumb/v7-m/nofp\libc.a(lib_a-ctype_.o)
                0x0008967c                _ctype_
 *(.ARM.extab* .gnu.linkonce.armextab.*)
 *fill*         0x0008977d        0x3 
 .ARM.extab     0x00089780       0x18 c:/users/roxanne/desktop/programming/adkit/tools/arm-none-eabi-gcc/9.3.1-2020q2-windows/bin/../lib/gcc/arm-none-eabi/9.3.1/thumb/v7-m/nofp\libgcc.a(pr-support.o)
                0x00089798                . = ALIGN (0x4)
 *(.init)
 .init          0x00089798        0x4 c:/users/roxanne/desktop/programming/adkit/tools/arm-none-eabi-gcc/9.3.1-2020q2-windows/bin/../lib/gcc/arm-none-eabi/9.3.1/thumb/v7-m/nofp/crti.o
                0x00089798                _init
 .init          0x0008979c        0x8 c:/users/roxanne/desktop/programming/adkit/tools/arm-none-eabi-gcc/9.3.1-2020q2-windows/bin/../lib/gcc/arm-none-eabi/9.3.1/thumb/v7-m/nofp/crtn.o
                0x000897a4                . = ALIGN (0x4)
                0x000897a4                __preinit_array_start = .
 *(.preinit_array)
                0x000897a4                __preinit_array_end = .
                0x000897a4                . = ALIGN (0x4)
                0x000897a4                __init_array_start = .
 *(SORT_BY_NAME(.init_array.*))
 .init_array.00000
                0x000897a4        0x4 c:/users/roxanne/desktop/programming/adkit/tools/arm-none-eabi-gcc/9.3.1-2020q2-windows/bin/../lib/gcc/arm-none-eabi/9.3.1/../../../../arm-none-eabi/lib/thumb/v7-m/nofp\libc.a(lib_a-__call_atexit.o)
 *(.init_array)
 .init_array    0x000897a8        0x4 c:/users/roxanne/desktop/programming/adkit/tools/arm-none-eabi-gcc/9.3.1-2020q2-windows/bin/../lib/gcc/arm-none-eabi/9.3.1/thumb/v7-m/nofp/crtbegin.o
 .init_array    0x000897ac        0x4 ../../lib/ArduinoCore-sam/out/sam.a(variant.o)
                0x000897b0                __init_array_end = .
                0x000897b0                . = ALIGN (0x4)
 *crtbegin.o(.ctors)
 *(EXCLUDE_FILE(*crtend.o) .ctors)
 *(SORT_BY_NAME(.ctors.*))
 *crtend.o(.ctors)
                0x000897b0                . = ALIGN (0x4)
 *(.fini)
 .fini          0x000897b0        0x4 c:/users/roxanne/desktop/programming/adkit/tools/arm-none-eabi-gcc/9.3.1-2020q2-windows/bin/../lib/gcc/arm-none-eabi/9.3.1/thumb/v7-m/nofp/crti.o
                0x000897b0                _fini
 .fini          0x000897b4        0x8 c:/users/roxanne/desktop/programming/adkit/tools/arm-none-eabi-gcc/9.3.1-2020q2-windows/bin/../lib/gcc/arm-none-eabi/9.3.1/thumb/v7-m/nofp/crtn.o
                0x000897bc                . = ALIGN (0x4)
                0x000897bc                __fini_array_start = .
 *(.fini_array)
 .fini_array    0x000897bc        0x4 c:/users/roxanne/desktop/programming/adkit/tools/arm-none-eabi-gcc/9.3.1-2020q2-windows/bin/../lib/gcc/arm-none-eabi/9.3.1/thumb/v7-m/nofp/crtbegin.o
 *(SORT_BY_NAME(.fini_array.*))
                0x000897c0                __fini_array_end = .
 *crtbegin.o(.dtors)
 *(EXCLUDE_FILE(*crtend.o) .dtors)
 *(SORT_BY_NAME(.dtors.*))
 *crtend.o(.dtors)
                0x000897c0                . = ALIGN (0x4)
                0x000897c0                _efixed = .
                0x000897c0                PROVIDE (__exidx_start = .)

.vfp11_veneer   0x000897c0        0x0
 .vfp11_veneer  0x000897c0        0x0 linker stubs

.v4_bx          0x000897c0        0x0
 .v4_bx         0x000897c0        0x0 linker stubs

.iplt           0x000897c0        0x0
 .iplt          0x000897c0        0x0 c:/users/roxanne/desktop/programming/adkit/tools/arm-none-eabi-gcc/9.3.1-2020q2-windows/bin/../lib/gcc/arm-none-eabi/9.3.1/thumb/v7-m/nofp/crtbegin.o

.igot.plt       0x000897c0        0x0
 .igot.plt      0x000897c0        0x0 c:/users/roxanne/desktop/programming/adkit/tools/arm-none-eabi-gcc/9.3.1-2020q2-windows/bin/../lib/gcc/arm-none-eabi/9.3.1/thumb/v7-m/nofp/crtbegin.o

.ARM.exidx      0x000897c0       0xc8
 *(.ARM.exidx* .gnu.linkonce.armexidx.*)
 .ARM.exidx.text.startup.main
                0x000897c0        0x8 build/asciz.a(main.o)
 .ARM.exidx.text.print_asciz
                0x000897c8        0x8 build/asciz.a(print_asciz.o)
 .ARM.exidx.text.toggle_asciz
                0x000897d0        0x8 build/asciz.a(toggle_asciz.o)
 .ARM.exidx     0x000897d8       0x78 c:/users/roxanne/desktop/programming/adkit/tools/arm-none-eabi-gcc/9.3.1-2020q2-windows/bin/../lib/gcc/arm-none-eabi/9.3.1/thumb/v7-m/nofp\libgcc.a(unwind-arm.o)
                                 0xd8 (size before relaxing)
 .ARM.exidx     0x00089850       0x38 c:/users/roxanne/desktop/programming/adkit/tools/arm-none-eabi-gcc/9.3.1-2020q2-windows/bin/../lib/gcc/arm-none-eabi/9.3.1/thumb/v7-m/nofp\libgcc.a(pr-support.o)
 .ARM.exidx     0x00089888        0x0 c:/users/roxanne/desktop/programming/adkit/tools/arm-none-eabi-gcc/9.3.1-2020q2-windows/bin/../lib/gcc/arm-none-eabi/9.3.1/thumb/v7-m/nofp\libgcc.a(_udivmoddi4.o)
                                  0x8 (size before relaxing)
                0x00089888                PROVIDE (__exidx_end = .)

.eh_frame       0x00089888        0x0
 .eh_frame      0x00089888        0x0 c:/users/roxanne/desktop/programming/adkit/tools/arm-none-eabi-gcc/9.3.1-2020q2-windows/bin/../lib/gcc/arm-none-eabi/9.3.1/thumb/v7-m/nofp/crtbegin.o

.rel.dyn        0x00089888        0x0
 .rel.iplt      0x00089888        0x0 c:/users/roxanne/desktop/programming/adkit/tools/arm-none-eabi-gcc/9.3.1-2020q2-windows/bin/../lib/gcc/arm-none-eabi/9.3.1/thumb/v7-m/nofp/crtbegin.o
                0x00089888                . = ALIGN (0x4)
                0x00089888                _etext = .

.relocate       0x20070000      0x9e8 load address 0x00089888
                0x20070000                . = ALIGN (0x4)
                0x20070000                _srelocate = .
 *(.ramfunc .ramfunc.*)
 .ramfunc       0x20070000       0x30 ../../lib/ArduinoCore-sam/out/sam.a(Reset.o)
                0x20070000                banzai
 *(.data .data.*)
 .data._ZL5ticks
                0x20070030        0x4 ../../lib/ArduinoCore-sam/out/sam.a(Reset.o)
 .data.SystemCoreClock
                0x20070034        0x4 ../../lib/ArduinoCore-sam/variants/arduino_due_x/libsam_sam3x8e_gcc_rel.a(system_sam3xa.o)
                0x20070034                SystemCoreClock
 .data._impure_ptr
                0x20070038        0x4 c:/users/roxanne/desktop/programming/adkit/tools/arm-none-eabi-gcc/9.3.1-2020q2-windows/bin/../lib/gcc/arm-none-eabi/9.3.1/../../../../arm-none-eabi/lib/thumb/v7-m/nofp\libc.a(lib_a-impure.o)
                0x20070038                _impure_ptr
 *fill*         0x2007003c        0x4 
 .data.impure_data
                0x20070040      0x428 c:/users/roxanne/desktop/programming/adkit/tools/arm-none-eabi-gcc/9.3.1-2020q2-windows/bin/../lib/gcc/arm-none-eabi/9.3.1/../../../../arm-none-eabi/lib/thumb/v7-m/nofp\libc.a(lib_a-impure.o)
 .data.__atexit_recursive_mutex
                0x20070468        0x4 c:/users/roxanne/desktop/programming/adkit/tools/arm-none-eabi-gcc/9.3.1-2020q2-windows/bin/../lib/gcc/arm-none-eabi/9.3.1/../../../../arm-none-eabi/lib/thumb/v7-m/nofp\libc.a(lib_a-__call_atexit.o)
                0x20070468                __atexit_recursive_mutex
 .data.__global_locale
                0x2007046c      0x16c c:/users/roxanne/desktop/programming/adkit/tools/arm-none-eabi-gcc/9.3.1-2020q2-windows/bin/../lib/gcc/arm-none-eabi/9.3.1/../../../../arm-none-eabi/lib/thumb/v7-m/nofp\libc.a(lib_a-locale.o)
                0x2007046c                __global_locale
 .data.__malloc_av_
                0x200705d8      0x408 c:/users/roxanne/desktop/programming/adkit/tools/arm-none-eabi-gcc/9.3.1-2020q2-windows/bin/../lib/gcc/arm-none-eabi/9.3.1/../../../../arm-none-eabi/lib/thumb/v7-m/nofp\libc.a(lib_a-mallocr.o)
                0x200705d8                __malloc_av_
 .data.__malloc_sbrk_base
                0x200709e0        0x4 c:/users/roxanne/desktop/programming/adkit/tools/arm-none-eabi-gcc/9.3.1-2020q2-windows/bin/../lib/gcc/arm-none-eabi/9.3.1/../../../../arm-none-eabi/lib/thumb/v7-m/nofp\libc.a(lib_a-mallocr.o)
                0x200709e0                __malloc_sbrk_base
 .data.__malloc_trim_threshold
                0x200709e4        0x4 c:/users/roxanne/desktop/programming/adkit/tools/arm-none-eabi-gcc/9.3.1-2020q2-windows/bin/../lib/gcc/arm-none-eabi/9.3.1/../../../../arm-none-eabi/lib/thumb/v7-m/nofp\libc.a(lib_a-mallocr.o)
                0x200709e4                __malloc_trim_threshold
                0x200709e8                . = ALIGN (0x4)
                0x200709e8                _erelocate = .

.bss            0x200709e8      0x5b0 load address 0x0008a270
                0x200709e8                . = ALIGN (0x4)
                0x200709e8                _sbss = .
                0x200709e8                _szero = .
 *(.bss .bss.*)
 .bss           0x200709e8       0x1c c:/users/roxanne/desktop/programming/adkit/tools/arm-none-eabi-gcc/9.3.1-2020q2-windows/bin/../lib/gcc/arm-none-eabi/9.3.1/thumb/v7-m/nofp/crtbegin.o
 .bss.heap.6674
                0x20070a04        0x4 ../../lib/ArduinoCore-sam/out/sam.a(syscalls_sam3.o)
 .bss.gpf_isr   0x20070a08        0x4 ../../lib/ArduinoCore-sam/variants/arduino_due_x/libsam_sam3x8e_gcc_rel.a(uotghs.o)
                0x20070a08                gpf_isr
 .bss.Serial    0x20070a0c       0x24 ../../lib/ArduinoCore-sam/out/sam.a(variant.o)
                0x20070a0c                Serial
 .bss.Serial1   0x20070a30       0x28 ../../lib/ArduinoCore-sam/out/sam.a(variant.o)
                0x20070a30                Serial1
 .bss.Serial2   0x20070a58       0x28 ../../lib/ArduinoCore-sam/out/sam.a(variant.o)
                0x20070a58                Serial2
 .bss.Serial3   0x20070a80       0x28 ../../lib/ArduinoCore-sam/out/sam.a(variant.o)
                0x20070a80                Serial3
 .bss.g_pinStatus
                0x20070aa8       0x4f ../../lib/ArduinoCore-sam/out/sam.a(variant.o)
                0x20070aa8                g_pinStatus
 *fill*         0x20070af7        0x1 
 .bss.rx_buffer1
                0x20070af8       0x88 ../../lib/ArduinoCore-sam/out/sam.a(variant.o)
                0x20070af8                rx_buffer1
 .bss.rx_buffer2
                0x20070b80       0x88 ../../lib/ArduinoCore-sam/out/sam.a(variant.o)
                0x20070b80                rx_buffer2
 .bss.rx_buffer3
                0x20070c08       0x88 ../../lib/ArduinoCore-sam/out/sam.a(variant.o)
                0x20070c08                rx_buffer3
 .bss.rx_buffer4
                0x20070c90       0x88 ../../lib/ArduinoCore-sam/out/sam.a(variant.o)
                0x20070c90                rx_buffer4
 .bss.tx_buffer1
                0x20070d18       0x88 ../../lib/ArduinoCore-sam/out/sam.a(variant.o)
                0x20070d18                tx_buffer1
 .bss.tx_buffer2
                0x20070da0       0x88 ../../lib/ArduinoCore-sam/out/sam.a(variant.o)
                0x20070da0                tx_buffer2
 .bss.tx_buffer3
                0x20070e28       0x88 ../../lib/ArduinoCore-sam/out/sam.a(variant.o)
                0x20070e28                tx_buffer3
 .bss.tx_buffer4
                0x20070eb0       0x88 ../../lib/ArduinoCore-sam/out/sam.a(variant.o)
                0x20070eb0                tx_buffer4
 .bss._dwTickCount
                0x20070f38        0x4 ../../lib/ArduinoCore-sam/variants/arduino_due_x/libsam_sam3x8e_gcc_rel.a(timetick.o)
 .bss.__malloc_current_mallinfo
                0x20070f3c       0x28 c:/users/roxanne/desktop/programming/adkit/tools/arm-none-eabi-gcc/9.3.1-2020q2-windows/bin/../lib/gcc/arm-none-eabi/9.3.1/../../../../arm-none-eabi/lib/thumb/v7-m/nofp\libc.a(lib_a-mallocr.o)
                0x20070f3c                __malloc_current_mallinfo
 .bss.__malloc_max_sbrked_mem
                0x20070f64        0x4 c:/users/roxanne/desktop/programming/adkit/tools/arm-none-eabi-gcc/9.3.1-2020q2-windows/bin/../lib/gcc/arm-none-eabi/9.3.1/../../../../arm-none-eabi/lib/thumb/v7-m/nofp\libc.a(lib_a-mallocr.o)
                0x20070f64                __malloc_max_sbrked_mem
 .bss.__malloc_max_total_mem
                0x20070f68        0x4 c:/users/roxanne/desktop/programming/adkit/tools/arm-none-eabi-gcc/9.3.1-2020q2-windows/bin/../lib/gcc/arm-none-eabi/9.3.1/../../../../arm-none-eabi/lib/thumb/v7-m/nofp\libc.a(lib_a-mallocr.o)
                0x20070f68                __malloc_max_total_mem
 .bss.__malloc_top_pad
                0x20070f6c        0x4 c:/users/roxanne/desktop/programming/adkit/tools/arm-none-eabi-gcc/9.3.1-2020q2-windows/bin/../lib/gcc/arm-none-eabi/9.3.1/../../../../arm-none-eabi/lib/thumb/v7-m/nofp\libc.a(lib_a-mallocr.o)
                0x20070f6c                __malloc_top_pad
 *(COMMON)
 COMMON         0x20070f70       0x21 c:/users/roxanne/desktop/programming/adkit/tools/arm-none-eabi-gcc/9.3.1-2020q2-windows/bin/../lib/gcc/arm-none-eabi/9.3.1/../../../../arm-none-eabi/lib/thumb/v7-m/nofp\libc.a(lib_a-lock.o)
                0x20070f70                __lock___atexit_recursive_mutex
                0x20070f74                __lock___arc4random_mutex
                0x20070f78                __lock___env_recursive_mutex
                0x20070f7c                __lock___sinit_recursive_mutex
                0x20070f80                __lock___malloc_recursive_mutex
                0x20070f84                __lock___at_quick_exit_mutex
                0x20070f88                __lock___dd_hash_mutex
                0x20070f8c                __lock___tz_mutex
                0x20070f90                __lock___sfp_recursive_mutex
 *fill*         0x20070f91        0x3 
 COMMON         0x20070f94        0x4 c:/users/roxanne/desktop/programming/adkit/tools/arm-none-eabi-gcc/9.3.1-2020q2-windows/bin/../lib/gcc/arm-none-eabi/9.3.1/../../../../arm-none-eabi/lib/thumb/v7-m/nofp\libc.a(lib_a-reent.o)
                0x20070f94                errno
                0x20070f98                . = ALIGN (0x4)
                0x20070f98                _ebss = .
                0x20070f98                _ezero = .
                0x20070f98                . = ALIGN (0x4)
                0x20070f98                _end = .

.stack_dummy    0x20070f98        0x0
 *(.stack*)
                0x20088000                __StackTop = (ORIGIN (ram) + LENGTH (ram))
                0x20088000                __StackLimit = (__StackTop - SIZEOF (.stack_dummy))
                [!provide]                PROVIDE (_sstack = __StackLimit)
                0x20088000                PROVIDE (_estack = __StackTop)
OUTPUT(out/asciz.elf elf32-littlearm)
LOAD linker stubs

.ARM.attributes
                0x00000000       0x29
 .ARM.attributes
                0x00000000       0x1d c:/users/roxanne/desktop/programming/adkit/tools/arm-none-eabi-gcc/9.3.1-2020q2-windows/bin/../lib/gcc/arm-none-eabi/9.3.1/thumb/v7-m/nofp/crti.o
 .ARM.attributes
                0x0000001d       0x2d c:/users/roxanne/desktop/programming/adkit/tools/arm-none-eabi-gcc/9.3.1-2020q2-windows/bin/../lib/gcc/arm-none-eabi/9.3.1/thumb/v7-m/nofp/crtbegin.o
 .ARM.attributes
                0x0000004a       0x2d ../../lib/ArduinoCore-sam/out/sam.a(syscalls_sam3.o)
 .ARM.attributes
                0x00000077       0x33 ../../lib/ArduinoCore-sam/variants/arduino_due_x/libsam_sam3x8e_gcc_rel.a(startup_sam3xa.o)
 .ARM.attributes
                0x000000aa       0x33 ../../lib/ArduinoCore-sam/variants/arduino_due_x/libsam_sam3x8e_gcc_rel.a(uotghs.o)
 .ARM.attributes
                0x000000dd       0x2d build/asciz.a(main.o)
 .ARM.attributes
                0x0000010a       0x2d build/asciz.a(print_asciz.o)
 .ARM.attributes
                0x00000137       0x2d build/asciz.a(toggle_asciz.o)
 .ARM.attributes
                0x00000164       0x21 build/asciz.a(application.o)
 .ARM.attributes
                0x00000185       0x21 build/asciz.a(print_asciz_asm.o)
 .ARM.attributes
                0x000001a6       0x21 build/asciz.a(toggle_asciz_asm.o)
 .ARM.attributes
                0x000001c7       0x2d ../../lib/ArduinoCore-sam/out/sam.a(RingBuffer.o)
 .ARM.attributes
                0x000001f4       0x2d ../../lib/ArduinoCore-sam/out/sam.a(UARTClass.o)
 .ARM.attributes
                0x00000221       0x2d ../../lib/ArduinoCore-sam/out/sam.a(watchdog.o)
 .ARM.attributes
                0x0000024e       0x2d ../../lib/ArduinoCore-sam/out/sam.a(cortex_handlers.o)
 .ARM.attributes
                0x0000027b       0x2d ../../lib/ArduinoCore-sam/out/sam.a(hooks.o)
 .ARM.attributes
                0x000002a8       0x2d ../../lib/ArduinoCore-sam/out/sam.a(wiring.o)
 .ARM.attributes
                0x000002d5       0x2d ../../lib/ArduinoCore-sam/out/sam.a(variant.o)
 .ARM.attributes
                0x00000302       0x2d ../../lib/ArduinoCore-sam/out/sam.a(Print.o)
 .ARM.attributes
                0x0000032f       0x2d ../../lib/ArduinoCore-sam/out/sam.a(Reset.o)
 .ARM.attributes
                0x0000035c       0x2d ../../lib/ArduinoCore-sam/out/sam.a(USARTClass.o)
 .ARM.attributes
                0x00000389       0x2d ../../lib/ArduinoCore-sam/out/sam.a(wiring_analog.o)
 .ARM.attributes
                0x000003b6       0x2d ../../lib/ArduinoCore-sam/out/sam.a(wiring_digital.o)
 .ARM.attributes
                0x000003e3       0x33 ../../lib/ArduinoCore-sam/variants/arduino_due_x/libsam_sam3x8e_gcc_rel.a(pio.o)
 .ARM.attributes
                0x00000416       0x33 ../../lib/ArduinoCore-sam/variants/arduino_due_x/libsam_sam3x8e_gcc_rel.a(pmc.o)
 .ARM.attributes
                0x00000449       0x33 ../../lib/ArduinoCore-sam/variants/arduino_due_x/libsam_sam3x8e_gcc_rel.a(timetick.o)
 .ARM.attributes
                0x0000047c       0x33 ../../lib/ArduinoCore-sam/variants/arduino_due_x/libsam_sam3x8e_gcc_rel.a(wdt.o)
 .ARM.attributes
                0x000004af       0x33 ../../lib/ArduinoCore-sam/variants/arduino_due_x/libsam_sam3x8e_gcc_rel.a(system_sam3xa.o)
 .ARM.attributes
                0x000004e2       0x33 ../../lib/ArduinoCore-sam/variants/arduino_due_x/libsam_sam3x8e_gcc_rel.a(adc.o)
 .ARM.attributes
                0x00000515       0x1d c:/users/roxanne/desktop/programming/adkit/tools/arm-none-eabi-gcc/9.3.1-2020q2-windows/bin/../lib/gcc/arm-none-eabi/9.3.1/thumb/v7-m/nofp\libgcc.a(_arm_addsubdf3.o)
 .ARM.attributes
                0x00000532       0x1d c:/users/roxanne/desktop/programming/adkit/tools/arm-none-eabi-gcc/9.3.1-2020q2-windows/bin/../lib/gcc/arm-none-eabi/9.3.1/thumb/v7-m/nofp\libgcc.a(_arm_muldivdf3.o)
 .ARM.attributes
                0x0000054f       0x1d c:/users/roxanne/desktop/programming/adkit/tools/arm-none-eabi-gcc/9.3.1-2020q2-windows/bin/../lib/gcc/arm-none-eabi/9.3.1/thumb/v7-m/nofp\libgcc.a(_arm_cmpdf2.o)
 .ARM.attributes
                0x0000056c       0x1d c:/users/roxanne/desktop/programming/adkit/tools/arm-none-eabi-gcc/9.3.1-2020q2-windows/bin/../lib/gcc/arm-none-eabi/9.3.1/thumb/v7-m/nofp\libgcc.a(_arm_unorddf2.o)
 .ARM.attributes
                0x00000589       0x2d c:/users/roxanne/desktop/programming/adkit/tools/arm-none-eabi-gcc/9.3.1-2020q2-windows/bin/../lib/gcc/arm-none-eabi/9.3.1/../../../../arm-none-eabi/lib/thumb/v7-m/nofp\libc.a(lib_a-abort.o)
 .ARM.attributes
                0x000005b6       0x2d c:/users/roxanne/desktop/programming/adkit/tools/arm-none-eabi-gcc/9.3.1-2020q2-windows/bin/../lib/gcc/arm-none-eabi/9.3.1/../../../../arm-none-eabi/lib/thumb/v7-m/nofp\libc.a(lib_a-assert.o)
 .ARM.attributes
                0x000005e3       0x2d c:/users/roxanne/desktop/programming/adkit/tools/arm-none-eabi-gcc/9.3.1-2020q2-windows/bin/../lib/gcc/arm-none-eabi/9.3.1/../../../../arm-none-eabi/lib/thumb/v7-m/nofp\libc.a(lib_a-fiprintf.o)
 .ARM.attributes
                0x00000610       0x2d c:/users/roxanne/desktop/programming/adkit/tools/arm-none-eabi-gcc/9.3.1-2020q2-windows/bin/../lib/gcc/arm-none-eabi/9.3.1/../../../../arm-none-eabi/lib/thumb/v7-m/nofp\libc.a(lib_a-impure.o)
 .ARM.attributes
                0x0000063d       0x2d c:/users/roxanne/desktop/programming/adkit/tools/arm-none-eabi-gcc/9.3.1-2020q2-windows/bin/../lib/gcc/arm-none-eabi/9.3.1/../../../../arm-none-eabi/lib/thumb/v7-m/nofp\libc.a(lib_a-init.o)
 .ARM.attributes
                0x0000066a       0x1b c:/users/roxanne/desktop/programming/adkit/tools/arm-none-eabi-gcc/9.3.1-2020q2-windows/bin/../lib/gcc/arm-none-eabi/9.3.1/../../../../arm-none-eabi/lib/thumb/v7-m/nofp\libc.a(lib_a-memcpy.o)
 .ARM.attributes
                0x00000685       0x2d c:/users/roxanne/desktop/programming/adkit/tools/arm-none-eabi-gcc/9.3.1-2020q2-windows/bin/../lib/gcc/arm-none-eabi/9.3.1/../../../../arm-none-eabi/lib/thumb/v7-m/nofp\libc.a(lib_a-memset.o)
 .ARM.attributes
                0x000006b2       0x2d c:/users/roxanne/desktop/programming/adkit/tools/arm-none-eabi-gcc/9.3.1-2020q2-windows/bin/../lib/gcc/arm-none-eabi/9.3.1/../../../../arm-none-eabi/lib/thumb/v7-m/nofp\libc.a(lib_a-printf.o)
 .ARM.attributes
                0x000006df       0x2d c:/users/roxanne/desktop/programming/adkit/tools/arm-none-eabi-gcc/9.3.1-2020q2-windows/bin/../lib/gcc/arm-none-eabi/9.3.1/../../../../arm-none-eabi/lib/thumb/v7-m/nofp\libc.a(lib_a-putchar.o)
 .ARM.attributes
                0x0000070c       0x2d c:/users/roxanne/desktop/programming/adkit/tools/arm-none-eabi-gcc/9.3.1-2020q2-windows/bin/../lib/gcc/arm-none-eabi/9.3.1/../../../../arm-none-eabi/lib/thumb/v7-m/nofp\libc.a(lib_a-signal.o)
 .ARM.attributes
                0x00000739       0x2d c:/users/roxanne/desktop/programming/adkit/tools/arm-none-eabi-gcc/9.3.1-2020q2-windows/bin/../lib/gcc/arm-none-eabi/9.3.1/../../../../arm-none-eabi/lib/thumb/v7-m/nofp\libc.a(lib_a-signalr.o)
 .ARM.attributes
                0x00000766       0x2d c:/users/roxanne/desktop/programming/adkit/tools/arm-none-eabi-gcc/9.3.1-2020q2-windows/bin/../lib/gcc/arm-none-eabi/9.3.1/../../../../arm-none-eabi/lib/thumb/v7-m/nofp\libc.a(lib_a-strlen-stub.o)
 .ARM.attributes
                0x00000793       0x2d c:/users/roxanne/desktop/programming/adkit/tools/arm-none-eabi-gcc/9.3.1-2020q2-windows/bin/../lib/gcc/arm-none-eabi/9.3.1/../../../../arm-none-eabi/lib/thumb/v7-m/nofp\libc.a(lib_a-syskill.o)
 .ARM.attributes
                0x000007c0       0x2d c:/users/roxanne/desktop/programming/adkit/tools/arm-none-eabi-gcc/9.3.1-2020q2-windows/bin/../lib/gcc/arm-none-eabi/9.3.1/../../../../arm-none-eabi/lib/thumb/v7-m/nofp\libc.a(lib_a-vfiprintf.o)
 .ARM.attributes
                0x000007ed       0x2d c:/users/roxanne/desktop/programming/adkit/tools/arm-none-eabi-gcc/9.3.1-2020q2-windows/bin/../lib/gcc/arm-none-eabi/9.3.1/../../../../arm-none-eabi/lib/thumb/v7-m/nofp\libc.a(lib_a-vfprintf.o)
 .ARM.attributes
                0x0000081a       0x2d c:/users/roxanne/desktop/programming/adkit/tools/arm-none-eabi-gcc/9.3.1-2020q2-windows/bin/../lib/gcc/arm-none-eabi/9.3.1/../../../../arm-none-eabi/lib/thumb/v7-m/nofp\libc.a(lib_a-wsetup.o)
 .ARM.attributes
                0x00000847       0x2d c:/users/roxanne/desktop/programming/adkit/tools/arm-none-eabi-gcc/9.3.1-2020q2-windows/bin/../lib/gcc/arm-none-eabi/9.3.1/../../../../arm-none-eabi/lib/thumb/v7-m/nofp\libc.a(lib_a-__call_atexit.o)
 .ARM.attributes
                0x00000874       0x2d c:/users/roxanne/desktop/programming/adkit/tools/arm-none-eabi-gcc/9.3.1-2020q2-windows/bin/../lib/gcc/arm-none-eabi/9.3.1/../../../../arm-none-eabi/lib/thumb/v7-m/nofp\libc.a(lib_a-atexit.o)
 .ARM.attributes
                0x000008a1       0x2d c:/users/roxanne/desktop/programming/adkit/tools/arm-none-eabi-gcc/9.3.1-2020q2-windows/bin/../lib/gcc/arm-none-eabi/9.3.1/../../../../arm-none-eabi/lib/thumb/v7-m/nofp\libc.a(lib_a-dtoa.o)
 .ARM.attributes
                0x000008ce       0x2d c:/users/roxanne/desktop/programming/adkit/tools/arm-none-eabi-gcc/9.3.1-2020q2-windows/bin/../lib/gcc/arm-none-eabi/9.3.1/../../../../arm-none-eabi/lib/thumb/v7-m/nofp\libc.a(lib_a-fflush.o)
 .ARM.attributes
                0x000008fb       0x2d c:/users/roxanne/desktop/programming/adkit/tools/arm-none-eabi-gcc/9.3.1-2020q2-windows/bin/../lib/gcc/arm-none-eabi/9.3.1/../../../../arm-none-eabi/lib/thumb/v7-m/nofp\libc.a(lib_a-findfp.o)
 .ARM.attributes
                0x00000928       0x2d c:/users/roxanne/desktop/programming/adkit/tools/arm-none-eabi-gcc/9.3.1-2020q2-windows/bin/../lib/gcc/arm-none-eabi/9.3.1/../../../../arm-none-eabi/lib/thumb/v7-m/nofp\libc.a(lib_a-fini.o)
 .ARM.attributes
                0x00000955       0x2d c:/users/roxanne/desktop/programming/adkit/tools/arm-none-eabi-gcc/9.3.1-2020q2-windows/bin/../lib/gcc/arm-none-eabi/9.3.1/../../../../arm-none-eabi/lib/thumb/v7-m/nofp\libc.a(lib_a-fputwc.o)
 .ARM.attributes
                0x00000982       0x2d c:/users/roxanne/desktop/programming/adkit/tools/arm-none-eabi-gcc/9.3.1-2020q2-windows/bin/../lib/gcc/arm-none-eabi/9.3.1/../../../../arm-none-eabi/lib/thumb/v7-m/nofp\libc.a(lib_a-freer.o)
 .ARM.attributes
                0x000009af       0x2d c:/users/roxanne/desktop/programming/adkit/tools/arm-none-eabi-gcc/9.3.1-2020q2-windows/bin/../lib/gcc/arm-none-eabi/9.3.1/../../../../arm-none-eabi/lib/thumb/v7-m/nofp\libc.a(lib_a-fvwrite.o)
 .ARM.attributes
                0x000009dc       0x2d c:/users/roxanne/desktop/programming/adkit/tools/arm-none-eabi-gcc/9.3.1-2020q2-windows/bin/../lib/gcc/arm-none-eabi/9.3.1/../../../../arm-none-eabi/lib/thumb/v7-m/nofp\libc.a(lib_a-fwalk.o)
 .ARM.attributes
                0x00000a09       0x2d c:/users/roxanne/desktop/programming/adkit/tools/arm-none-eabi-gcc/9.3.1-2020q2-windows/bin/../lib/gcc/arm-none-eabi/9.3.1/../../../../arm-none-eabi/lib/thumb/v7-m/nofp\libc.a(lib_a-locale.o)
 .ARM.attributes
                0x00000a36       0x2d c:/users/roxanne/desktop/programming/adkit/tools/arm-none-eabi-gcc/9.3.1-2020q2-windows/bin/../lib/gcc/arm-none-eabi/9.3.1/../../../../arm-none-eabi/lib/thumb/v7-m/nofp\libc.a(lib_a-localeconv.o)
 .ARM.attributes
                0x00000a63       0x2d c:/users/roxanne/desktop/programming/adkit/tools/arm-none-eabi-gcc/9.3.1-2020q2-windows/bin/../lib/gcc/arm-none-eabi/9.3.1/../../../../arm-none-eabi/lib/thumb/v7-m/nofp\libc.a(lib_a-lock.o)
 .ARM.attributes
                0x00000a90       0x2d c:/users/roxanne/desktop/programming/adkit/tools/arm-none-eabi-gcc/9.3.1-2020q2-windows/bin/../lib/gcc/arm-none-eabi/9.3.1/../../../../arm-none-eabi/lib/thumb/v7-m/nofp\libc.a(lib_a-makebuf.o)
 .ARM.attributes
                0x00000abd       0x2d c:/users/roxanne/desktop/programming/adkit/tools/arm-none-eabi-gcc/9.3.1-2020q2-windows/bin/../lib/gcc/arm-none-eabi/9.3.1/../../../../arm-none-eabi/lib/thumb/v7-m/nofp\libc.a(lib_a-mallocr.o)
 .ARM.attributes
                0x00000aea       0x2d c:/users/roxanne/desktop/programming/adkit/tools/arm-none-eabi-gcc/9.3.1-2020q2-windows/bin/../lib/gcc/arm-none-eabi/9.3.1/../../../../arm-none-eabi/lib/thumb/v7-m/nofp\libc.a(lib_a-mbtowc_r.o)
 .ARM.attributes
                0x00000b17       0x2d c:/users/roxanne/desktop/programming/adkit/tools/arm-none-eabi-gcc/9.3.1-2020q2-windows/bin/../lib/gcc/arm-none-eabi/9.3.1/../../../../arm-none-eabi/lib/thumb/v7-m/nofp\libc.a(lib_a-memchr-stub.o)
 .ARM.attributes
                0x00000b44       0x2d c:/users/roxanne/desktop/programming/adkit/tools/arm-none-eabi-gcc/9.3.1-2020q2-windows/bin/../lib/gcc/arm-none-eabi/9.3.1/../../../../arm-none-eabi/lib/thumb/v7-m/nofp\libc.a(lib_a-memmove.o)
 .ARM.attributes
                0x00000b71       0x2d c:/users/roxanne/desktop/programming/adkit/tools/arm-none-eabi-gcc/9.3.1-2020q2-windows/bin/../lib/gcc/arm-none-eabi/9.3.1/../../../../arm-none-eabi/lib/thumb/v7-m/nofp\libc.a(lib_a-mlock.o)
 .ARM.attributes
                0x00000b9e       0x2d c:/users/roxanne/desktop/programming/adkit/tools/arm-none-eabi-gcc/9.3.1-2020q2-windows/bin/../lib/gcc/arm-none-eabi/9.3.1/../../../../arm-none-eabi/lib/thumb/v7-m/nofp\libc.a(lib_a-mprec.o)
 .ARM.attributes
                0x00000bcb       0x2d c:/users/roxanne/desktop/programming/adkit/tools/arm-none-eabi-gcc/9.3.1-2020q2-windows/bin/../lib/gcc/arm-none-eabi/9.3.1/../../../../arm-none-eabi/lib/thumb/v7-m/nofp\libc.a(lib_a-putc.o)
 .ARM.attributes
                0x00000bf8       0x2d c:/users/roxanne/desktop/programming/adkit/tools/arm-none-eabi-gcc/9.3.1-2020q2-windows/bin/../lib/gcc/arm-none-eabi/9.3.1/../../../../arm-none-eabi/lib/thumb/v7-m/nofp\libc.a(lib_a-reallocr.o)
 .ARM.attributes
                0x00000c25       0x2d c:/users/roxanne/desktop/programming/adkit/tools/arm-none-eabi-gcc/9.3.1-2020q2-windows/bin/../lib/gcc/arm-none-eabi/9.3.1/../../../../arm-none-eabi/lib/thumb/v7-m/nofp\libc.a(lib_a-reent.o)
 .ARM.attributes
                0x00000c52       0x2d c:/users/roxanne/desktop/programming/adkit/tools/arm-none-eabi-gcc/9.3.1-2020q2-windows/bin/../lib/gcc/arm-none-eabi/9.3.1/../../../../arm-none-eabi/lib/thumb/v7-m/nofp\libc.a(lib_a-s_frexp.o)
 .ARM.attributes
                0x00000c7f       0x2d c:/users/roxanne/desktop/programming/adkit/tools/arm-none-eabi-gcc/9.3.1-2020q2-windows/bin/../lib/gcc/arm-none-eabi/9.3.1/../../../../arm-none-eabi/lib/thumb/v7-m/nofp\libc.a(lib_a-sbrkr.o)
 .ARM.attributes
                0x00000cac       0x2d c:/users/roxanne/desktop/programming/adkit/tools/arm-none-eabi-gcc/9.3.1-2020q2-windows/bin/../lib/gcc/arm-none-eabi/9.3.1/../../../../arm-none-eabi/lib/thumb/v7-m/nofp\libc.a(lib_a-stdio.o)
 .ARM.attributes
                0x00000cd9       0x2d c:/users/roxanne/desktop/programming/adkit/tools/arm-none-eabi-gcc/9.3.1-2020q2-windows/bin/../lib/gcc/arm-none-eabi/9.3.1/../../../../arm-none-eabi/lib/thumb/v7-m/nofp\libc.a(lib_a-strncpy.o)
 .ARM.attributes
                0x00000d06       0x2d c:/users/roxanne/desktop/programming/adkit/tools/arm-none-eabi-gcc/9.3.1-2020q2-windows/bin/../lib/gcc/arm-none-eabi/9.3.1/../../../../arm-none-eabi/lib/thumb/v7-m/nofp\libc.a(lib_a-wbuf.o)
 .ARM.attributes
                0x00000d33       0x2d c:/users/roxanne/desktop/programming/adkit/tools/arm-none-eabi-gcc/9.3.1-2020q2-windows/bin/../lib/gcc/arm-none-eabi/9.3.1/../../../../arm-none-eabi/lib/thumb/v7-m/nofp\libc.a(lib_a-wcrtomb.o)
 .ARM.attributes
                0x00000d60       0x2d c:/users/roxanne/desktop/programming/adkit/tools/arm-none-eabi-gcc/9.3.1-2020q2-windows/bin/../lib/gcc/arm-none-eabi/9.3.1/../../../../arm-none-eabi/lib/thumb/v7-m/nofp\libc.a(lib_a-wctomb_r.o)
 .ARM.attributes
                0x00000d8d       0x2d c:/users/roxanne/desktop/programming/adkit/tools/arm-none-eabi-gcc/9.3.1-2020q2-windows/bin/../lib/gcc/arm-none-eabi/9.3.1/../../../../arm-none-eabi/lib/thumb/v7-m/nofp\libc.a(lib_a-writer.o)
 .ARM.attributes
                0x00000dba       0x2d c:/users/roxanne/desktop/programming/adkit/tools/arm-none-eabi-gcc/9.3.1-2020q2-windows/bin/../lib/gcc/arm-none-eabi/9.3.1/../../../../arm-none-eabi/lib/thumb/v7-m/nofp\libc.a(lib_a-__atexit.o)
 .ARM.attributes
                0x00000de7       0x2d c:/users/roxanne/desktop/programming/adkit/tools/arm-none-eabi-gcc/9.3.1-2020q2-windows/bin/../lib/gcc/arm-none-eabi/9.3.1/../../../../arm-none-eabi/lib/thumb/v7-m/nofp\libc.a(lib_a-callocr.o)
 .ARM.attributes
                0x00000e14       0x2d c:/users/roxanne/desktop/programming/adkit/tools/arm-none-eabi-gcc/9.3.1-2020q2-windows/bin/../lib/gcc/arm-none-eabi/9.3.1/../../../../arm-none-eabi/lib/thumb/v7-m/nofp\libc.a(lib_a-closer.o)
 .ARM.attributes
                0x00000e41       0x2d c:/users/roxanne/desktop/programming/adkit/tools/arm-none-eabi-gcc/9.3.1-2020q2-windows/bin/../lib/gcc/arm-none-eabi/9.3.1/../../../../arm-none-eabi/lib/thumb/v7-m/nofp\libc.a(lib_a-ctype_.o)
 .ARM.attributes
                0x00000e6e       0x2d c:/users/roxanne/desktop/programming/adkit/tools/arm-none-eabi-gcc/9.3.1-2020q2-windows/bin/../lib/gcc/arm-none-eabi/9.3.1/../../../../arm-none-eabi/lib/thumb/v7-m/nofp\libc.a(lib_a-fclose.o)
 .ARM.attributes
                0x00000e9b       0x2d c:/users/roxanne/desktop/programming/adkit/tools/arm-none-eabi-gcc/9.3.1-2020q2-windows/bin/../lib/gcc/arm-none-eabi/9.3.1/../../../../arm-none-eabi/lib/thumb/v7-m/nofp\libc.a(lib_a-fstatr.o)
 .ARM.attributes
                0x00000ec8       0x2d c:/users/roxanne/desktop/programming/adkit/tools/arm-none-eabi-gcc/9.3.1-2020q2-windows/bin/../lib/gcc/arm-none-eabi/9.3.1/../../../../arm-none-eabi/lib/thumb/v7-m/nofp\libc.a(lib_a-isattyr.o)
 .ARM.attributes
                0x00000ef5       0x2d c:/users/roxanne/desktop/programming/adkit/tools/arm-none-eabi-gcc/9.3.1-2020q2-windows/bin/../lib/gcc/arm-none-eabi/9.3.1/../../../../arm-none-eabi/lib/thumb/v7-m/nofp\libc.a(lib_a-lseekr.o)
 .ARM.attributes
                0x00000f22       0x2d c:/users/roxanne/desktop/programming/adkit/tools/arm-none-eabi-gcc/9.3.1-2020q2-windows/bin/../lib/gcc/arm-none-eabi/9.3.1/../../../../arm-none-eabi/lib/thumb/v7-m/nofp\libc.a(lib_a-readr.o)
 .ARM.attributes
                0x00000f4f       0x1d c:/users/roxanne/desktop/programming/adkit/tools/arm-none-eabi-gcc/9.3.1-2020q2-windows/bin/../lib/gcc/arm-none-eabi/9.3.1/thumb/v7-m/nofp\libgcc.a(_arm_fixdfsi.o)
 .ARM.attributes
                0x00000f6c       0x1d c:/users/roxanne/desktop/programming/adkit/tools/arm-none-eabi-gcc/9.3.1-2020q2-windows/bin/../lib/gcc/arm-none-eabi/9.3.1/thumb/v7-m/nofp\libgcc.a(_aeabi_uldivmod.o)
 .ARM.attributes
                0x00000f89       0x2d c:/users/roxanne/desktop/programming/adkit/tools/arm-none-eabi-gcc/9.3.1-2020q2-windows/bin/../lib/gcc/arm-none-eabi/9.3.1/thumb/v7-m/nofp\libgcc.a(_udivmoddi4.o)
 .ARM.attributes
                0x00000fb6       0x1d c:/users/roxanne/desktop/programming/adkit/tools/arm-none-eabi-gcc/9.3.1-2020q2-windows/bin/../lib/gcc/arm-none-eabi/9.3.1/thumb/v7-m/nofp\libgcc.a(_dvmd_tls.o)
 .ARM.attributes
                0x00000fd3       0x1d c:/users/roxanne/desktop/programming/adkit/tools/arm-none-eabi-gcc/9.3.1-2020q2-windows/bin/../lib/gcc/arm-none-eabi/9.3.1/thumb/v7-m/nofp/crtn.o

.comment        0x00000000       0xbc
 .comment       0x00000000       0x4c ../../lib/ArduinoCore-sam/out/sam.a(syscalls_sam3.o)
                                 0x4d (size before relaxing)
 .comment       0x0000004c       0x70 ../../lib/ArduinoCore-sam/variants/arduino_due_x/libsam_sam3x8e_gcc_rel.a(startup_sam3xa.o)
                                 0x71 (size before relaxing)
 .comment       0x000000bc       0x71 ../../lib/ArduinoCore-sam/variants/arduino_due_x/libsam_sam3x8e_gcc_rel.a(uotghs.o)
 .comment       0x000000bc       0x4d build/asciz.a(main.o)
 .comment       0x000000bc       0x4d build/asciz.a(print_asciz.o)
 .comment       0x000000bc       0x4d build/asciz.a(toggle_asciz.o)
 .comment       0x000000bc       0x4d ../../lib/ArduinoCore-sam/out/sam.a(RingBuffer.o)
 .comment       0x000000bc       0x4d ../../lib/ArduinoCore-sam/out/sam.a(UARTClass.o)
 .comment       0x000000bc       0x4d ../../lib/ArduinoCore-sam/out/sam.a(watchdog.o)
 .comment       0x000000bc       0x4d ../../lib/ArduinoCore-sam/out/sam.a(cortex_handlers.o)
 .comment       0x000000bc       0x4d ../../lib/ArduinoCore-sam/out/sam.a(hooks.o)
 .comment       0x000000bc       0x4d ../../lib/ArduinoCore-sam/out/sam.a(wiring.o)
 .comment       0x000000bc       0x4d ../../lib/ArduinoCore-sam/out/sam.a(variant.o)
 .comment       0x000000bc       0x4d ../../lib/ArduinoCore-sam/out/sam.a(Print.o)
 .comment       0x000000bc       0x4d ../../lib/ArduinoCore-sam/out/sam.a(Reset.o)
 .comment       0x000000bc       0x4d ../../lib/ArduinoCore-sam/out/sam.a(USARTClass.o)
 .comment       0x000000bc       0x4d ../../lib/ArduinoCore-sam/out/sam.a(wiring_analog.o)
 .comment       0x000000bc       0x4d ../../lib/ArduinoCore-sam/out/sam.a(wiring_digital.o)
 .comment       0x000000bc       0x71 ../../lib/ArduinoCore-sam/variants/arduino_due_x/libsam_sam3x8e_gcc_rel.a(pio.o)
 .comment       0x000000bc       0x71 ../../lib/ArduinoCore-sam/variants/arduino_due_x/libsam_sam3x8e_gcc_rel.a(pmc.o)
 .comment       0x000000bc       0x71 ../../lib/ArduinoCore-sam/variants/arduino_due_x/libsam_sam3x8e_gcc_rel.a(timetick.o)
 .comment       0x000000bc       0x71 ../../lib/ArduinoCore-sam/variants/arduino_due_x/libsam_sam3x8e_gcc_rel.a(wdt.o)
 .comment       0x000000bc       0x71 ../../lib/ArduinoCore-sam/variants/arduino_due_x/libsam_sam3x8e_gcc_rel.a(system_sam3xa.o)
 .comment       0x000000bc       0x71 ../../lib/ArduinoCore-sam/variants/arduino_due_x/libsam_sam3x8e_gcc_rel.a(adc.o)

.debug_info     0x00000000    0x1fc25
 .debug_info    0x00000000      0xfb6 ../../lib/ArduinoCore-sam/out/sam.a(syscalls_sam3.o)
 .debug_info    0x00000fb6     0x3c06 build/asciz.a(main.o)
 .debug_info    0x00004bbc      0x971 build/asciz.a(print_asciz.o)
 .debug_info    0x0000552d       0x5a build/asciz.a(toggle_asciz.o)
 .debug_info    0x00005587       0x26 build/asciz.a(application.o)
 .debug_info    0x000055ad       0x26 build/asciz.a(print_asciz_asm.o)
 .debug_info    0x000055d3       0x26 build/asciz.a(toggle_asciz_asm.o)
 .debug_info    0x000055f9      0xa97 ../../lib/ArduinoCore-sam/out/sam.a(RingBuffer.o)
 .debug_info    0x00006090     0x3777 ../../lib/ArduinoCore-sam/out/sam.a(UARTClass.o)
 .debug_info    0x00009807      0x208 ../../lib/ArduinoCore-sam/out/sam.a(watchdog.o)
 .debug_info    0x00009a0f     0x1246 ../../lib/ArduinoCore-sam/out/sam.a(cortex_handlers.o)
 .debug_info    0x0000ac55       0x67 ../../lib/ArduinoCore-sam/out/sam.a(hooks.o)
 .debug_info    0x0000acbc     0x14c6 ../../lib/ArduinoCore-sam/out/sam.a(wiring.o)
 .debug_info    0x0000c182     0x49cb ../../lib/ArduinoCore-sam/out/sam.a(variant.o)
 .debug_info    0x00010b4d     0x5f5e ../../lib/ArduinoCore-sam/out/sam.a(Print.o)
 .debug_info    0x00016aab     0x38a7 ../../lib/ArduinoCore-sam/out/sam.a(Reset.o)
 .debug_info    0x0001a352     0x1c8a ../../lib/ArduinoCore-sam/out/sam.a(USARTClass.o)
 .debug_info    0x0001bfdc     0x25b1 ../../lib/ArduinoCore-sam/out/sam.a(wiring_analog.o)
 .debug_info    0x0001e58d     0x1698 ../../lib/ArduinoCore-sam/out/sam.a(wiring_digital.o)

.debug_abbrev   0x00000000     0x3a93
 .debug_abbrev  0x00000000      0x2cb ../../lib/ArduinoCore-sam/out/sam.a(syscalls_sam3.o)
 .debug_abbrev  0x000002cb      0x4e1 build/asciz.a(main.o)
 .debug_abbrev  0x000007ac      0x1f1 build/asciz.a(print_asciz.o)
 .debug_abbrev  0x0000099d       0x4f build/asciz.a(toggle_asciz.o)
 .debug_abbrev  0x000009ec       0x14 build/asciz.a(application.o)
 .debug_abbrev  0x00000a00       0x14 build/asciz.a(print_asciz_asm.o)
 .debug_abbrev  0x00000a14       0x14 build/asciz.a(toggle_asciz_asm.o)
 .debug_abbrev  0x00000a28      0x2bb ../../lib/ArduinoCore-sam/out/sam.a(RingBuffer.o)
 .debug_abbrev  0x00000ce3      0x731 ../../lib/ArduinoCore-sam/out/sam.a(UARTClass.o)