Archive member included to satisfy reference by file (symbol)

..\arduino\hardware\sam\1.6.12\variants\arduino_due_x\libsam_sam3x8e_gcc_rel.a(pio.o)
                              ..\arduino_build\core\variant.o (PIO_Configure)
..\arduino\hardware\sam\1.6.12\variants\arduino_due_x\libsam_sam3x8e_gcc_rel.a(pmc.o)
                              ..\arduino_build\core\variant.o (pmc_enable_periph_clk)
..\arduino\hardware\sam\1.6.12\variants\arduino_due_x\libsam_sam3x8e_gcc_rel.a(system_sam3xa.o)
                              ..\arduino_build\core\variant.o (SystemInit)
..\arduino\hardware\sam\1.6.12\variants\arduino_due_x\libsam_sam3x8e_gcc_rel.a(startup_sam3xa.o)
                              (Reset_Handler)
..\arduino\hardware\sam\1.6.12\variants\arduino_due_x\libsam_sam3x8e_gcc_rel.a(adc.o)
                              ..\arduino_build\core\variant.o (adc_init)
..\arduino\hardware\sam\1.6.12\variants\arduino_due_x\libsam_sam3x8e_gcc_rel.a(uotghs.o)
                              ..\arduino\hardware\sam\1.6.12\variants\arduino_due_x\libsam_sam3x8e_gcc_rel.a(startup_sam3xa.o) (UOTGHS_Handler)
..\arduino_build\core\core.a(WInterrupts.o)
                              ..\arduino\hardware\sam\1.6.12\variants\arduino_due_x\libsam_sam3x8e_gcc_rel.a(startup_sam3xa.o) (PIOA_Handler)
..\arduino_build\core\core.a(cortex_handlers.o)
                              ..\arduino\hardware\sam\1.6.12\variants\arduino_due_x\libsam_sam3x8e_gcc_rel.a(startup_sam3xa.o) (NMI_Handler)
..\arduino_build\core\core.a(hooks.o)
                              ..\arduino_build\core\core.a(cortex_handlers.o) (sysTickHook)
..\arduino_build\core\core.a(syscalls_sam3.o)
                              (_sbrk)
..\arduino_build\core\core.a(wiring_analog.o)
                              ..\arduino_build\core\variant.o (analogOutputInit)
..\arduino_build\core\core.a(wiring_digital.o)
                              ..\arduino_build\core\core.a(wiring_analog.o) (pinMode)
..\arduino_build\core\core.a(Reset.o)
                              ..\arduino_build\core\core.a(cortex_handlers.o) (tickReset)
..\arduino_build\core\core.a(RingBuffer.o)
                              ..\arduino_build\core\variant.o (RingBuffer::RingBuffer())
..\arduino_build\core\core.a(UARTClass.o)
                              ..\arduino_build\core\variant.o (UARTClass::available())
..\arduino_build\core\core.a(USARTClass.o)
                              ..\arduino_build\core\variant.o (USARTClass::USARTClass(Usart*, IRQn, unsigned long, RingBuffer*, RingBuffer*))
..\arduino_build\core\core.a(abi.o)
                              ..\arduino_build\core\core.a(UARTClass.o) (__cxa_pure_virtual)
..\arduino_build\core\core.a(Print.o)
                              ..\arduino_build\core\core.a(UARTClass.o) (Print::write(unsigned char const*, unsigned int))
build\archive.a(main.o)       c:/users/roxanne/desktop/toolchain/arduino/tools/arm-none-eabi-gcc/9.3.1-2020q2/bin/../lib/gcc/arm-none-eabi/9.3.1/../../../../arm-none-eabi/lib/thumb/v7-m/nofp/crt0.o (main)
build\archive.a(draw.o)       build\archive.a(main.o) (draw_second(Adafruit_SSD1306&, int, int, LookupTable_time<60, 24, 60> const&))
..\arduino\hardware\sam\1.6.12\variants\arduino_due_x\libsam_sam3x8e_gcc_rel.a(pwmc.o)
                              ..\arduino_build\core\core.a(wiring_analog.o) (PWMC_ConfigureChannel)
..\arduino\hardware\sam\1.6.12\variants\arduino_due_x\libsam_sam3x8e_gcc_rel.a(tc.o)
                              ..\arduino_build\core\core.a(wiring_analog.o) (TC_Configure)
..\arduino\hardware\sam\1.6.12\variants\arduino_due_x\libsam_sam3x8e_gcc_rel.a(timetick.o)
                              ..\arduino_build\core\core.a(cortex_handlers.o) (TimeTick_Increment)
..\arduino\hardware\sam\1.6.12\variants\arduino_due_x\libsam_sam3x8e_gcc_rel.a(dacc.o)
                              ..\arduino_build\core\core.a(wiring_analog.o) (dacc_reset)
..\arduino_build\core\core.a(wiring.o)
                              build\archive.a(main.o) (delay)
..\arduino_build\core\core.a(watchdog.o)
                              build\archive.a(main.o) (watchdogSetup())
..\arduino_build\core\core.a(Wire.o)
                              build\archive.a(main.o) (Wire)
..\Adafruit_SSD1306\build\ada_fruit_archive.a(Adafruit_SSD1306.o)
                              build\archive.a(main.o) (Adafruit_SSD1306::Adafruit_SSD1306(unsigned char, unsigned char, TwoWire*, signed char, unsigned long, unsigned long))
..\Adafruit-GFX-Library\build\ada_fruit_gfx_archive.a(Adafruit_GFX.o)
                              ..\Adafruit_SSD1306\build\ada_fruit_archive.a(Adafruit_SSD1306.o) (Adafruit_GFX::writeLine(short, short, short, short, unsigned short))
..\RTCDue\src\build\RTCDue_archive.a(RTCDue.o)
                              build\archive.a(main.o) (RTCDue::RTCDue(int))
..\arduino\hardware\sam\1.6.12\variants\arduino_due_x\libsam_sam3x8e_gcc_rel.a(rtc.o)
                              ..\RTCDue\src\build\RTCDue_archive.a(RTCDue.o) (RTC_SetHourMode)
[...]
Memory Configuration

Name             Origin             Length             Attributes
rom              0x00080000         0x00080000         xr
sram0            0x20000000         0x00010000         xrw
sram1            0x20080000         0x00008000         xrw
ram              0x20070000         0x00018000         xrw
*default*        0x00000000         0xffffffff

Linker script and memory map

LOAD c:/users/roxanne/desktop/toolchain/arduino/tools/arm-none-eabi-gcc/9.3.1-2020q2/bin/../lib/gcc/arm-none-eabi/9.3.1/thumb/v7-m/nofp/crti.o
LOAD c:/users/roxanne/desktop/toolchain/arduino/tools/arm-none-eabi-gcc/9.3.1-2020q2/bin/../lib/gcc/arm-none-eabi/9.3.1/thumb/v7-m/nofp/crtbegin.o
LOAD c:/users/roxanne/desktop/toolchain/arduino/tools/arm-none-eabi-gcc/9.3.1-2020q2/bin/../lib/gcc/arm-none-eabi/9.3.1/../../../../arm-none-eabi/lib/thumb/v7-m/nofp/crt0.o
START GROUP
LOAD ..\arduino_build\core\variant.o
LOAD ..\arduino\hardware\sam\1.6.12\variants\arduino_due_x\libsam_sam3x8e_gcc_rel.a
LOAD ..\arduino_build\core\core.a
LOAD ..\Adafruit_SSD1306\build\ada_fruit_archive.a
LOAD ..\Adafruit-GFX-Library\build\ada_fruit_gfx_archive.a
LOAD ..\RTCDue\src\build\RTCDue_archive.a
LOAD build\archive.a
END GROUP
LOAD c:/users/roxanne/desktop/toolchain/arduino/tools/arm-none-eabi-gcc/9.3.1-2020q2/bin/../lib/gcc/arm-none-eabi/9.3.1/../../../../arm-none-eabi/lib/thumb/v7-m/nofp\libm.a
LOAD c:/users/roxanne/desktop/toolchain/arduino/tools/arm-none-eabi-gcc/9.3.1-2020q2/bin/../lib/gcc/arm-none-eabi/9.3.1/thumb/v7-m/nofp\libgcc.a
START GROUP
LOAD c:/users/roxanne/desktop/toolchain/arduino/tools/arm-none-eabi-gcc/9.3.1-2020q2/bin/../lib/gcc/arm-none-eabi/9.3.1/thumb/v7-m/nofp\libgcc.a
LOAD c:/users/roxanne/desktop/toolchain/arduino/tools/arm-none-eabi-gcc/9.3.1-2020q2/bin/../lib/gcc/arm-none-eabi/9.3.1/../../../../arm-none-eabi/lib/thumb/v7-m/nofp\libc.a
END GROUP
LOAD c:/users/roxanne/desktop/toolchain/arduino/tools/arm-none-eabi-gcc/9.3.1-2020q2/bin/../lib/gcc/arm-none-eabi/9.3.1/thumb/v7-m/nofp/crtend.o
LOAD c:/users/roxanne/desktop/toolchain/arduino/tools/arm-none-eabi-gcc/9.3.1-2020q2/bin/../lib/gcc/arm-none-eabi/9.3.1/thumb/v7-m/nofp/crtn.o

.text           0x00080000     0xbecc
                0x00080000                . = ALIGN (0x4)
                0x00080000                _sfixed = .
 *(.vectors .vectors.*)
 .vectors       0x00080000       0xf4 ..\arduino\hardware\sam\1.6.12\variants\arduino_due_x\libsam_sam3x8e_gcc_rel.a(startup_sam3xa.o)
                0x00080000                exception_table
 *(.text .text.* .gnu.linkonce.t.*)
 .text          0x000800f4       0x40 c:/users/roxanne/desktop/toolchain/arduino/tools/arm-none-eabi-gcc/9.3.1-2020q2/bin/../lib/gcc/arm-none-eabi/9.3.1/thumb/v7-m/nofp/crtbegin.o
 .text.UART_Handler
                0x00080134        0xc ..\arduino_build\core\variant.o
                0x00080134                UART_Handler
 .text.USART0_Handler
                0x00080140        0xc ..\arduino_build\core\variant.o
                0x00080140                USART0_Handler
 .text.USART1_Handler
                0x0008014c        0xc ..\arduino_build\core\variant.o
                0x0008014c                USART1_Handler
 .text.USART3_Handler
                0x00080158        0xc ..\arduino_build\core\variant.o
                0x00080158                USART3_Handler
 .text.init     0x00080164      0x128 ..\arduino_build\core\variant.o
                0x00080164                init
 .text.startup._GLOBAL__sub_I_g_APinDescription
                0x0008028c       0xd4 ..\arduino_build\core\variant.o
 .text.PIO_PullUp
                0x00080360        0xa ..\arduino\hardware\sam\1.6.12\variants\arduino_due_x\libsam_sam3x8e_gcc_rel.a(pio.o)
                0x00080360                PIO_PullUp
 .text.PIO_Get  0x0008036a       0x14 ..\arduino\hardware\sam\1.6.12\variants\arduino_due_x\libsam_sam3x8e_gcc_rel.a(pio.o)
                0x0008036a                PIO_Get
 .text.PIO_SetPeripheral
                0x0008037e       0x26 ..\arduino\hardware\sam\1.6.12\variants\arduino_due_x\libsam_sam3x8e_gcc_rel.a(pio.o)
                0x0008037e                PIO_SetPeripheral
 .text.PIO_SetInput
                0x000803a4       0x26 ..\arduino\hardware\sam\1.6.12\variants\arduino_due_x\libsam_sam3x8e_gcc_rel.a(pio.o)
                0x000803a4                PIO_SetInput
 .text.PIO_SetOutput
                0x000803ca       0x24 ..\arduino\hardware\sam\1.6.12\variants\arduino_due_x\libsam_sam3x8e_gcc_rel.a(pio.o)
                0x000803ca                PIO_SetOutput
 *fill*         0x000803ee        0x2 
 .text.PIO_Configure
                0x000803f0       0x64 ..\arduino\hardware\sam\1.6.12\variants\arduino_due_x\libsam_sam3x8e_gcc_rel.a(pio.o)
                0x000803f0                PIO_Configure
 .text.PIO_GetOutputDataStatus
                0x00080454       0x14 ..\arduino\hardware\sam\1.6.12\variants\arduino_due_x\libsam_sam3x8e_gcc_rel.a(pio.o)
                0x00080454                PIO_GetOutputDataStatus
 .text.pmc_switch_sclk_to_32kxtal
                0x00080468       0x24 ..\arduino\hardware\sam\1.6.12\variants\arduino_due_x\libsam_sam3x8e_gcc_rel.a(pmc.o)
                0x00080468                pmc_switch_sclk_to_32kxtal
 .text.pmc_osc_is_ready_32kxtal
                0x0008048c       0x1c ..\arduino\hardware\sam\1.6.12\variants\arduino_due_x\libsam_sam3x8e_gcc_rel.a(pmc.o)
                0x0008048c                pmc_osc_is_ready_32kxtal
 .text.pmc_enable_periph_clk
                0x000804a8       0x44 ..\arduino\hardware\sam\1.6.12\variants\arduino_due_x\libsam_sam3x8e_gcc_rel.a(pmc.o)
                0x000804a8                pmc_enable_periph_clk
 .text.pmc_disable_periph_clk
                0x000804ec       0x40 ..\arduino\hardware\sam\1.6.12\variants\arduino_due_x\libsam_sam3x8e_gcc_rel.a(pmc.o)
                0x000804ec                pmc_disable_periph_clk
 .text.SystemInit
                0x0008052c       0x88 ..\arduino\hardware\sam\1.6.12\variants\arduino_due_x\libsam_sam3x8e_gcc_rel.a(system_sam3xa.o)
                0x0008052c                SystemInit
 .text.Reset_Handler
                0x000805b4       0x78 ..\arduino\hardware\sam\1.6.12\variants\arduino_due_x\libsam_sam3x8e_gcc_rel.a(startup_sam3xa.o)
                0x000805b4                Reset_Handler
 .text.adc_init
                0x0008062c       0x98 ..\arduino\hardware\sam\1.6.12\variants\arduino_due_x\libsam_sam3x8e_gcc_rel.a(adc.o)
                0x0008062c                adc_init
 .text.adc_configure_trigger
                0x000806c4        0xe ..\arduino\hardware\sam\1.6.12\variants\arduino_due_x\libsam_sam3x8e_gcc_rel.a(adc.o)
                0x000806c4                adc_configure_trigger
 .text.adc_configure_timing
                0x000806d2       0x1a ..\arduino\hardware\sam\1.6.12\variants\arduino_due_x\libsam_sam3x8e_gcc_rel.a(adc.o)
                0x000806d2                adc_configure_timing
 .text.adc_disable_channel
                0x000806ec        0xa ..\arduino\hardware\sam\1.6.12\variants\arduino_due_x\libsam_sam3x8e_gcc_rel.a(adc.o)
                0x000806ec                adc_disable_channel
 .text.adc_disable_all_channel
                0x000806f6        0x8 ..\arduino\hardware\sam\1.6.12\variants\arduino_due_x\libsam_sam3x8e_gcc_rel.a(adc.o)
                0x000806f6                adc_disable_all_channel
 .text.adc_disable_interrupt
                0x000806fe        0x4 ..\arduino\hardware\sam\1.6.12\variants\arduino_due_x\libsam_sam3x8e_gcc_rel.a(adc.o)
                0x000806fe                adc_disable_interrupt
 *fill*         0x00080702        0x2 
 .text.UOTGHS_Handler
                0x00080704       0x10 ..\arduino\hardware\sam\1.6.12\variants\arduino_due_x\libsam_sam3x8e_gcc_rel.a(uotghs.o)
                0x00080704                UOTGHS_Handler
 .text.PIOA_Handler
                0x00080714       0x38 ..\arduino_build\core\core.a(WInterrupts.o)
                0x00080714                PIOA_Handler
 .text.PIOB_Handler
                0x0008074c       0x38 ..\arduino_build\core\core.a(WInterrupts.o)
                0x0008074c                PIOB_Handler
 .text.PIOC_Handler
                0x00080784       0x38 ..\arduino_build\core\core.a(WInterrupts.o)
                0x00080784                PIOC_Handler
 .text.PIOD_Handler
                0x000807bc       0x38 ..\arduino_build\core\core.a(WInterrupts.o)
                0x000807bc                PIOD_Handler
 .text.__halt   0x000807f4        0x2 ..\arduino_build\core\core.a(cortex_handlers.o)
                0x000807f4                DACC_Handler
                0x000807f4                DebugMon_Handler
                0x000807f4                DMAC_Handler
                0x000807f4                TRNG_Handler
                0x000807f4                HardFault_Handler
                0x000807f4                TC2_Handler
                0x000807f4                NMI_Handler
                0x000807f4                TC7_Handler
                0x000807f4                ADC_Handler
                0x000807f4                SMC_Handler
                0x000807f4                RTT_Handler
                0x000807f4                EFC1_Handler
                0x000807f4                UsageFault_Handler
                0x000807f4                TC6_Handler
                0x000807f4                WDT_Handler
                0x000807f4                CAN0_Handler
                0x000807f4                TC4_Handler
                0x000807f4                TC1_Handler
                0x000807f4                HSMCI_Handler
                0x000807f4                TC3_Handler
                0x000807f4                SSC_Handler
                0x000807f4                EFC0_Handler
                0x000807f4                PMC_Handler
                0x000807f4                PWM_Handler
                0x000807f4                CAN1_Handler
                0x000807f4                MemManage_Handler
                0x000807f4                SUPC_Handler
                0x000807f4                TC8_Handler
                0x000807f4                USART2_Handler
                0x000807f4                EMAC_Handler
                0x000807f4                BusFault_Handler
                0x000807f4                RSTC_Handler
                0x000807f4                TC0_Handler
                0x000807f4                TC5_Handler
                0x000807f4                SPI0_Handler
 .text.SVC_Handler
                0x000807f6        0x4 ..\arduino_build\core\core.a(cortex_handlers.o)
                0x000807f6                SVC_Handler
 .text.PendSV_Handler
                0x000807fa        0x4 ..\arduino_build\core\core.a(cortex_handlers.o)
                0x000807fa                PendSV_Handler
 .text.SysTick_Handler
                0x000807fe       0x16 ..\arduino_build\core\core.a(cortex_handlers.o)
                0x000807fe                SysTick_Handler
 .text.__empty  0x00080814        0x2 ..\arduino_build\core\core.a(hooks.o)
                0x00080814                yield
 .text.__false  0x00080816        0x4 ..\arduino_build\core\core.a(hooks.o)
                0x00080816                sysTickHook
 .text.__halt   0x0008081a        0x2 ..\arduino_build\core\core.a(hooks.o)
                0x0008081a                svcHook
                0x0008081a                pendSVHook
 .text._sbrk    0x0008081c       0x1c ..\arduino_build\core\core.a(syscalls_sam3.o)
                0x0008081c                _sbrk
 .text.link     0x00080838        0x6 ..\arduino_build\core\core.a(syscalls_sam3.o)
                0x00080838                link
 .text._close   0x0008083e        0x6 ..\arduino_build\core\core.a(syscalls_sam3.o)
                0x0008083e                _close
 .text._fstat   0x00080844        0xa ..\arduino_build\core\core.a(syscalls_sam3.o)
                0x00080844                _fstat
 .text._isatty  0x0008084e        0x4 ..\arduino_build\core\core.a(syscalls_sam3.o)
                0x0008084e                _isatty
 .text._lseek   0x00080852        0x4 ..\arduino_build\core\core.a(syscalls_sam3.o)
                0x00080852                _lseek
 .text._read    0x00080856        0x4 ..\arduino_build\core\core.a(syscalls_sam3.o)
                0x00080856                _read
 *fill*         0x0008085a        0x2 
 .text._write   0x0008085c       0x24 ..\arduino_build\core\core.a(syscalls_sam3.o)
                0x0008085c                _write
 .text._exit    0x00080880        0x2 ..\arduino_build\core\core.a(syscalls_sam3.o)
                0x00080880                _exit
 .text._kill    0x00080882        0x2 ..\arduino_build\core\core.a(syscalls_sam3.o)
                0x00080882                _kill
 .text._getpid  0x00080884        0x6 ..\arduino_build\core\core.a(syscalls_sam3.o)
                0x00080884                _getpid
 .text.analogOutputInit
                0x0008088a        0x2 ..\arduino_build\core\core.a(wiring_analog.o)
                0x0008088a                analogOutputInit
 .text.pinMode  0x0008088c      0x108 ..\arduino_build\core\core.a(wiring_digital.o)
                0x0008088c                pinMode
 .text.digitalWrite
                0x00080994       0x70 ..\arduino_build\core\core.a(wiring_digital.o)
                0x00080994                digitalWrite
 .text.digitalRead
                0x00080a04       0x44 ..\arduino_build\core\core.a(wiring_digital.o)
                0x00080a04                digitalRead
 .text.tickReset
                0x00080a48       0x20 ..\arduino_build\core\core.a(Reset.o)
                0x00080a48                tickReset
 .text._ZN10RingBufferC2Ev
                0x00080a68       0x1a ..\arduino_build\core\core.a(RingBuffer.o)
                0x00080a68                RingBuffer::RingBuffer()
                0x00080a68                RingBuffer::RingBuffer()
 .text._ZN10RingBuffer10store_charEh
                0x00080a82       0x1e ..\arduino_build\core\core.a(RingBuffer.o)
                0x00080a82                RingBuffer::store_char(unsigned char)
 .text._ZN9UARTClasscvbEv
                0x00080aa0        0x4 ..\arduino_build\core\core.a(UARTClass.o)
                0x00080aa0                UARTClass::operator bool()
 .text._ZN9UARTClass9availableEv
                0x00080aa4       0x12 ..\arduino_build\core\core.a(UARTClass.o)
                0x00080aa4                UARTClass::available()
 .text._ZN9UARTClass4peekEv
                0x00080ab6       0x1c ..\arduino_build\core\core.a(UARTClass.o)
                0x00080ab6                UARTClass::peek()
 .text._ZN9UARTClass4readEv
                0x00080ad2       0x2a ..\arduino_build\core\core.a(UARTClass.o)
                0x00080ad2                UARTClass::read()
 .text._ZN9UARTClass5flushEv
                0x00080afc       0x18 ..\arduino_build\core\core.a(UARTClass.o)
                0x00080afc                UARTClass::flush()
 .text._ZN9UARTClass5writeEh
                0x00080b14       0x54 ..\arduino_build\core\core.a(UARTClass.o)
                0x00080b14                UARTClass::write(unsigned char)
 .text._ZN9UARTClass3endEv
                0x00080b68       0x3c ..\arduino_build\core\core.a(UARTClass.o)
                0x00080b68                UARTClass::end()
 .text._ZN9UARTClassC2EP4Uart4IRQnmP10RingBufferS4_
                0x00080ba4       0x24 ..\arduino_build\core\core.a(UARTClass.o)
                0x00080ba4                UARTClass::UARTClass(Uart*, IRQn, unsigned long, RingBuffer*, RingBuffer*)
                0x00080ba4                UARTClass::UARTClass(Uart*, IRQn, unsigned long, RingBuffer*, RingBuffer*)
 .text._ZN9UARTClass4initEmm
                0x00080bc8       0x70 ..\arduino_build\core\core.a(UARTClass.o)
                0x00080bc8                UARTClass::init(unsigned long, unsigned long)
 .text._ZN9UARTClass5beginEm
                0x00080c38        0x8 ..\arduino_build\core\core.a(UARTClass.o)
                0x00080c38                UARTClass::begin(unsigned long)
 .text._ZN9UARTClass10IrqHandlerEv
                0x00080c40       0x5a ..\arduino_build\core\core.a(UARTClass.o)
                0x00080c40                UARTClass::IrqHandler()
 .text._ZN10USARTClass5beginEm
                0x00080c9a        0x8 ..\arduino_build\core\core.a(USARTClass.o)
                0x00080c9a                USARTClass::begin(unsigned long)
 *fill*         0x00080ca2        0x2 
 .text._ZN10USARTClassC2EP5Usart4IRQnmP10RingBufferS4_
                0x00080ca4       0x24 ..\arduino_build\core\core.a(USARTClass.o)
                0x00080ca4                USARTClass::USARTClass(Usart*, IRQn, unsigned long, RingBuffer*, RingBuffer*)
                0x00080ca4                USARTClass::USARTClass(Usart*, IRQn, unsigned long, RingBuffer*, RingBuffer*)
 .text.__cxa_pure_virtual
                0x00080cc8        0x2 ..\arduino_build\core\core.a(abi.o)
                0x00080cc8                __cxa_pure_virtual
 .text._ZN5Print5writeEPKhj
                0x00080cca       0x22 ..\arduino_build\core\core.a(Print.o)
                0x00080cca                Print::write(unsigned char const*, unsigned int)
 .text.startup.main
                0x00080cec      0x270 build\archive.a(main.o)
                0x00080cec                main
 .text._Z11draw_secondR16Adafruit_SSD1306iiRK16LookupTable_timeILi60ELi24ELi60EE
                0x00080f5c       0x26 build\archive.a(draw.o)
                0x00080f5c                draw_second(Adafruit_SSD1306&, int, int, LookupTable_time<60, 24, 60> const&)
 .text._Z11draw_minuteR16Adafruit_SSD1306iiRK16LookupTable_timeILi60ELi24ELi60EE
                0x00080f82       0x26 build\archive.a(draw.o)
                0x00080f82                draw_minute(Adafruit_SSD1306&, int, int, LookupTable_time<60, 24, 60> const&)
 .text._Z9draw_hourR16Adafruit_SSD1306iiRK16LookupTable_timeILi24ELi18ELi12EE
                0x00080fa8       0x26 build\archive.a(draw.o)
                0x00080fa8                draw_hour(Adafruit_SSD1306&, int, int, LookupTable_time<24, 18, 12> const&)
 .text._Z15draw_clock_faceR16Adafruit_SSD1306RK22LookupTable_clock_faceILi12EE
                0x00080fce       0x52 build\archive.a(draw.o)
                0x00080fce                draw_clock_face(Adafruit_SSD1306&, LookupTable_clock_face<12> const&)
 .text._Z26redraw_clock_face_elementsR16Adafruit_SSD1306
                0x00081020       0x28 build\archive.a(draw.o)
                0x00081020                redraw_clock_face_elements(Adafruit_SSD1306&)
 .text.TimeTick_Increment
                0x00081048       0x10 ..\arduino\hardware\sam\1.6.12\variants\arduino_due_x\libsam_sam3x8e_gcc_rel.a(timetick.o)
                0x00081048                TimeTick_Increment
 .text.GetTickCount
                0x00081058        0xc ..\arduino\hardware\sam\1.6.12\variants\arduino_due_x\libsam_sam3x8e_gcc_rel.a(timetick.o)
                0x00081058                GetTickCount
 .text.delay    0x00081064       0x1c ..\arduino_build\core\core.a(wiring.o)
                0x00081064                delay
 .text._watchdogDefaultSetup
                0x00081080        0xc ..\arduino_build\core\core.a(watchdog.o)
                0x00081080                _watchdogDefaultSetup
                0x00081080                watchdogSetup()
 .text._ZN7TwoWire5writeEPKhj
                0x0008108c       0x50 ..\arduino_build\core\core.a(Wire.o)
                0x0008108c                TwoWire::write(unsigned char const*, unsigned int)
 .text._ZN7TwoWire9availableEv
                0x000810dc        0xc ..\arduino_build\core\core.a(Wire.o)
                0x000810dc                TwoWire::available()
 .text._ZN7TwoWire4readEv
                0x000810e8       0x1e ..\arduino_build\core\core.a(Wire.o)
                0x000810e8                TwoWire::read()
 .text._ZN7TwoWire4peekEv
                0x00081106       0x16 ..\arduino_build\core\core.a(Wire.o)
                0x00081106                TwoWire::peek()
 .text._ZN7TwoWire5flushEv
                0x0008111c        0x2 ..\arduino_build\core\core.a(Wire.o)
                0x0008111c                TwoWire::flush()
 .text._ZN7TwoWire5writeEh
                0x0008111e       0x3a ..\arduino_build\core\core.a(Wire.o)
                0x0008111e                TwoWire::write(unsigned char)
 .text._ZL16TWI_WaitByteSentP3Twim.constprop.3
                0x00081158       0x2c ..\arduino_build\core\core.a(Wire.o)
 .text._ZL24TWI_WaitTransferCompleteP3Twim.constprop.4
                0x00081184       0x2c ..\arduino_build\core\core.a(Wire.o)
 .text._ZL9Wire_Initv
                0x000811b0       0x54 ..\arduino_build\core\core.a(Wire.o)
 .text._ZL12Wire1_Deinitv
                0x00081204       0x18 ..\arduino_build\core\core.a(Wire.o)
 .text._ZL11Wire_Deinitv
                0x0008121c       0x18 ..\arduino_build\core\core.a(Wire.o)
 .text._ZL10Wire1_Initv
                0x00081234       0x54 ..\arduino_build\core\core.a(Wire.o)
 .text._ZN7TwoWireC2EP3TwiPFvvES3_
                0x00081288       0x48 ..\arduino_build\core\core.a(Wire.o)
                0x00081288                TwoWire::TwoWire(Twi*, void (*)(), void (*)())
                0x00081288                TwoWire::TwoWire(Twi*, void (*)(), void (*)())
 .text._ZN7TwoWire5beginEv
                0x000812d0       0x30 ..\arduino_build\core\core.a(Wire.o)
                0x000812d0                TwoWire::begin()
 .text._ZN7TwoWire8setClockEm
                0x00081300       0x14 ..\arduino_build\core\core.a(Wire.o)
                0x00081300                TwoWire::setClock(unsigned long)
 .text._ZN7TwoWire17beginTransmissionEi
                0x00081314       0x12 ..\arduino_build\core\core.a(Wire.o)
                0x00081314                TwoWire::beginTransmission(int)
 .text._ZN7TwoWire15endTransmissionEh
                0x00081326       0x82 ..\arduino_build\core\core.a(Wire.o)
                0x00081326                TwoWire::endTransmission(unsigned char)
 .text._ZN7TwoWire15endTransmissionEv
                0x000813a8        0x6 ..\arduino_build\core\core.a(Wire.o)
                0x000813a8                TwoWire::endTransmission()
 .text._ZN7TwoWire9onServiceEv
                0x000813ae      0x118 ..\arduino_build\core\core.a(Wire.o)
                0x000813ae                TwoWire::onService()
 *fill*         0x000814c6        0x2 
 .text.TWI1_Handler
                0x000814c8        0xc ..\arduino_build\core\core.a(Wire.o)
                0x000814c8                TWI1_Handler
 .text.TWI0_Handler
                0x000814d4        0xc ..\arduino_build\core\core.a(Wire.o)
                0x000814d4                TWI0_Handler
 .text.startup._GLOBAL__sub_I__ZN7TwoWireC2EP3TwiPFvvES3_
                0x000814e0       0x40 ..\arduino_build\core\core.a(Wire.o)
 .text._ZN16Adafruit_SSD13069drawPixelEsst
                0x00081520       0xca ..\Adafruit_SSD1306\build\ada_fruit_archive.a(Adafruit_SSD1306.o)
                0x00081520                Adafruit_SSD1306::drawPixel(short, short, unsigned short)
 .text._ZN8SPIClass16beginTransactionE11SPISettings
                0x000815ea       0x12 ..\Adafruit_SSD1306\build\ada_fruit_archive.a(Adafruit_SSD1306.o)
                0x000815ea                SPIClass::beginTransaction(SPISettings)
 .text._ZN16Adafruit_SSD1306C2EhhP7TwoWireamm
                0x000815fc       0x5c ..\Adafruit_SSD1306\build\ada_fruit_archive.a(Adafruit_SSD1306.o)
                0x000815fc                Adafruit_SSD1306::Adafruit_SSD1306(unsigned char, unsigned char, TwoWire*, signed char, unsigned long, unsigned long)
                0x000815fc                Adafruit_SSD1306::Adafruit_SSD1306(unsigned char, unsigned char, TwoWire*, signed char, unsigned long, unsigned long)
 .text._ZN16Adafruit_SSD130616ssd1306_command1Eh
                0x00081658       0x88 ..\Adafruit_SSD1306\build\ada_fruit_archive.a(Adafruit_SSD1306.o)
                0x00081658                Adafruit_SSD1306::ssd1306_command1(unsigned char)
 .text._ZN16Adafruit_SSD130613invertDisplayEb
                0x000816e0       0x62 ..\Adafruit_SSD1306\build\ada_fruit_archive.a(Adafruit_SSD1306.o)
                0x000816e0                Adafruit_SSD1306::invertDisplay(bool)
 .text._ZN16Adafruit_SSD130619ssd1306_commandListEPKhh
                0x00081742       0xda ..\Adafruit_SSD1306\build\ada_fruit_archive.a(Adafruit_SSD1306.o)
                0x00081742                Adafruit_SSD1306::ssd1306_commandList(unsigned char const*, unsigned char)
 .text._ZN16Adafruit_SSD130612clearDisplayEv
                0x0008181c       0x1a ..\Adafruit_SSD1306\build\ada_fruit_archive.a(Adafruit_SSD1306.o)
                0x0008181c                Adafruit_SSD1306::clearDisplay()
 *fill*         0x00081836        0x2 
 .text._ZN16Adafruit_SSD13065beginEhhbb
                0x00081838      0x2c0 ..\Adafruit_SSD1306\build\ada_fruit_archive.a(Adafruit_SSD1306.o)
                0x00081838                Adafruit_SSD1306::begin(unsigned char, unsigned char, bool, bool)
 .text._ZN16Adafruit_SSD130621drawFastHLineInternalEssst
                0x00081af8       0x9c ..\Adafruit_SSD1306\build\ada_fruit_archive.a(Adafruit_SSD1306.o)
                0x00081af8                Adafruit_SSD1306::drawFastHLineInternal(short, short, short, unsigned short)
 .text._ZN16Adafruit_SSD130621drawFastVLineInternalEssst
                0x00081b94      0x110 ..\Adafruit_SSD1306\build\ada_fruit_archive.a(Adafruit_SSD1306.o)
                0x00081b94                Adafruit_SSD1306::drawFastVLineInternal(short, short, short, unsigned short)
 .text._ZN16Adafruit_SSD130613drawFastHLineEssst
                0x00081ca4       0x52 ..\Adafruit_SSD1306\build\ada_fruit_archive.a(Adafruit_SSD1306.o)
                0x00081ca4                Adafruit_SSD1306::drawFastHLine(short, short, short, unsigned short)
 .text._ZN16Adafruit_SSD130613drawFastVLineEssst
                0x00081cf6       0x52 ..\Adafruit_SSD1306\build\ada_fruit_archive.a(Adafruit_SSD1306.o)
                0x00081cf6                Adafruit_SSD1306::drawFastVLine(short, short, short, unsigned short)
 .text._ZN16Adafruit_SSD13067displayEv
                0x00081d48      0x150 ..\Adafruit_SSD1306\build\ada_fruit_archive.a(Adafruit_SSD1306.o)
                0x00081d48                Adafruit_SSD1306::display()
 .text._ZN12Adafruit_GFX9writeLineEsssst
                0x00081e98       0xc8 ..\Adafruit-GFX-Library\build\ada_fruit_gfx_archive.a(Adafruit_GFX.o)
                0x00081e98                Adafruit_GFX::writeLine(short, short, short, short, unsigned short)
 .text._ZN12Adafruit_GFX10startWriteEv
                0x00081f60        0x2 ..\Adafruit-GFX-Library\build\ada_fruit_gfx_archive.a(Adafruit_GFX.o)
                0x00081f60                Adafruit_GFX::startWrite()
 .text._ZN12Adafruit_GFX10writePixelEsst
                0x00081f62        0xa ..\Adafruit-GFX-Library\build\ada_fruit_gfx_archive.a(Adafruit_GFX.o)
                0x00081f62                Adafruit_GFX::writePixel(short, short, unsigned short)
 .text._ZN12Adafruit_GFX14writeFastVLineEssst
                0x00081f6c       0x12 ..\Adafruit-GFX-Library\build\ada_fruit_gfx_archive.a(Adafruit_GFX.o)
                0x00081f6c                Adafruit_GFX::writeFastVLine(short, short, short, unsigned short)
 .text._ZN12Adafruit_GFX14writeFastHLineEssst
                0x00081f7e       0x12 ..\Adafruit-GFX-Library\build\ada_fruit_gfx_archive.a(Adafruit_GFX.o)
                0x00081f7e                Adafruit_GFX::writeFastHLine(short, short, short, unsigned short)
 .text._ZN12Adafruit_GFX13writeFillRectEsssst
                0x00081f90       0x18 ..\Adafruit-GFX-Library\build\ada_fruit_gfx_archive.a(Adafruit_GFX.o)
                0x00081f90                Adafruit_GFX::writeFillRect(short, short, short, short, unsigned short)
 .text._ZN12Adafruit_GFX8endWriteEv
                0x00081fa8        0x2 ..\Adafruit-GFX-Library\build\ada_fruit_gfx_archive.a(Adafruit_GFX.o)
                0x00081fa8                Adafruit_GFX::endWrite()
 .text._ZN12Adafruit_GFX13drawFastVLineEssst
                0x00081faa       0x38 ..\Adafruit-GFX-Library\build\ada_fruit_gfx_archive.a(Adafruit_GFX.o)
                0x00081faa                Adafruit_GFX::drawFastVLine(short, short, short, unsigned short)
 .text._ZN12Adafruit_GFX13drawFastHLineEssst
                0x00081fe2       0x36 ..\Adafruit-GFX-Library\build\ada_fruit_gfx_archive.a(Adafruit_GFX.o)
                0x00081fe2                Adafruit_GFX::drawFastHLine(short, short, short, unsigned short)
 .text._ZN12Adafruit_GFX8fillRectEsssst
                0x00082018       0x48 ..\Adafruit-GFX-Library\build\ada_fruit_gfx_archive.a(Adafruit_GFX.o)
                0x00082018                Adafruit_GFX::fillRect(short, short, short, short, unsigned short)
 .text._ZN12Adafruit_GFX10fillScreenEt
                0x00082060       0x1c ..\Adafruit-GFX-Library\build\ada_fruit_gfx_archive.a(Adafruit_GFX.o)
                0x00082060                Adafruit_GFX::fillScreen(unsigned short)
 .text._ZN12Adafruit_GFX8drawLineEsssst
                0x0008207c       0x7c ..\Adafruit-GFX-Library\build\ada_fruit_gfx_archive.a(Adafruit_GFX.o)
                0x0008207c                Adafruit_GFX::drawLine(short, short, short, short, unsigned short)
 .text._ZN12Adafruit_GFX8drawRectEsssst
                0x000820f8       0x7c ..\Adafruit-GFX-Library\build\ada_fruit_gfx_archive.a(Adafruit_GFX.o)
                0x000820f8                Adafruit_GFX::drawRect(short, short, short, short, unsigned short)
 .text._ZN12Adafruit_GFX13invertDisplayEb
                0x00082174        0x2 ..\Adafruit-GFX-Library\build\ada_fruit_gfx_archive.a(Adafruit_GFX.o)
                0x00082174                Adafruit_GFX::invertDisplay(bool)
 .text._ZN12Adafruit_GFX11setRotationEh
                0x00082176       0x1e ..\Adafruit-GFX-Library\build\ada_fruit_gfx_archive.a(Adafruit_GFX.o)
                0x00082176                Adafruit_GFX::setRotation(unsigned char)
 .text._ZN12Adafruit_GFXC2Ess
                0x00082194       0x34 ..\Adafruit-GFX-Library\build\ada_fruit_gfx_archive.a(Adafruit_GFX.o)
                0x00082194                Adafruit_GFX::Adafruit_GFX(short, short)
                0x00082194                Adafruit_GFX::Adafruit_GFX(short, short)
 .text._ZN12Adafruit_GFX10drawCircleEssst
                0x000821c8      0x1b0 ..\Adafruit-GFX-Library\build\ada_fruit_gfx_archive.a(Adafruit_GFX.o)
                0x000821c8                Adafruit_GFX::drawCircle(short, short, short, unsigned short)
 .text._ZN12Adafruit_GFX16fillCircleHelperEssshst
                0x00082378      0x134 ..\Adafruit-GFX-Library\build\ada_fruit_gfx_archive.a(Adafruit_GFX.o)
                0x00082378                Adafruit_GFX::fillCircleHelper(short, short, short, unsigned char, short, unsigned short)
 .text._ZN12Adafruit_GFX10fillCircleEssst
                0x000824ac       0x58 ..\Adafruit-GFX-Library\build\ada_fruit_gfx_archive.a(Adafruit_GFX.o)
                0x000824ac                Adafruit_GFX::fillCircle(short, short, short, unsigned short)
 .text._ZN12Adafruit_GFX10drawBitmapEssPKhsst
                0x00082504       0x98 ..\Adafruit-GFX-Library\build\ada_fruit_gfx_archive.a(Adafruit_GFX.o)
                0x00082504                Adafruit_GFX::drawBitmap(short, short, unsigned char const*, short, short, unsigned short)
 .text._ZN12Adafruit_GFX8drawCharEsshtthh
                0x0008259c      0x2c0 ..\Adafruit-GFX-Library\build\ada_fruit_gfx_archive.a(Adafruit_GFX.o)
                0x0008259c                Adafruit_GFX::drawChar(short, short, unsigned char, unsigned short, unsigned short, unsigned char, unsigned char)
 .text._ZN12Adafruit_GFX5writeEh
                0x0008285c      0x102 ..\Adafruit-GFX-Library\build\ada_fruit_gfx_archive.a(Adafruit_GFX.o)
                0x0008285c                Adafruit_GFX::write(unsigned char)
 .text._ZN6RTCDueC2Ei
                0x0008295e       0x18 ..\RTCDue\src\build\RTCDue_archive.a(RTCDue.o)
                0x0008295e                RTCDue::RTCDue(int)
                0x0008295e                RTCDue::RTCDue(int)
 *fill*         0x00082976        0x2 
 .text._ZN6RTCDue5beginEv
                0x00082978       0x34 ..\RTCDue\src\build\RTCDue_archive.a(RTCDue.o)
                0x00082978                RTCDue::begin()
 .text._ZN6RTCDue11currentTimeEv
                0x000829ac       0x18 ..\RTCDue\src\build\RTCDue_archive.a(RTCDue.o)
                0x000829ac                RTCDue::currentTime()
 .text._ZN6RTCDue8getHoursEv
                0x000829c4       0x1c ..\RTCDue\src\build\RTCDue_archive.a(RTCDue.o)
                0x000829c4                RTCDue::getHours()
 .text._ZN6RTCDue10getMinutesEv
                0x000829e0       0x1c ..\RTCDue\src\build\RTCDue_archive.a(RTCDue.o)
                0x000829e0                RTCDue::getMinutes()
 .text._ZN6RTCDue10getSecondsEv
                0x000829fc       0x1a ..\RTCDue\src\build\RTCDue_archive.a(RTCDue.o)
                0x000829fc                RTCDue::getSeconds()
 .text._ZN6RTCDue18calculateDayofWeekEtii
                0x00082a16       0x48 ..\RTCDue\src\build\RTCDue_archive.a(RTCDue.o)
                0x00082a16                RTCDue::calculateDayofWeek(unsigned short, int, int)
 *fill*         0x00082a5e        0x2 
 .text._ZN6RTCDue11currentDateEv
                0x00082a60       0x18 ..\RTCDue\src\build\RTCDue_archive.a(RTCDue.o)
                0x00082a60                RTCDue::currentDate()
 .text._ZN6RTCDue7getYearEv
                0x00082a78       0x36 ..\RTCDue\src\build\RTCDue_archive.a(RTCDue.o)
                0x00082a78                RTCDue::getYear()
 .text._ZN6RTCDue8getMonthEv
                0x00082aae       0x1c ..\RTCDue\src\build\RTCDue_archive.a(RTCDue.o)
                0x00082aae                RTCDue::getMonth()
 .text._ZN6RTCDue6getDayEv
                0x00082aca       0x1c ..\RTCDue\src\build\RTCDue_archive.a(RTCDue.o)
                0x00082aca                RTCDue::getDay()
 *fill*         0x00082ae6        0x2 
 .text._ZN6RTCDue10changeTimeEm
                0x00082ae8       0x3c ..\RTCDue\src\build\RTCDue_archive.a(RTCDue.o)
                0x00082ae8                RTCDue::changeTime(unsigned long)
 .text._ZN6RTCDue8setHoursEi
                0x00082b24       0x30 ..\RTCDue\src\build\RTCDue_archive.a(RTCDue.o)
                0x00082b24                RTCDue::setHours(int)
 .text._ZN6RTCDue10setMinutesEi
                0x00082b54       0x30 ..\RTCDue\src\build\RTCDue_archive.a(RTCDue.o)
                0x00082b54                RTCDue::setMinutes(int)
 .text._ZN6RTCDue10setSecondsEi
                0x00082b84       0x2e ..\RTCDue\src\build\RTCDue_archive.a(RTCDue.o)
                0x00082b84                RTCDue::setSeconds(int)
 *fill*         0x00082bb2        0x2 
 .text._ZN6RTCDue10changeDateEm
                0x00082bb4       0x3c ..\RTCDue\src\build\RTCDue_archive.a(RTCDue.o)
                0x00082bb4                RTCDue::changeDate(unsigned long)
 .text._ZN6RTCDue6setDayEi
                0x00082bf0       0x62 ..\RTCDue\src\build\RTCDue_archive.a(RTCDue.o)
                0x00082bf0                RTCDue::setDay(int)
 .text._ZN6RTCDue8setMonthEi
                0x00082c52       0x62 ..\RTCDue\src\build\RTCDue_archive.a(RTCDue.o)
                0x00082c52                RTCDue::setMonth(int)
 .text._ZN6RTCDue7setYearEt
                0x00082cb4       0x88 ..\RTCDue\src\build\RTCDue_archive.a(RTCDue.o)
                0x00082cb4                RTCDue::setYear(unsigned short)
 .text.RTC_Handler
                0x00082d3c       0x54 ..\RTCDue\src\build\RTCDue_archive.a(RTCDue.o)
                0x00082d3c                RTC_Handler
 .text.RTC_SetHourMode
                0x00082d90       0x28 ..\arduino\hardware\sam\1.6.12\variants\arduino_due_x\libsam_sam3x8e_gcc_rel.a(rtc.o)
                0x00082d90                RTC_SetHourMode
 .text.RTC_EnableIt
                0x00082db8       0x28 ..\arduino\hardware\sam\1.6.12\variants\arduino_due_x\libsam_sam3x8e_gcc_rel.a(rtc.o)
                0x00082db8                RTC_EnableIt
 .text.RTC_DisableIt
                0x00082de0       0x28 ..\arduino\hardware\sam\1.6.12\variants\arduino_due_x\libsam_sam3x8e_gcc_rel.a(rtc.o)
                0x00082de0                RTC_DisableIt
 .text.RTC_ClearSCCR
                0x00082e08        0x8 ..\arduino\hardware\sam\1.6.12\variants\arduino_due_x\libsam_sam3x8e_gcc_rel.a(rtc.o)
                0x00082e08                RTC_ClearSCCR
 .text.TWI_SetClock
                0x00082e10       0x58 ..\arduino\hardware\sam\1.6.12\variants\arduino_due_x\libsam_sam3x8e_gcc_rel.a(twi.o)
                0x00082e10                TWI_SetClock
 .text.TWI_Disable
                0x00082e68       0x2c ..\arduino\hardware\sam\1.6.12\variants\arduino_due_x\libsam_sam3x8e_gcc_rel.a(twi.o)
                0x00082e68                TWI_Disable
 .text.TWI_ConfigureMaster
                0x00082e94       0x48 ..\arduino\hardware\sam\1.6.12\variants\arduino_due_x\libsam_sam3x8e_gcc_rel.a(twi.o)
                0x00082e94                TWI_ConfigureMaster
 .text.TWI_Stop
                0x00082edc       0x28 ..\arduino\hardware\sam\1.6.12\variants\arduino_due_x\libsam_sam3x8e_gcc_rel.a(twi.o)
                0x00082edc                TWI_Stop
 .text.TWI_ReadByte
                0x00082f04       0x28 ..\arduino\hardware\sam\1.6.12\variants\arduino_due_x\libsam_sam3x8e_gcc_rel.a(twi.o)
                0x00082f04                TWI_ReadByte
 .text.TWI_WriteByte
                0x00082f2c       0x24 ..\arduino\hardware\sam\1.6.12\variants\arduino_due_x\libsam_sam3x8e_gcc_rel.a(twi.o)
                0x00082f2c                TWI_WriteByte
 .text.TWI_StartWrite
                0x00082f50       0x7c ..\arduino\hardware\sam\1.6.12\variants\arduino_due_x\libsam_sam3x8e_gcc_rel.a(twi.o)
                0x00082f50                TWI_StartWrite
 .text.TWI_EnableIt
                0x00082fcc       0x40 ..\arduino\hardware\sam\1.6.12\variants\arduino_due_x\libsam_sam3x8e_gcc_rel.a(twi.o)
                0x00082fcc                TWI_EnableIt
 .text.TWI_DisableIt
                0x0008300c       0x40 ..\arduino\hardware\sam\1.6.12\variants\arduino_due_x\libsam_sam3x8e_gcc_rel.a(twi.o)
                0x0008300c                TWI_DisableIt
 .text.TWI_GetStatus
                0x0008304c       0x28 ..\arduino\hardware\sam\1.6.12\variants\arduino_due_x\libsam_sam3x8e_gcc_rel.a(twi.o)
                0x0008304c                TWI_GetStatus
 .text.WDT_Disable
                0x00083074        0x8 ..\arduino\hardware\sam\1.6.12\variants\arduino_due_x\libsam_sam3x8e_gcc_rel.a(wdt.o)
                0x00083074                WDT_Disable
 .text._ZL10SPI_0_Initv
                0x0008307c       0x48 ..\arduino_build\core\core.a(SPI.o)
 .text._ZN8SPIClass4initEv
                0x000830c4       0x36 ..\arduino_build\core\core.a(SPI.o)
                0x000830c4                SPIClass::init()
 *fill*         0x000830fa        0x2 
 .text._ZN8SPIClass16beginTransactionEh11SPISettings
                0x000830fc       0x98 ..\arduino_build\core\core.a(SPI.o)
                0x000830fc                SPIClass::beginTransaction(unsigned char, SPISettings)
 .text._ZN8SPIClass14endTransactionEv
                0x00083194       0x50 ..\arduino_build\core\core.a(SPI.o)
                0x00083194                SPIClass::endTransaction()
 .text._ZN8SPIClass11setDataModeEhh
                0x000831e4       0x34 ..\arduino_build\core\core.a(SPI.o)
                0x000831e4                SPIClass::setDataMode(unsigned char, unsigned char)
 .text._ZN8SPIClass15setClockDividerEhh
                0x00083218       0x2e ..\arduino_build\core\core.a(SPI.o)
                0x00083218                SPIClass::setClockDivider(unsigned char, unsigned char)
 .text._ZN8SPIClass5beginEv
                0x00083246       0x22 ..\arduino_build\core\core.a(SPI.o)
                0x00083246                SPIClass::begin()
 .text._ZN8SPIClass8transferEhh15SPITransferMode
                0x00083268       0x5e ..\arduino_build\core\core.a(SPI.o)
                0x00083268                SPIClass::transfer(unsigned char, unsigned char, SPITransferMode)
 *fill*         0x000832c6        0x2 
 .text.startup._GLOBAL__sub_I__ZN8SPIClassC2EP3SpimPFvvE
                0x000832c8       0x24 ..\arduino_build\core\core.a(SPI.o)
 .text.SPI_Enable
                0x000832ec        0x6 ..\arduino\hardware\sam\1.6.12\variants\arduino_due_x\libsam_sam3x8e_gcc_rel.a(spi.o)
                0x000832ec                SPI_Enable
 *fill*         0x000832f2        0x2 
 .text.SPI_Configure
                0x000832f4       0x20 ..\arduino\hardware\sam\1.6.12\variants\arduino_due_x\libsam_sam3x8e_gcc_rel.a(spi.o)
                0x000832f4                SPI_Configure
 .text.SPI_ConfigureNPCS
                0x00083314        0x8 ..\arduino\hardware\sam\1.6.12\variants\arduino_due_x\libsam_sam3x8e_gcc_rel.a(spi.o)
                0x00083314                SPI_ConfigureNPCS
 .text          0x0008331c      0x378 c:/users/roxanne/desktop/toolchain/arduino/tools/arm-none-eabi-gcc/9.3.1-2020q2/bin/../lib/gcc/arm-none-eabi/9.3.1/thumb/v7-m/nofp\libgcc.a(_arm_addsubdf3.o)
                0x0008331c                __aeabi_drsub
                0x00083324                __aeabi_dsub
                0x00083324                __subdf3
                0x00083328                __aeabi_dadd
                0x00083328                __adddf3
                0x000835a0                __floatunsidf
                0x000835a0                __aeabi_ui2d
                0x000835c0                __floatsidf
                0x000835c0                __aeabi_i2d
                0x000835e4                __aeabi_f2d
                0x000835e4                __extendsfdf2
                0x00083628                __floatundidf
                0x00083628                __aeabi_ul2d
                0x00083638                __floatdidf
                0x00083638                __aeabi_l2d
 .text          0x00083694      0x424 c:/users/roxanne/desktop/toolchain/arduino/tools/arm-none-eabi-gcc/9.3.1-2020q2/bin/../lib/gcc/arm-none-eabi/9.3.1/thumb/v7-m/nofp\libgcc.a(_arm_muldivdf3.o)
                0x00083694                __aeabi_dmul
                0x00083694                __muldf3
                0x000838e8                __divdf3
                0x000838e8                __aeabi_ddiv
 .text          0x00083ab8      0x110 c:/users/roxanne/desktop/toolchain/arduino/tools/arm-none-eabi-gcc/9.3.1-2020q2/bin/../lib/gcc/arm-none-eabi/9.3.1/thumb/v7-m/nofp\libgcc.a(_arm_cmpdf2.o)
                0x00083ab8                __gtdf2
                0x00083ab8                __gedf2
                0x00083ac0                __ltdf2
                0x00083ac0                __ledf2
                0x00083ac8                __nedf2
                0x00083ac8                __eqdf2
                0x00083ac8                __cmpdf2
                0x00083b44                __aeabi_cdrcmple
                0x00083b54                __aeabi_cdcmpeq
                0x00083b54                __aeabi_cdcmple
                0x00083b64                __aeabi_dcmpeq
                0x00083b78                __aeabi_dcmplt
                0x00083b8c                __aeabi_dcmple
                0x00083ba0                __aeabi_dcmpge
                0x00083bb4                __aeabi_dcmpgt
 .text.__assert_func
                0x00083bc8       0x3c c:/users/roxanne/desktop/toolchain/arduino/tools/arm-none-eabi-gcc/9.3.1-2020q2/bin/../lib/gcc/arm-none-eabi/9.3.1/../../../../arm-none-eabi/lib/thumb/v7-m/nofp\libc.a(lib_a-assert.o)
                0x00083bc8                __assert_func
 .text.fiprintf
                0x00083c04       0x28 c:/users/roxanne/desktop/toolchain/arduino/tools/arm-none-eabi-gcc/9.3.1-2020q2/bin/../lib/gcc/arm-none-eabi/9.3.1/../../../../arm-none-eabi/lib/thumb/v7-m/nofp\libc.a(lib_a-fiprintf.o)
                0x00083c04                fiprintf
 .text.__libc_init_array
                0x00083c2c       0x48 c:/users/roxanne/desktop/toolchain/arduino/tools/arm-none-eabi-gcc/9.3.1-2020q2/bin/../lib/gcc/arm-none-eabi/9.3.1/../../../../arm-none-eabi/lib/thumb/v7-m/nofp\libc.a(lib_a-init.o)
                0x00083c2c                __libc_init_array
 .text.malloc   0x00083c74       0x10 c:/users/roxanne/desktop/toolchain/arduino/tools/arm-none-eabi-gcc/9.3.1-2020q2/bin/../lib/gcc/arm-none-eabi/9.3.1/../../../../arm-none-eabi/lib/thumb/v7-m/nofp\libc.a(lib_a-malloc.o)
                0x00083c74                malloc
 .text._malloc_r
                0x00083c84      0x55c c:/users/roxanne/desktop/toolchain/arduino/tools/arm-none-eabi-gcc/9.3.1-2020q2/bin/../lib/gcc/arm-none-eabi/9.3.1/../../../../arm-none-eabi/lib/thumb/v7-m/nofp\libc.a(lib_a-mallocr.o)
                0x00083c84                _malloc_r
 .text          0x000841e0       0xec c:/users/roxanne/desktop/toolchain/arduino/tools/arm-none-eabi-gcc/9.3.1-2020q2/bin/../lib/gcc/arm-none-eabi/9.3.1/../../../../arm-none-eabi/lib/thumb/v7-m/nofp\libc.a(lib_a-memcpy.o)
                0x000841e0                memcpy
 .text.memmove  0x000842cc       0xd4 c:/users/roxanne/desktop/toolchain/arduino/tools/arm-none-eabi-gcc/9.3.1-2020q2/bin/../lib/gcc/arm-none-eabi/9.3.1/../../../../arm-none-eabi/lib/thumb/v7-m/nofp\libc.a(lib_a-memmove.o)
                0x000842cc                memmove
 .text.memset   0x000843a0       0xa0 c:/users/roxanne/desktop/toolchain/arduino/tools/arm-none-eabi-gcc/9.3.1-2020q2/bin/../lib/gcc/arm-none-eabi/9.3.1/../../../../arm-none-eabi/lib/thumb/v7-m/nofp\libc.a(lib_a-memset.o)
                0x000843a0                memset
 .text.__malloc_lock
                0x00084440        0xc c:/users/roxanne/desktop/toolchain/arduino/tools/arm-none-eabi-gcc/9.3.1-2020q2/bin/../lib/gcc/arm-none-eabi/9.3.1/../../../../arm-none-eabi/lib/thumb/v7-m/nofp\libc.a(lib_a-mlock.o)
                0x00084440                __malloc_lock
 .text.__malloc_unlock
                0x0008444c        0xc c:/users/roxanne/desktop/toolchain/arduino/tools/arm-none-eabi-gcc/9.3.1-2020q2/bin/../lib/gcc/arm-none-eabi/9.3.1/../../../../arm-none-eabi/lib/thumb/v7-m/nofp\libc.a(lib_a-mlock.o)
                0x0008444c                __malloc_unlock
 .text.printf   0x00084458       0x28 c:/users/roxanne/desktop/toolchain/arduino/tools/arm-none-eabi-gcc/9.3.1-2020q2/bin/../lib/gcc/arm-none-eabi/9.3.1/../../../../arm-none-eabi/lib/thumb/v7-m/nofp\libc.a(lib_a-printf.o)
                0x00084458                printf
 .text._realloc_r
                0x00084480      0x3e0 c:/users/roxanne/desktop/toolchain/arduino/tools/arm-none-eabi-gcc/9.3.1-2020q2/bin/../lib/gcc/arm-none-eabi/9.3.1/../../../../arm-none-eabi/lib/thumb/v7-m/nofp\libc.a(lib_a-reallocr.o)
                0x00084480                _realloc_r
 .text._sbrk_r  0x00084860       0x24 c:/users/roxanne/desktop/toolchain/arduino/tools/arm-none-eabi-gcc/9.3.1-2020q2/bin/../lib/gcc/arm-none-eabi/9.3.1/../../../../arm-none-eabi/lib/thumb/v7-m/nofp\libc.a(lib_a-sbrkr.o)
                0x00084860                _sbrk_r
 .text.strlen   0x00084884       0x5c c:/users/roxanne/desktop/toolchain/arduino/tools/arm-none-eabi-gcc/9.3.1-2020q2/bin/../lib/gcc/arm-none-eabi/9.3.1/../../../../arm-none-eabi/lib/thumb/v7-m/nofp\libc.a(lib_a-strlen-stub.o)
                0x00084884                strlen
 .text.strncpy  0x000848e0       0x68 c:/users/roxanne/desktop/toolchain/arduino/tools/arm-none-eabi-gcc/9.3.1-2020q2/bin/../lib/gcc/arm-none-eabi/9.3.1/../../../../arm-none-eabi/lib/thumb/v7-m/nofp\libc.a(lib_a-strncpy.o)
                0x000848e0                strncpy
 .text.kill     0x00084948       0x10 c:/users/roxanne/desktop/toolchain/arduino/tools/arm-none-eabi-gcc/9.3.1-2020q2/bin/../lib/gcc/arm-none-eabi/9.3.1/../../../../arm-none-eabi/lib/thumb/v7-m/nofp\libc.a(lib_a-syskill.o)
                0x00084948                kill
 .text.__sprint_r.part.0
                0x00084958       0x78 c:/users/roxanne/desktop/toolchain/arduino/tools/arm-none-eabi-gcc/9.3.1-2020q2/bin/../lib/gcc/arm-none-eabi/9.3.1/../../../../arm-none-eabi/lib/thumb/v7-m/nofp\libc.a(lib_a-vfiprintf.o)
 .text.__sprint_r
                0x000849d0       0x14 c:/users/roxanne/desktop/toolchain/arduino/tools/arm-none-eabi-gcc/9.3.1-2020q2/bin/../lib/gcc/arm-none-eabi/9.3.1/../../../../arm-none-eabi/lib/thumb/v7-m/nofp\libc.a(lib_a-vfiprintf.o)
                0x000849d0                __sprint_r
 .text._vfiprintf_r
                0x000849e4      0xd2c c:/users/roxanne/desktop/toolchain/arduino/tools/arm-none-eabi-gcc/9.3.1-2020q2/bin/../lib/gcc/arm-none-eabi/9.3.1/../../../../arm-none-eabi/lib/thumb/v7-m/nofp\libc.a(lib_a-vfiprintf.o)
                0x000849e4                _vfiprintf_r
 .text.__sbprintf
                0x00085710       0x88 c:/users/roxanne/desktop/toolchain/arduino/tools/arm-none-eabi-gcc/9.3.1-2020q2/bin/../lib/gcc/arm-none-eabi/9.3.1/../../../../arm-none-eabi/lib/thumb/v7-m/nofp\libc.a(lib_a-vfiprintf.o)
 .text._vfprintf_r
                0x00085798     0x1c18 c:/users/roxanne/desktop/toolchain/arduino/tools/arm-none-eabi-gcc/9.3.1-2020q2/bin/../lib/gcc/arm-none-eabi/9.3.1/../../../../arm-none-eabi/lib/thumb/v7-m/nofp\libc.a(lib_a-vfprintf.o)
                0x00085798                _vfprintf_r
 .text.__sbprintf
                0x000873b0       0x88 c:/users/roxanne/desktop/toolchain/arduino/tools/arm-none-eabi-gcc/9.3.1-2020q2/bin/../lib/gcc/arm-none-eabi/9.3.1/../../../../arm-none-eabi/lib/thumb/v7-m/nofp\libc.a(lib_a-vfprintf.o)
 .text.__swsetup_r
                0x00087438       0xd0 c:/users/roxanne/desktop/toolchain/arduino/tools/arm-none-eabi-gcc/9.3.1-2020q2/bin/../lib/gcc/arm-none-eabi/9.3.1/../../../../arm-none-eabi/lib/thumb/v7-m/nofp\libc.a(lib_a-wsetup.o)
                0x00087438                __swsetup_r
 .text.startup.register_fini
                0x00087508       0x14 c:/users/roxanne/desktop/toolchain/arduino/tools/arm-none-eabi-gcc/9.3.1-2020q2/bin/../lib/gcc/arm-none-eabi/9.3.1/../../../../arm-none-eabi/lib/thumb/v7-m/nofp\libc.a(lib_a-__call_atexit.o)
 .text.abort    0x0008751c       0x10 c:/users/roxanne/desktop/toolchain/arduino/tools/arm-none-eabi-gcc/9.3.1-2020q2/bin/../lib/gcc/arm-none-eabi/9.3.1/../../../../arm-none-eabi/lib/thumb/v7-m/nofp\libc.a(lib_a-abort.o)
                0x0008751c                abort
 .text.atexit   0x0008752c        0xc c:/users/roxanne/desktop/toolchain/arduino/tools/arm-none-eabi-gcc/9.3.1-2020q2/bin/../lib/gcc/arm-none-eabi/9.3.1/../../../../arm-none-eabi/lib/thumb/v7-m/nofp\libc.a(lib_a-atexit.o)
                0x0008752c                atexit
 .text.quorem   0x00087538      0x120 c:/users/roxanne/desktop/toolchain/arduino/tools/arm-none-eabi-gcc/9.3.1-2020q2/bin/../lib/gcc/arm-none-eabi/9.3.1/../../../../arm-none-eabi/lib/thumb/v7-m/nofp\libc.a(lib_a-dtoa.o)
 .text._dtoa_r  0x00087658      0xec8 c:/users/roxanne/desktop/toolchain/arduino/tools/arm-none-eabi-gcc/9.3.1-2020q2/bin/../lib/gcc/arm-none-eabi/9.3.1/../../../../arm-none-eabi/lib/thumb/v7-m/nofp\libc.a(lib_a-dtoa.o)
                0x00087658                _dtoa_r
 .text.__sflush_r
                0x00088520      0x130 c:/users/roxanne/desktop/toolchain/arduino/tools/arm-none-eabi-gcc/9.3.1-2020q2/bin/../lib/gcc/arm-none-eabi/9.3.1/../../../../arm-none-eabi/lib/thumb/v7-m/nofp\libc.a(lib_a-fflush.o)
                0x00088520                __sflush_r
 .text._fflush_r
                0x00088650       0x5c c:/users/roxanne/desktop/toolchain/arduino/tools/arm-none-eabi-gcc/9.3.1-2020q2/bin/../lib/gcc/arm-none-eabi/9.3.1/../../../../arm-none-eabi/lib/thumb/v7-m/nofp\libc.a(lib_a-fflush.o)
                0x00088650                _fflush_r
 .text.std      0x000886ac       0x50 c:/users/roxanne/desktop/toolchain/arduino/tools/arm-none-eabi-gcc/9.3.1-2020q2/bin/../lib/gcc/arm-none-eabi/9.3.1/../../../../arm-none-eabi/lib/thumb/v7-m/nofp\libc.a(lib_a-findfp.o)
 .text._cleanup_r
                0x000886fc        0xc c:/users/roxanne/desktop/toolchain/arduino/tools/arm-none-eabi-gcc/9.3.1-2020q2/bin/../lib/gcc/arm-none-eabi/9.3.1/../../../../arm-none-eabi/lib/thumb/v7-m/nofp\libc.a(lib_a-findfp.o)
                0x000886fc                _cleanup_r
 .text.__sinit  0x00088708       0x5c c:/users/roxanne/desktop/toolchain/arduino/tools/arm-none-eabi-gcc/9.3.1-2020q2/bin/../lib/gcc/arm-none-eabi/9.3.1/../../../../arm-none-eabi/lib/thumb/v7-m/nofp\libc.a(lib_a-findfp.o)
                0x00088708                __sinit
 .text.__sfp_lock_acquire
                0x00088764        0xc c:/users/roxanne/desktop/toolchain/arduino/tools/arm-none-eabi-gcc/9.3.1-2020q2/bin/../lib/gcc/arm-none-eabi/9.3.1/../../../../arm-none-eabi/lib/thumb/v7-m/nofp\libc.a(lib_a-findfp.o)
                0x00088764                __sfp_lock_acquire
 .text.__sfp_lock_release
                0x00088770        0xc c:/users/roxanne/desktop/toolchain/arduino/tools/arm-none-eabi-gcc/9.3.1-2020q2/bin/../lib/gcc/arm-none-eabi/9.3.1/../../../../arm-none-eabi/lib/thumb/v7-m/nofp\libc.a(lib_a-findfp.o)
                0x00088770                __sfp_lock_release
 .text.__libc_fini_array
                0x0008877c       0x2c c:/users/roxanne/desktop/toolchain/arduino/tools/arm-none-eabi-gcc/9.3.1-2020q2/bin/../lib/gcc/arm-none-eabi/9.3.1/../../../../arm-none-eabi/lib/thumb/v7-m/nofp\libc.a(lib_a-fini.o)
                0x0008877c                __libc_fini_array
 .text.__fputwc
                0x000887a8       0xa0 c:/users/roxanne/desktop/toolchain/arduino/tools/arm-none-eabi-gcc/9.3.1-2020q2/bin/../lib/gcc/arm-none-eabi/9.3.1/../../../../arm-none-eabi/lib/thumb/v7-m/nofp\libc.a(lib_a-fputwc.o)
                0x000887a8                __fputwc
 .text._fputwc_r
                0x00088848       0x68 c:/users/roxanne/desktop/toolchain/arduino/tools/arm-none-eabi-gcc/9.3.1-2020q2/bin/../lib/gcc/arm-none-eabi/9.3.1/../../../../arm-none-eabi/lib/thumb/v7-m/nofp\libc.a(lib_a-fputwc.o)
                0x00088848                _fputwc_r
 .text._malloc_trim_r
                0x000888b0       0xa0 c:/users/roxanne/desktop/toolchain/arduino/tools/arm-none-eabi-gcc/9.3.1-2020q2/bin/../lib/gcc/arm-none-eabi/9.3.1/../../../../arm-none-eabi/lib/thumb/v7-m/nofp\libc.a(lib_a-freer.o)
                0x000888b0                _malloc_trim_r
 .text._free_r  0x00088950      0x20c c:/users/roxanne/desktop/toolchain/arduino/tools/arm-none-eabi-gcc/9.3.1-2020q2/bin/../lib/gcc/arm-none-eabi/9.3.1/../../../../arm-none-eabi/lib/thumb/v7-m/nofp\libc.a(lib_a-freer.o)
                0x00088950                _free_r
 .text.__sfvwrite_r
                0x00088b5c      0x2ec c:/users/roxanne/desktop/toolchain/arduino/tools/arm-none-eabi-gcc/9.3.1-2020q2/bin/../lib/gcc/arm-none-eabi/9.3.1/../../../../arm-none-eabi/lib/thumb/v7-m/nofp\libc.a(lib_a-fvwrite.o)
                0x00088b5c                __sfvwrite_r
 .text._fwalk_reent
                0x00088e48       0x48 c:/users/roxanne/desktop/toolchain/arduino/tools/arm-none-eabi-gcc/9.3.1-2020q2/bin/../lib/gcc/arm-none-eabi/9.3.1/../../../../arm-none-eabi/lib/thumb/v7-m/nofp\libc.a(lib_a-fwalk.o)
                0x00088e48                _fwalk_reent
 .text.__locale_mb_cur_max
                0x00088e90        0xc c:/users/roxanne/desktop/toolchain/arduino/tools/arm-none-eabi-gcc/9.3.1-2020q2/bin/../lib/gcc/arm-none-eabi/9.3.1/../../../../arm-none-eabi/lib/thumb/v7-m/nofp\libc.a(lib_a-locale.o)
                0x00088e90                __locale_mb_cur_max
 .text._localeconv_r
                0x00088e9c        0x8 c:/users/roxanne/desktop/toolchain/arduino/tools/arm-none-eabi-gcc/9.3.1-2020q2/bin/../lib/gcc/arm-none-eabi/9.3.1/../../../../arm-none-eabi/lib/thumb/v7-m/nofp\libc.a(lib_a-localeconv.o)
                0x00088e9c                _localeconv_r
 .text.__retarget_lock_init_recursive
                0x00088ea4        0x4 c:/users/roxanne/desktop/toolchain/arduino/tools/arm-none-eabi-gcc/9.3.1-2020q2/bin/../lib/gcc/arm-none-eabi/9.3.1/../../../../arm-none-eabi/lib/thumb/v7-m/nofp\libc.a(lib_a-lock.o)
                0x00088ea4                __retarget_lock_init_recursive
 .text.__retarget_lock_close_recursive
                0x00088ea8        0x4 c:/users/roxanne/desktop/toolchain/arduino/tools/arm-none-eabi-gcc/9.3.1-2020q2/bin/../lib/gcc/arm-none-eabi/9.3.1/../../../../arm-none-eabi/lib/thumb/v7-m/nofp\libc.a(lib_a-lock.o)
                0x00088ea8                __retarget_lock_close_recursive
 .text.__retarget_lock_acquire_recursive
                0x00088eac        0x4 c:/users/roxanne/desktop/toolchain/arduino/tools/arm-none-eabi-gcc/9.3.1-2020q2/bin/../lib/gcc/arm-none-eabi/9.3.1/../../../../arm-none-eabi/lib/thumb/v7-m/nofp\libc.a(lib_a-lock.o)
                0x00088eac                __retarget_lock_acquire_recursive
 .text.__retarget_lock_release_recursive
                0x00088eb0        0x4 c:/users/roxanne/desktop/toolchain/arduino/tools/arm-none-eabi-gcc/9.3.1-2020q2/bin/../lib/gcc/arm-none-eabi/9.3.1/../../../../arm-none-eabi/lib/thumb/v7-m/nofp\libc.a(lib_a-lock.o)
                0x00088eb0                __retarget_lock_release_recursive
 .text.__swhatbuf_r
                0x00088eb4       0x5c c:/users/roxanne/desktop/toolchain/arduino/tools/arm-none-eabi-gcc/9.3.1-2020q2/bin/../lib/gcc/arm-none-eabi/9.3.1/../../../../arm-none-eabi/lib/thumb/v7-m/nofp\libc.a(lib_a-makebuf.o)
                0x00088eb4                __swhatbuf_r
 .text.__smakebuf_r
                0x00088f10       0x94 c:/users/roxanne/desktop/toolchain/arduino/tools/arm-none-eabi-gcc/9.3.1-2020q2/bin/../lib/gcc/arm-none-eabi/9.3.1/../../../../arm-none-eabi/lib/thumb/v7-m/nofp\libc.a(lib_a-makebuf.o)
                0x00088f10                __smakebuf_r
 .text.__ascii_mbtowc
                0x00088fa4       0x2c c:/users/roxanne/desktop/toolchain/arduino/tools/arm-none-eabi-gcc/9.3.1-2020q2/bin/../lib/gcc/arm-none-eabi/9.3.1/../../../../arm-none-eabi/lib/thumb/v7-m/nofp\libc.a(lib_a-mbtowc_r.o)
                0x00088fa4                __ascii_mbtowc
 .text.memchr   0x00088fd0       0x80 c:/users/roxanne/desktop/toolchain/arduino/tools/arm-none-eabi-gcc/9.3.1-2020q2/bin/../lib/gcc/arm-none-eabi/9.3.1/../../../../arm-none-eabi/lib/thumb/v7-m/nofp\libc.a(lib_a-memchr-stub.o)
                0x00088fd0                memchr
 .text._Balloc  0x00089050       0x4c c:/users/roxanne/desktop/toolchain/arduino/tools/arm-none-eabi-gcc/9.3.1-2020q2/bin/../lib/gcc/arm-none-eabi/9.3.1/../../../../arm-none-eabi/lib/thumb/v7-m/nofp\libc.a(lib_a-mprec.o)
                0x00089050                _Balloc
 .text._Bfree   0x0008909c       0x14 c:/users/roxanne/desktop/toolchain/arduino/tools/arm-none-eabi-gcc/9.3.1-2020q2/bin/../lib/gcc/arm-none-eabi/9.3.1/../../../../arm-none-eabi/lib/thumb/v7-m/nofp\libc.a(lib_a-mprec.o)
                0x0008909c                _Bfree
 .text.__multadd
                0x000890b0       0x9c c:/users/roxanne/desktop/toolchain/arduino/tools/arm-none-eabi-gcc/9.3.1-2020q2/bin/../lib/gcc/arm-none-eabi/9.3.1/../../../../arm-none-eabi/lib/thumb/v7-m/nofp\libc.a(lib_a-mprec.o)
                0x000890b0                __multadd
 .text.__hi0bits
                0x0008914c       0x40 c:/users/roxanne/desktop/toolchain/arduino/tools/arm-none-eabi-gcc/9.3.1-2020q2/bin/../lib/gcc/arm-none-eabi/9.3.1/../../../../arm-none-eabi/lib/thumb/v7-m/nofp\libc.a(lib_a-mprec.o)
                0x0008914c                __hi0bits
 .text.__lo0bits
                0x0008918c       0x60 c:/users/roxanne/desktop/toolchain/arduino/tools/arm-none-eabi-gcc/9.3.1-2020q2/bin/../lib/gcc/arm-none-eabi/9.3.1/../../../../arm-none-eabi/lib/thumb/v7-m/nofp\libc.a(lib_a-mprec.o)
                0x0008918c                __lo0bits
 .text.__i2b    0x000891ec       0x2c c:/users/roxanne/desktop/toolchain/arduino/tools/arm-none-eabi-gcc/9.3.1-2020q2/bin/../lib/gcc/arm-none-eabi/9.3.1/../../../../arm-none-eabi/lib/thumb/v7-m/nofp\libc.a(lib_a-mprec.o)
                0x000891ec                __i2b
 .text.__multiply
                0x00089218      0x160 c:/users/roxanne/desktop/toolchain/arduino/tools/arm-none-eabi-gcc/9.3.1-2020q2/bin/../lib/gcc/arm-none-eabi/9.3.1/../../../../arm-none-eabi/lib/thumb/v7-m/nofp\libc.a(lib_a-mprec.o)
                0x00089218                __multiply
 .text.__pow5mult
                0x00089378       0x98 c:/users/roxanne/desktop/toolchain/arduino/tools/arm-none-eabi-gcc/9.3.1-2020q2/bin/../lib/gcc/arm-none-eabi/9.3.1/../../../../arm-none-eabi/lib/thumb/v7-m/nofp\libc.a(lib_a-mprec.o)
                0x00089378                __pow5mult
 .text.__lshift
                0x00089410       0xe8 c:/users/roxanne/desktop/toolchain/arduino/tools/arm-none-eabi-gcc/9.3.1-2020q2/bin/../lib/gcc/arm-none-eabi/9.3.1/../../../../arm-none-eabi/lib/thumb/v7-m/nofp\libc.a(lib_a-mprec.o)
                0x00089410                __lshift
 .text.__mcmp   0x000894f8       0x3c c:/users/roxanne/desktop/toolchain/arduino/tools/arm-none-eabi-gcc/9.3.1-2020q2/bin/../lib/gcc/arm-none-eabi/9.3.1/../../../../arm-none-eabi/lib/thumb/v7-m/nofp\libc.a(lib_a-mprec.o)
                0x000894f8                __mcmp
 .text.__mdiff  0x00089534      0x150 c:/users/roxanne/desktop/toolchain/arduino/tools/arm-none-eabi-gcc/9.3.1-2020q2/bin/../lib/gcc/arm-none-eabi/9.3.1/../../../../arm-none-eabi/lib/thumb/v7-m/nofp\libc.a(lib_a-mprec.o)
                0x00089534                __mdiff
 .text.__d2b    0x00089684       0xc4 c:/users/roxanne/desktop/toolchain/arduino/tools/arm-none-eabi-gcc/9.3.1-2020q2/bin/../lib/gcc/arm-none-eabi/9.3.1/../../../../arm-none-eabi/lib/thumb/v7-m/nofp\libc.a(lib_a-mprec.o)
                0x00089684                __d2b
 .text.frexp    0x00089748       0x70 c:/users/roxanne/desktop/toolchain/arduino/tools/arm-none-eabi-gcc/9.3.1-2020q2/bin/../lib/gcc/arm-none-eabi/9.3.1/../../../../arm-none-eabi/lib/thumb/v7-m/nofp\libc.a(lib_a-s_frexp.o)
                0x00089748                frexp
 .text._raise_r
                0x000897b8       0x58 c:/users/roxanne/desktop/toolchain/arduino/tools/arm-none-eabi-gcc/9.3.1-2020q2/bin/../lib/gcc/arm-none-eabi/9.3.1/../../../../arm-none-eabi/lib/thumb/v7-m/nofp\libc.a(lib_a-signal.o)
                0x000897b8                _raise_r
 .text.raise    0x00089810       0x10 c:/users/roxanne/desktop/toolchain/arduino/tools/arm-none-eabi-gcc/9.3.1-2020q2/bin/../lib/gcc/arm-none-eabi/9.3.1/../../../../arm-none-eabi/lib/thumb/v7-m/nofp\libc.a(lib_a-signal.o)
                0x00089810                raise
 .text._kill_r  0x00089820       0x2c c:/users/roxanne/desktop/toolchain/arduino/tools/arm-none-eabi-gcc/9.3.1-2020q2/bin/../lib/gcc/arm-none-eabi/9.3.1/../../../../arm-none-eabi/lib/thumb/v7-m/nofp\libc.a(lib_a-signalr.o)
                0x00089820                _kill_r
 .text._getpid_r
                0x0008984c        0x4 c:/users/roxanne/desktop/toolchain/arduino/tools/arm-none-eabi-gcc/9.3.1-2020q2/bin/../lib/gcc/arm-none-eabi/9.3.1/../../../../arm-none-eabi/lib/thumb/v7-m/nofp\libc.a(lib_a-signalr.o)
                0x0008984c                _getpid_r
 .text.__sread  0x00089850       0x24 c:/users/roxanne/desktop/toolchain/arduino/tools/arm-none-eabi-gcc/9.3.1-2020q2/bin/../lib/gcc/arm-none-eabi/9.3.1/../../../../arm-none-eabi/lib/thumb/v7-m/nofp\libc.a(lib_a-stdio.o)
                0x00089850                __sread
 .text.__swrite
                0x00089874       0x40 c:/users/roxanne/desktop/toolchain/arduino/tools/arm-none-eabi-gcc/9.3.1-2020q2/bin/../lib/gcc/arm-none-eabi/9.3.1/../../../../arm-none-eabi/lib/thumb/v7-m/nofp\libc.a(lib_a-stdio.o)
                0x00089874                __swrite
 .text.__sseek  0x000898b4       0x20 c:/users/roxanne/desktop/toolchain/arduino/tools/arm-none-eabi-gcc/9.3.1-2020q2/bin/../lib/gcc/arm-none-eabi/9.3.1/../../../../arm-none-eabi/lib/thumb/v7-m/nofp\libc.a(lib_a-stdio.o)
                0x000898b4                __sseek
 .text.__sclose
                0x000898d4        0x8 c:/users/roxanne/desktop/toolchain/arduino/tools/arm-none-eabi-gcc/9.3.1-2020q2/bin/../lib/gcc/arm-none-eabi/9.3.1/../../../../arm-none-eabi/lib/thumb/v7-m/nofp\libc.a(lib_a-stdio.o)
                0x000898d4                __sclose
 .text.__swbuf_r
                0x000898dc       0xb0 c:/users/roxanne/desktop/toolchain/arduino/tools/arm-none-eabi-gcc/9.3.1-2020q2/bin/../lib/gcc/arm-none-eabi/9.3.1/../../../../arm-none-eabi/lib/thumb/v7-m/nofp\libc.a(lib_a-wbuf.o)
                0x000898dc                __swbuf_r
 .text._wcrtomb_r
                0x0008998c       0x3c c:/users/roxanne/desktop/toolchain/arduino/tools/arm-none-eabi-gcc/9.3.1-2020q2/bin/../lib/gcc/arm-none-eabi/9.3.1/../../../../arm-none-eabi/lib/thumb/v7-m/nofp\libc.a(lib_a-wcrtomb.o)
                0x0008998c                _wcrtomb_r
 .text.__ascii_wctomb
                0x000899c8       0x1c c:/users/roxanne/desktop/toolchain/arduino/tools/arm-none-eabi-gcc/9.3.1-2020q2/bin/../lib/gcc/arm-none-eabi/9.3.1/../../../../arm-none-eabi/lib/thumb/v7-m/nofp\libc.a(lib_a-wctomb_r.o)
                0x000899c8                __ascii_wctomb
 .text._write_r
                0x000899e4       0x2c c:/users/roxanne/desktop/toolchain/arduino/tools/arm-none-eabi-gcc/9.3.1-2020q2/bin/../lib/gcc/arm-none-eabi/9.3.1/../../../../arm-none-eabi/lib/thumb/v7-m/nofp\libc.a(lib_a-writer.o)
                0x000899e4                _write_r
 .text.__register_exitproc
                0x00089a10       0x8c c:/users/roxanne/desktop/toolchain/arduino/tools/arm-none-eabi-gcc/9.3.1-2020q2/bin/../lib/gcc/arm-none-eabi/9.3.1/../../../../arm-none-eabi/lib/thumb/v7-m/nofp\libc.a(lib_a-__atexit.o)
                0x00089a10                __register_exitproc
 .text._calloc_r
                0x00089a9c       0x60 c:/users/roxanne/desktop/toolchain/arduino/tools/arm-none-eabi-gcc/9.3.1-2020q2/bin/../lib/gcc/arm-none-eabi/9.3.1/../../../../arm-none-eabi/lib/thumb/v7-m/nofp\libc.a(lib_a-callocr.o)
                0x00089a9c                _calloc_r
 .text._close_r
                0x00089afc       0x24 c:/users/roxanne/desktop/toolchain/arduino/tools/arm-none-eabi-gcc/9.3.1-2020q2/bin/../lib/gcc/arm-none-eabi/9.3.1/../../../../arm-none-eabi/lib/thumb/v7-m/nofp\libc.a(lib_a-closer.o)
                0x00089afc                _close_r
 .text._fclose_r
                0x00089b20       0xcc c:/users/roxanne/desktop/toolchain/arduino/tools/arm-none-eabi-gcc/9.3.1-2020q2/bin/../lib/gcc/arm-none-eabi/9.3.1/../../../../arm-none-eabi/lib/thumb/v7-m/nofp\libc.a(lib_a-fclose.o)
                0x00089b20                _fclose_r
 .text._fstat_r
                0x00089bec       0x2c c:/users/roxanne/desktop/toolchain/arduino/tools/arm-none-eabi-gcc/9.3.1-2020q2/bin/../lib/gcc/arm-none-eabi/9.3.1/../../../../arm-none-eabi/lib/thumb/v7-m/nofp\libc.a(lib_a-fstatr.o)
                0x00089bec                _fstat_r
 .text._isatty_r
                0x00089c18       0x24 c:/users/roxanne/desktop/toolchain/arduino/tools/arm-none-eabi-gcc/9.3.1-2020q2/bin/../lib/gcc/arm-none-eabi/9.3.1/../../../../arm-none-eabi/lib/thumb/v7-m/nofp\libc.a(lib_a-isattyr.o)
                0x00089c18                _isatty_r
 .text._lseek_r
                0x00089c3c       0x2c c:/users/roxanne/desktop/toolchain/arduino/tools/arm-none-eabi-gcc/9.3.1-2020q2/bin/../lib/gcc/arm-none-eabi/9.3.1/../../../../arm-none-eabi/lib/thumb/v7-m/nofp\libc.a(lib_a-lseekr.o)
                0x00089c3c                _lseek_r
 .text._read_r  0x00089c68       0x2c c:/users/roxanne/desktop/toolchain/arduino/tools/arm-none-eabi-gcc/9.3.1-2020q2/bin/../lib/gcc/arm-none-eabi/9.3.1/../../../../arm-none-eabi/lib/thumb/v7-m/nofp\libc.a(lib_a-readr.o)
                0x00089c68                _read_r
 .text          0x00089c94       0x2c c:/users/roxanne/desktop/toolchain/arduino/tools/arm-none-eabi-gcc/9.3.1-2020q2/bin/../lib/gcc/arm-none-eabi/9.3.1/thumb/v7-m/nofp\libgcc.a(_arm_unorddf2.o)
                0x00089c94                __unorddf2
                0x00089c94                __aeabi_dcmpun
 .text          0x00089cc0       0x50 c:/users/roxanne/desktop/toolchain/arduino/tools/arm-none-eabi-gcc/9.3.1-2020q2/bin/../lib/gcc/arm-none-eabi/9.3.1/thumb/v7-m/nofp\libgcc.a(_arm_fixdfsi.o)
                0x00089cc0                __aeabi_d2iz
                0x00089cc0                __fixdfsi
 .text          0x00089d10       0x30 c:/users/roxanne/desktop/toolchain/arduino/tools/arm-none-eabi-gcc/9.3.1-2020q2/bin/../lib/gcc/arm-none-eabi/9.3.1/thumb/v7-m/nofp\libgcc.a(_aeabi_uldivmod.o)
                0x00089d10                __aeabi_uldivmod
 .text          0x00089d40      0x2c4 c:/users/roxanne/desktop/toolchain/arduino/tools/arm-none-eabi-gcc/9.3.1-2020q2/bin/../lib/gcc/arm-none-eabi/9.3.1/thumb/v7-m/nofp\libgcc.a(_udivmoddi4.o)
                0x00089d40                __udivmoddi4
 .text          0x0008a004        0x4 c:/users/roxanne/desktop/toolchain/arduino/tools/arm-none-eabi-gcc/9.3.1-2020q2/bin/../lib/gcc/arm-none-eabi/9.3.1/thumb/v7-m/nofp\libgcc.a(_dvmd_tls.o)
                0x0008a004                __aeabi_idiv0
                0x0008a004                __aeabi_ldiv0
 *(.glue_7t)
 .glue_7t       0x0008a008        0x0 linker stubs
 *(.glue_7)
 .glue_7        0x0008a008        0x0 linker stubs
 *(.rodata .rodata* .gnu.linkonce.r.*)
 .rodata.g_APinDescription
                0x0008a008      0xa2c ..\arduino_build\core\variant.o
                0x0008a008                g_APinDescription
 .rodata        0x0008aa34       0x40 ..\arduino\hardware\sam\1.6.12\variants\arduino_due_x\libsam_sam3x8e_gcc_rel.a(adc.o)
 *fill*         0x0008aa74        0x4 
 .rodata._ZTV9UARTClass
                0x0008aa78       0x30 ..\arduino_build\core\core.a(UARTClass.o)
                0x0008aa78                vtable for UARTClass
 .rodata._ZTV10USARTClass
                0x0008aaa8       0x30 ..\arduino_build\core\core.a(USARTClass.o)
                0x0008aaa8                vtable for USARTClass
 .rodata.main.str1.1
                0x0008aad8       0x1c build\archive.a(main.o)
 .rodata        0x0008aaf4      0x360 build\archive.a(main.o)
 *fill*         0x0008ae54        0x4 
 .rodata._ZTV7TwoWire
                0x0008ae58       0x20 ..\arduino_build\core\core.a(Wire.o)
                0x0008ae58                vtable for TwoWire
 .rodata._ZZN16Adafruit_SSD130621drawFastVLineInternalEssstE8postmask
                0x0008ae78        0x8 ..\Adafruit_SSD1306\build\ada_fruit_archive.a(Adafruit_SSD1306.o)
 .rodata._ZZN16Adafruit_SSD13067displayEvE6dlist1
                0x0008ae80        0x5 ..\Adafruit_SSD1306\build\ada_fruit_archive.a(Adafruit_SSD1306.o)
 .rodata._ZZN16Adafruit_SSD130621drawFastVLineInternalEssstE7premask
                0x0008ae85        0x8 ..\Adafruit_SSD1306\build\ada_fruit_archive.a(Adafruit_SSD1306.o)
 *fill*         0x0008ae8d        0x3 
 .rodata._ZTV16Adafruit_SSD1306
                0x0008ae90       0x50 ..\Adafruit_SSD1306\build\ada_fruit_archive.a(Adafruit_SSD1306.o)
                0x0008ae90                vtable for Adafruit_SSD1306
 .rodata._ZL12splash2_data
                0x0008aee0      0x1e0 ..\Adafruit_SSD1306\build\ada_fruit_archive.a(Adafruit_SSD1306.o)
 .rodata._ZZN16Adafruit_SSD13065beginEhhbbE5init1
                0x0008b0c0        0x4 ..\Adafruit_SSD1306\build\ada_fruit_archive.a(Adafruit_SSD1306.o)
 .rodata._ZZN16Adafruit_SSD13065beginEhhbbE5init2
                0x0008b0c4        0x4 ..\Adafruit_SSD1306\build\ada_fruit_archive.a(Adafruit_SSD1306.o)
 .rodata._ZZN16Adafruit_SSD13065beginEhhbbE5init3
                0x0008b0c8        0x4 ..\Adafruit_SSD1306\build\ada_fruit_archive.a(Adafruit_SSD1306.o)
 .rodata._ZZN16Adafruit_SSD13065beginEhhbbE5init5
                0x0008b0cc        0x6 ..\Adafruit_SSD1306\build\ada_fruit_archive.a(Adafruit_SSD1306.o)
 .rodata._ZL12splash1_data
                0x0008b0d2      0x2c0 ..\Adafruit_SSD1306\build\ada_fruit_archive.a(Adafruit_SSD1306.o)
 *fill*         0x0008b392        0x6 
 .rodata._ZTV12Adafruit_GFX
                0x0008b398       0x50 ..\Adafruit-GFX-Library\build\ada_fruit_gfx_archive.a(Adafruit_GFX.o)
                0x0008b398                vtable for Adafruit_GFX
 .rodata._ZL4font
                0x0008b3e8      0x500 ..\Adafruit-GFX-Library\build\ada_fruit_gfx_archive.a(Adafruit_GFX.o)
 .rodata.__func__.6790
                0x0008b8e8       0x10 ..\arduino\hardware\sam\1.6.12\variants\arduino_due_x\libsam_sam3x8e_gcc_rel.a(rtc.o)
 .rodata.str1.1
                0x0008b8f8       0x50 ..\arduino\hardware\sam\1.6.12\variants\arduino_due_x\libsam_sam3x8e_gcc_rel.a(rtc.o)
 .rodata.__func__.6799
                0x0008b948        0xd ..\arduino\hardware\sam\1.6.12\variants\arduino_due_x\libsam_sam3x8e_gcc_rel.a(rtc.o)
 .rodata.__func__.6804
                0x0008b955        0xe ..\arduino\hardware\sam\1.6.12\variants\arduino_due_x\libsam_sam3x8e_gcc_rel.a(rtc.o)
 .rodata.__func__.7227
                0x0008b963        0xe ..\arduino\hardware\sam\1.6.12\variants\arduino_due_x\libsam_sam3x8e_gcc_rel.a(twi.o)
 .rodata.__func__.7157
                0x0008b971        0xd ..\arduino\hardware\sam\1.6.12\variants\arduino_due_x\libsam_sam3x8e_gcc_rel.a(twi.o)
 .rodata.__func__.7208
                0x0008b97e        0xf ..\arduino\hardware\sam\1.6.12\variants\arduino_due_x\libsam_sam3x8e_gcc_rel.a(twi.o)
 .rodata.__func__.7176
                0x0008b98d        0xc ..\arduino\hardware\sam\1.6.12\variants\arduino_due_x\libsam_sam3x8e_gcc_rel.a(twi.o)
 .rodata.str1.1
                0x0008b999       0xb4 ..\arduino\hardware\sam\1.6.12\variants\arduino_due_x\libsam_sam3x8e_gcc_rel.a(twi.o)
 .rodata.__func__.7184
                0x0008ba4d        0x9 ..\arduino\hardware\sam\1.6.12\variants\arduino_due_x\libsam_sam3x8e_gcc_rel.a(twi.o)
 .rodata.__func__.7231
                0x0008ba56        0xe ..\arduino\hardware\sam\1.6.12\variants\arduino_due_x\libsam_sam3x8e_gcc_rel.a(twi.o)
 .rodata.__func__.7195
                0x0008ba64        0xd ..\arduino\hardware\sam\1.6.12\variants\arduino_due_x\libsam_sam3x8e_gcc_rel.a(twi.o)
 .rodata.__func__.7222
                0x0008ba71        0xd ..\arduino\hardware\sam\1.6.12\variants\arduino_due_x\libsam_sam3x8e_gcc_rel.a(twi.o)
 .rodata.__func__.7200
                0x0008ba7e        0xe ..\arduino\hardware\sam\1.6.12\variants\arduino_due_x\libsam_sam3x8e_gcc_rel.a(twi.o)
 .rodata.__func__.7151
                0x0008ba8c       0x14 ..\arduino\hardware\sam\1.6.12\variants\arduino_due_x\libsam_sam3x8e_gcc_rel.a(twi.o)
 .rodata.__assert_func.str1.4
                0x0008baa0       0x3f c:/users/roxanne/desktop/toolchain/arduino/tools/arm-none-eabi-gcc/9.3.1-2020q2/bin/../lib/gcc/arm-none-eabi/9.3.1/../../../../arm-none-eabi/lib/thumb/v7-m/nofp\libc.a(lib_a-assert.o)
                                 0x43 (size before relaxing)
 *fill*         0x0008badf        0x1 
 .rodata._global_impure_ptr
                0x0008bae0        0x4 c:/users/roxanne/desktop/toolchain/arduino/tools/arm-none-eabi-gcc/9.3.1-2020q2/bin/../lib/gcc/arm-none-eabi/9.3.1/../../../../arm-none-eabi/lib/thumb/v7-m/nofp\libc.a(lib_a-impure.o)
                0x0008bae0                _global_impure_ptr
 .rodata._vfiprintf_r.str1.4
                0x0008bae4       0x2f c:/users/roxanne/desktop/toolchain/arduino/tools/arm-none-eabi-gcc/9.3.1-2020q2/bin/../lib/gcc/arm-none-eabi/9.3.1/../../../../arm-none-eabi/lib/thumb/v7-m/nofp\libc.a(lib_a-vfiprintf.o)
 *fill*         0x0008bb13        0x1 
 .rodata.blanks.7328
                0x0008bb14       0x10 c:/users/roxanne/desktop/toolchain/arduino/tools/arm-none-eabi-gcc/9.3.1-2020q2/bin/../lib/gcc/arm-none-eabi/9.3.1/../../../../arm-none-eabi/lib/thumb/v7-m/nofp\libc.a(lib_a-vfiprintf.o)
 .rodata.zeroes.7329
                0x0008bb24       0x10 c:/users/roxanne/desktop/toolchain/arduino/tools/arm-none-eabi-gcc/9.3.1-2020q2/bin/../lib/gcc/arm-none-eabi/9.3.1/../../../../arm-none-eabi/lib/thumb/v7-m/nofp\libc.a(lib_a-vfiprintf.o)
 .rodata._vfprintf_r.str1.4
                0x0008bb34       0x12 c:/users/roxanne/desktop/toolchain/arduino/tools/arm-none-eabi-gcc/9.3.1-2020q2/bin/../lib/gcc/arm-none-eabi/9.3.1/../../../../arm-none-eabi/lib/thumb/v7-m/nofp\libc.a(lib_a-vfprintf.o)
                                 0x42 (size before relaxing)
 *fill*         0x0008bb46        0x2 
 .rodata.blanks.7350
                0x0008bb48       0x10 c:/users/roxanne/desktop/toolchain/arduino/tools/arm-none-eabi-gcc/9.3.1-2020q2/bin/../lib/gcc/arm-none-eabi/9.3.1/../../../../arm-none-eabi/lib/thumb/v7-m/nofp\libc.a(lib_a-vfprintf.o)
 .rodata.zeroes.7351
                0x0008bb58       0x10 c:/users/roxanne/desktop/toolchain/arduino/tools/arm-none-eabi-gcc/9.3.1-2020q2/bin/../lib/gcc/arm-none-eabi/9.3.1/../../../../arm-none-eabi/lib/thumb/v7-m/nofp\libc.a(lib_a-vfprintf.o)
 .rodata._ctype_
                0x0008bb68      0x101 c:/users/roxanne/desktop/toolchain/arduino/tools/arm-none-eabi-gcc/9.3.1-2020q2/bin/../lib/gcc/arm-none-eabi/9.3.1/../../../../arm-none-eabi/lib/thumb/v7-m/nofp\libc.a(lib_a-ctype_.o)
                0x0008bb68                _ctype_
 *fill*         0x0008bc69        0x3 
 .rodata._dtoa_r.str1.4
                0x0008bc6c       0xa0 c:/users/roxanne/desktop/toolchain/arduino/tools/arm-none-eabi-gcc/9.3.1-2020q2/bin/../lib/gcc/arm-none-eabi/9.3.1/../../../../arm-none-eabi/lib/thumb/v7-m/nofp\libc.a(lib_a-dtoa.o)
                                 0xa4 (size before relaxing)
 .rodata._setlocale_r.str1.4
                0x0008bd0c        0xa c:/users/roxanne/desktop/toolchain/arduino/tools/arm-none-eabi-gcc/9.3.1-2020q2/bin/../lib/gcc/arm-none-eabi/9.3.1/../../../../arm-none-eabi/lib/thumb/v7-m/nofp\libc.a(lib_a-locale.o)
                                  0xd (size before relaxing)
 *fill*         0x0008bd16        0x2 
 .rodata.str1.4
                0x0008bd18        0x2 c:/users/roxanne/desktop/toolchain/arduino/tools/arm-none-eabi-gcc/9.3.1-2020q2/bin/../lib/gcc/arm-none-eabi/9.3.1/../../../../arm-none-eabi/lib/thumb/v7-m/nofp\libc.a(lib_a-locale.o)
 *fill*         0x0008bd1a        0x2 
 .rodata.__multadd.str1.4
                0x0008bd1c       0x7d c:/users/roxanne/desktop/toolchain/arduino/tools/arm-none-eabi-gcc/9.3.1-2020q2/bin/../lib/gcc/arm-none-eabi/9.3.1/../../../../arm-none-eabi/lib/thumb/v7-m/nofp\libc.a(lib_a-mprec.o)
                                 0x91 (size before relaxing)
 *fill*         0x0008bd99        0x7 
 .rodata.__mprec_bigtens
                0x0008bda0       0x28 c:/users/roxanne/desktop/toolchain/arduino/tools/arm-none-eabi-gcc/9.3.1-2020q2/bin/../lib/gcc/arm-none-eabi/9.3.1/../../../../arm-none-eabi/lib/thumb/v7-m/nofp\libc.a(lib_a-mprec.o)
                0x0008bda0                __mprec_bigtens
 .rodata.__mprec_tens
                0x0008bdc8       0xc8 c:/users/roxanne/desktop/toolchain/arduino/tools/arm-none-eabi-gcc/9.3.1-2020q2/bin/../lib/gcc/arm-none-eabi/9.3.1/../../../../arm-none-eabi/lib/thumb/v7-m/nofp\libc.a(lib_a-mprec.o)
                0x0008bdc8                __mprec_tens
 .rodata.p05.6122
                0x0008be90        0xc c:/users/roxanne/desktop/toolchain/arduino/tools/arm-none-eabi-gcc/9.3.1-2020q2/bin/../lib/gcc/arm-none-eabi/9.3.1/../../../../arm-none-eabi/lib/thumb/v7-m/nofp\libc.a(lib_a-mprec.o)
 *(.ARM.extab* .gnu.linkonce.armextab.*)
                0x0008be9c                . = ALIGN (0x4)
 *(.init)
 .init          0x0008be9c        0x4 c:/users/roxanne/desktop/toolchain/arduino/tools/arm-none-eabi-gcc/9.3.1-2020q2/bin/../lib/gcc/arm-none-eabi/9.3.1/thumb/v7-m/nofp/crti.o
                0x0008be9c                _init
 .init          0x0008bea0        0x8 c:/users/roxanne/desktop/toolchain/arduino/tools/arm-none-eabi-gcc/9.3.1-2020q2/bin/../lib/gcc/arm-none-eabi/9.3.1/thumb/v7-m/nofp/crtn.o
                0x0008bea8                . = ALIGN (0x4)
                0x0008bea8                __preinit_array_start = .
 *(.preinit_array)
                0x0008bea8                __preinit_array_end = .
                0x0008bea8                . = ALIGN (0x4)
                0x0008bea8                __init_array_start = .
 *(SORT_BY_NAME(.init_array.*))
 .init_array.00000
                0x0008bea8        0x4 c:/users/roxanne/desktop/toolchain/arduino/tools/arm-none-eabi-gcc/9.3.1-2020q2/bin/../lib/gcc/arm-none-eabi/9.3.1/../../../../arm-none-eabi/lib/thumb/v7-m/nofp\libc.a(lib_a-__call_atexit.o)
 *(.init_array)
 .init_array    0x0008beac        0x4 c:/users/roxanne/desktop/toolchain/arduino/tools/arm-none-eabi-gcc/9.3.1-2020q2/bin/../lib/gcc/arm-none-eabi/9.3.1/thumb/v7-m/nofp/crtbegin.o
 .init_array    0x0008beb0        0x4 ..\arduino_build\core\variant.o
 .init_array    0x0008beb4        0x4 ..\arduino_build\core\core.a(Wire.o)
 .init_array    0x0008beb8        0x4 ..\arduino_build\core\core.a(SPI.o)
                0x0008bebc                __init_array_end = .
                0x0008bebc                . = ALIGN (0x4)
 *crtbegin.o(.ctors)
 *(EXCLUDE_FILE(*crtend.o) .ctors)
 *(SORT_BY_NAME(.ctors.*))
 *crtend.o(.ctors)
                0x0008bebc                . = ALIGN (0x4)
 *(.fini)
 .fini          0x0008bebc        0x4 c:/users/roxanne/desktop/toolchain/arduino/tools/arm-none-eabi-gcc/9.3.1-2020q2/bin/../lib/gcc/arm-none-eabi/9.3.1/thumb/v7-m/nofp/crti.o
                0x0008bebc                _fini
 .fini          0x0008bec0        0x8 c:/users/roxanne/desktop/toolchain/arduino/tools/arm-none-eabi-gcc/9.3.1-2020q2/bin/../lib/gcc/arm-none-eabi/9.3.1/thumb/v7-m/nofp/crtn.o
                0x0008bec8                . = ALIGN (0x4)
                0x0008bec8                __fini_array_start = .
 *(.fini_array)
 .fini_array    0x0008bec8        0x4 c:/users/roxanne/desktop/toolchain/arduino/tools/arm-none-eabi-gcc/9.3.1-2020q2/bin/../lib/gcc/arm-none-eabi/9.3.1/thumb/v7-m/nofp/crtbegin.o
 *(SORT_BY_NAME(.fini_array.*))
                0x0008becc                __fini_array_end = .
 *crtbegin.o(.dtors)
 *(EXCLUDE_FILE(*crtend.o) .dtors)
 *(SORT_BY_NAME(.dtors.*))
 *crtend.o(.dtors)
                0x0008becc                . = ALIGN (0x4)
                0x0008becc                _efixed = .
                [!provide]                PROVIDE (__exidx_start = .)

.vfp11_veneer   0x0008becc        0x0
 .vfp11_veneer  0x0008becc        0x0 linker stubs

.v4_bx          0x0008becc        0x0
 .v4_bx         0x0008becc        0x0 linker stubs

.iplt           0x0008becc        0x0
 .iplt          0x0008becc        0x0 c:/users/roxanne/desktop/toolchain/arduino/tools/arm-none-eabi-gcc/9.3.1-2020q2/bin/../lib/gcc/arm-none-eabi/9.3.1/thumb/v7-m/nofp/crtbegin.o

.igot.plt       0x0008becc        0x0
 .igot.plt      0x0008becc        0x0 c:/users/roxanne/desktop/toolchain/arduino/tools/arm-none-eabi-gcc/9.3.1-2020q2/bin/../lib/gcc/arm-none-eabi/9.3.1/thumb/v7-m/nofp/crtbegin.o

.ARM.exidx      0x0008becc        0x8
 *(.ARM.exidx* .gnu.linkonce.armexidx.*)
 .ARM.exidx     0x0008becc        0x8 c:/users/roxanne/desktop/toolchain/arduino/tools/arm-none-eabi-gcc/9.3.1-2020q2/bin/../lib/gcc/arm-none-eabi/9.3.1/thumb/v7-m/nofp\libgcc.a(_udivmoddi4.o)
                [!provide]                PROVIDE (__exidx_end = .)

.eh_frame       0x0008bed4        0x0
 .eh_frame      0x0008bed4        0x0 c:/users/roxanne/desktop/toolchain/arduino/tools/arm-none-eabi-gcc/9.3.1-2020q2/bin/../lib/gcc/arm-none-eabi/9.3.1/thumb/v7-m/nofp/crtbegin.o

.rel.dyn        0x0008bed4        0x0
 .rel.iplt      0x0008bed4        0x0 c:/users/roxanne/desktop/toolchain/arduino/tools/arm-none-eabi-gcc/9.3.1-2020q2/bin/../lib/gcc/arm-none-eabi/9.3.1/thumb/v7-m/nofp/crtbegin.o
                0x0008bed4                . = ALIGN (0x4)
                0x0008bed4                _etext = .

.relocate       0x20070000      0x9e0 load address 0x0008bed4
                0x20070000                . = ALIGN (0x4)
                0x20070000                _srelocate = .
 *(.ramfunc .ramfunc.*)
 .ramfunc       0x20070000       0x2c ..\arduino_build\core\core.a(Reset.o)
                0x20070000                banzai
 *(.data .data.*)
 .data.SystemCoreClock
                0x2007002c        0x4 ..\arduino\hardware\sam\1.6.12\variants\arduino_due_x\libsam_sam3x8e_gcc_rel.a(system_sam3xa.o)
                0x2007002c                SystemCoreClock
 .data._ZL5ticks
                0x20070030        0x4 ..\arduino_build\core\core.a(Reset.o)
 .data._impure_ptr
                0x20070034        0x4 c:/users/roxanne/desktop/toolchain/arduino/tools/arm-none-eabi-gcc/9.3.1-2020q2/bin/../lib/gcc/arm-none-eabi/9.3.1/../../../../arm-none-eabi/lib/thumb/v7-m/nofp\libc.a(lib_a-impure.o)
                0x20070034                _impure_ptr
 .data.impure_data
                0x20070038      0x428 c:/users/roxanne/desktop/toolchain/arduino/tools/arm-none-eabi-gcc/9.3.1-2020q2/bin/../lib/gcc/arm-none-eabi/9.3.1/../../../../arm-none-eabi/lib/thumb/v7-m/nofp\libc.a(lib_a-impure.o)
 .data.__malloc_av_
                0x20070460      0x408 c:/users/roxanne/desktop/toolchain/arduino/tools/arm-none-eabi-gcc/9.3.1-2020q2/bin/../lib/gcc/arm-none-eabi/9.3.1/../../../../arm-none-eabi/lib/thumb/v7-m/nofp\libc.a(lib_a-mallocr.o)
                0x20070460                __malloc_av_
 .data.__malloc_sbrk_base
                0x20070868        0x4 c:/users/roxanne/desktop/toolchain/arduino/tools/arm-none-eabi-gcc/9.3.1-2020q2/bin/../lib/gcc/arm-none-eabi/9.3.1/../../../../arm-none-eabi/lib/thumb/v7-m/nofp\libc.a(lib_a-mallocr.o)
                0x20070868                __malloc_sbrk_base
 .data.__malloc_trim_threshold
                0x2007086c        0x4 c:/users/roxanne/desktop/toolchain/arduino/tools/arm-none-eabi-gcc/9.3.1-2020q2/bin/../lib/gcc/arm-none-eabi/9.3.1/../../../../arm-none-eabi/lib/thumb/v7-m/nofp\libc.a(lib_a-mallocr.o)
                0x2007086c                __malloc_trim_threshold
 .data.__atexit_recursive_mutex
                0x20070870        0x4 c:/users/roxanne/desktop/toolchain/arduino/tools/arm-none-eabi-gcc/9.3.1-2020q2/bin/../lib/gcc/arm-none-eabi/9.3.1/../../../../arm-none-eabi/lib/thumb/v7-m/nofp\libc.a(lib_a-__call_atexit.o)
                0x20070870                __atexit_recursive_mutex
 .data.__global_locale
                0x20070874      0x16c c:/users/roxanne/desktop/toolchain/arduino/tools/arm-none-eabi-gcc/9.3.1-2020q2/bin/../lib/gcc/arm-none-eabi/9.3.1/../../../../arm-none-eabi/lib/thumb/v7-m/nofp\libc.a(lib_a-locale.o)
                0x20070874                __global_locale
                0x200709e0                . = ALIGN (0x4)
                0x200709e0                _erelocate = .

.bss            0x200709e0      0x920 load address 0x0008c8b4
                0x200709e0                . = ALIGN (0x4)
                0x200709e0                _sbss = .
                0x200709e0                _szero = .
 *(.bss .bss.*)
 .bss           0x200709e0       0x1c c:/users/roxanne/desktop/toolchain/arduino/tools/arm-none-eabi-gcc/9.3.1-2020q2/bin/../lib/gcc/arm-none-eabi/9.3.1/thumb/v7-m/nofp/crtbegin.o
 .bss.tx_buffer2
                0x200709fc       0x88 ..\arduino_build\core\variant.o
                0x200709fc                tx_buffer2
 .bss.tx_buffer1
                0x20070a84       0x88 ..\arduino_build\core\variant.o
                0x20070a84                tx_buffer1
 .bss.Serial    0x20070b0c       0x24 ..\arduino_build\core\variant.o
                0x20070b0c                Serial
 .bss.rx_buffer1
                0x20070b30       0x88 ..\arduino_build\core\variant.o
                0x20070b30                rx_buffer1
 .bss.Serial1   0x20070bb8       0x28 ..\arduino_build\core\variant.o
                0x20070bb8                Serial1
 .bss.Serial2   0x20070be0       0x28 ..\arduino_build\core\variant.o
                0x20070be0                Serial2
 .bss.Serial3   0x20070c08       0x28 ..\arduino_build\core\variant.o
                0x20070c08                Serial3
 .bss.tx_buffer3
                0x20070c30       0x88 ..\arduino_build\core\variant.o
                0x20070c30                tx_buffer3
 .bss.tx_buffer4
                0x20070cb8       0x88 ..\arduino_build\core\variant.o
                0x20070cb8                tx_buffer4
 .bss.g_pinStatus
                0x20070d40       0x4f ..\arduino_build\core\variant.o
                0x20070d40                g_pinStatus
 *fill*         0x20070d8f        0x1 
 .bss.rx_buffer2
                0x20070d90       0x88 ..\arduino_build\core\variant.o
                0x20070d90                rx_buffer2
 .bss.rx_buffer3
                0x20070e18       0x88 ..\arduino_build\core\variant.o
                0x20070e18                rx_buffer3
 .bss.rx_buffer4
                0x20070ea0       0x88 ..\arduino_build\core\variant.o
                0x20070ea0                rx_buffer4
 .bss.gpf_isr   0x20070f28        0x4 ..\arduino\hardware\sam\1.6.12\variants\arduino_due_x\libsam_sam3x8e_gcc_rel.a(uotghs.o)
                0x20070f28                gpf_isr
 .bss.callbacksPioA
                0x20070f2c       0x80 ..\arduino_build\core\core.a(WInterrupts.o)
 .bss.callbacksPioB
                0x20070fac       0x80 ..\arduino_build\core\core.a(WInterrupts.o)
 .bss.callbacksPioC
                0x2007102c       0x80 ..\arduino_build\core\core.a(WInterrupts.o)
 .bss.callbacksPioD
                0x200710ac       0x80 ..\arduino_build\core\core.a(WInterrupts.o)
 .bss.heap.6420
                0x2007112c        0x4 ..\arduino_build\core\core.a(syscalls_sam3.o)
 .bss._dwTickCount
                0x20071130        0x4 ..\arduino\hardware\sam\1.6.12\variants\arduino_due_x\libsam_sam3x8e_gcc_rel.a(timetick.o)
 .bss.Wire1     0x20071134       0x94 ..\arduino_build\core\core.a(Wire.o)
                0x20071134                Wire1
 .bss.Wire      0x200711c8       0x94 ..\arduino_build\core\core.a(Wire.o)
                0x200711c8                Wire
 .bss.RTC_callBack
                0x2007125c        0x4 ..\RTCDue\src\build\RTCDue_archive.a(RTCDue.o)
                0x2007125c                RTC_callBack
 .bss.SPI       0x20071260       0x44 ..\arduino_build\core\core.a(SPI.o)
                0x20071260                SPI
 .bss.__malloc_current_mallinfo
                0x200712a4       0x28 c:/users/roxanne/desktop/toolchain/arduino/tools/arm-none-eabi-gcc/9.3.1-2020q2/bin/../lib/gcc/arm-none-eabi/9.3.1/../../../../arm-none-eabi/lib/thumb/v7-m/nofp\libc.a(lib_a-mallocr.o)
                0x200712a4                __malloc_current_mallinfo
 .bss.__malloc_max_sbrked_mem
                0x200712cc        0x4 c:/users/roxanne/desktop/toolchain/arduino/tools/arm-none-eabi-gcc/9.3.1-2020q2/bin/../lib/gcc/arm-none-eabi/9.3.1/../../../../arm-none-eabi/lib/thumb/v7-m/nofp\libc.a(lib_a-mallocr.o)
                0x200712cc                __malloc_max_sbrked_mem
 .bss.__malloc_max_total_mem
                0x200712d0        0x4 c:/users/roxanne/desktop/toolchain/arduino/tools/arm-none-eabi-gcc/9.3.1-2020q2/bin/../lib/gcc/arm-none-eabi/9.3.1/../../../../arm-none-eabi/lib/thumb/v7-m/nofp\libc.a(lib_a-mallocr.o)
                0x200712d0                __malloc_max_total_mem
 .bss.__malloc_top_pad
                0x200712d4        0x4 c:/users/roxanne/desktop/toolchain/arduino/tools/arm-none-eabi-gcc/9.3.1-2020q2/bin/../lib/gcc/arm-none-eabi/9.3.1/../../../../arm-none-eabi/lib/thumb/v7-m/nofp\libc.a(lib_a-mallocr.o)
                0x200712d4                __malloc_top_pad
 *(COMMON)
 COMMON         0x200712d8       0x21 c:/users/roxanne/desktop/toolchain/arduino/tools/arm-none-eabi-gcc/9.3.1-2020q2/bin/../lib/gcc/arm-none-eabi/9.3.1/../../../../arm-none-eabi/lib/thumb/v7-m/nofp\libc.a(lib_a-lock.o)
                0x200712d8                __lock___atexit_recursive_mutex
                0x200712dc                __lock___arc4random_mutex
                0x200712e0                __lock___env_recursive_mutex
                0x200712e4                __lock___sinit_recursive_mutex
                0x200712e8                __lock___malloc_recursive_mutex
                0x200712ec                __lock___at_quick_exit_mutex
                0x200712f0                __lock___dd_hash_mutex
                0x200712f4                __lock___tz_mutex
                0x200712f8                __lock___sfp_recursive_mutex
 *fill*         0x200712f9        0x3 
 COMMON         0x200712fc        0x4 c:/users/roxanne/desktop/toolchain/arduino/tools/arm-none-eabi-gcc/9.3.1-2020q2/bin/../lib/gcc/arm-none-eabi/9.3.1/../../../../arm-none-eabi/lib/thumb/v7-m/nofp\libc.a(lib_a-reent.o)
                0x200712fc                errno
                0x20071300                . = ALIGN (0x4)
                0x20071300                _ebss = .
                0x20071300                _ezero = .
                0x20071300                . = ALIGN (0x4)
                0x20071300                _end = .

.stack_dummy    0x20071300        0x0
 *(.stack*)
                0x20088000                __StackTop = (ORIGIN (ram) + LENGTH (ram))
                0x20088000                __StackLimit = (__StackTop - SIZEOF (.stack_dummy))
                [!provide]                PROVIDE (_sstack = __StackLimit)
                0x20088000                PROVIDE (_estack = __StackTop)
OUTPUT(build\main.elf elf32-littlearm)
LOAD linker stubs

.ARM.attributes
                0x00000000       0x29
 .ARM.attributes
                0x00000000       0x1d c:/users/roxanne/desktop/toolchain/arduino/tools/arm-none-eabi-gcc/9.3.1-2020q2/bin/../lib/gcc/arm-none-eabi/9.3.1/thumb/v7-m/nofp/crti.o
 .ARM.attributes
                0x0000001d       0x2d c:/users/roxanne/desktop/toolchain/arduino/tools/arm-none-eabi-gcc/9.3.1-2020q2/bin/../lib/gcc/arm-none-eabi/9.3.1/thumb/v7-m/nofp/crtbegin.o
 .ARM.attributes
                0x0000004a       0x33 ..\arduino_build\core\variant.o
 .ARM.attributes
                0x0000007d       0x33 ..\arduino\hardware\sam\1.6.12\variants\arduino_due_x\libsam_sam3x8e_gcc_rel.a(pio.o)
 .ARM.attributes
                0x000000b0       0x33 ..\arduino\hardware\sam\1.6.12\variants\arduino_due_x\libsam_sam3x8e_gcc_rel.a(pmc.o)
 .ARM.attributes
                0x000000e3       0x33 ..\arduino\hardware\sam\1.6.12\variants\arduino_due_x\libsam_sam3x8e_gcc_rel.a(system_sam3xa.o)
 .ARM.attributes
                0x00000116       0x33 ..\arduino\hardware\sam\1.6.12\variants\arduino_due_x\libsam_sam3x8e_gcc_rel.a(startup_sam3xa.o)
 .ARM.attributes
                0x00000149       0x33 ..\arduino\hardware\sam\1.6.12\variants\arduino_due_x\libsam_sam3x8e_gcc_rel.a(adc.o)
 .ARM.attributes
                0x0000017c       0x33 ..\arduino\hardware\sam\1.6.12\variants\arduino_due_x\libsam_sam3x8e_gcc_rel.a(uotghs.o)
 .ARM.attributes
                0x000001af       0x33 ..\arduino_build\core\core.a(WInterrupts.o)
 .ARM.attributes
                0x000001e2       0x33 ..\arduino_build\core\core.a(cortex_handlers.o)
 .ARM.attributes