Archive member included to satisfy reference by file (symbol)

../../lib/ArduinoCore-sam/out/sam.a(syscalls_sam3.o)
                              (_sbrk)
../../lib/ArduinoCore-sam/variants/arduino_due_x/libsam_sam3x8e_gcc_rel.a(startup_sam3xa.o)
                              (Reset_Handler)
../../lib/ArduinoCore-sam/variants/arduino_due_x/libsam_sam3x8e_gcc_rel.a(uotghs.o)
                              ../../lib/ArduinoCore-sam/variants/arduino_due_x/libsam_sam3x8e_gcc_rel.a(startup_sam3xa.o) (UOTGHS_Handler)
build/doit.a(main.o)          ../../lib/ArduinoCore-sam/variants/arduino_due_x/libsam_sam3x8e_gcc_rel.a(startup_sam3xa.o) (TC0_Handler)
../../lib/ArduinoCore-sam/out/sam.a(watchdog.o)
                              build/doit.a(main.o) (watchdogSetup())
../../lib/ArduinoCore-sam/out/sam.a(cortex_handlers.o)
                              ../../lib/ArduinoCore-sam/variants/arduino_due_x/libsam_sam3x8e_gcc_rel.a(startup_sam3xa.o) (CAN1_Handler)
../../lib/ArduinoCore-sam/out/sam.a(hooks.o)
                              ../../lib/ArduinoCore-sam/out/sam.a(cortex_handlers.o) (sysTickHook)
../../lib/ArduinoCore-sam/out/sam.a(wiring.o)
                              build/doit.a(main.o) (delay)
../../lib/ArduinoCore-sam/out/sam.a(wiring_analog.o)
                              build/doit.a(main.o) (analogReference)
../../lib/ArduinoCore-sam/out/sam.a(wiring_digital.o)
                              ../../lib/ArduinoCore-sam/out/sam.a(wiring_analog.o) (pinMode)
../../lib/ArduinoCore-sam/out/sam.a(variant.o)
                              build/doit.a(main.o) (init)
../../lib/ArduinoCore-sam/out/sam.a(Reset.o)
                              ../../lib/ArduinoCore-sam/out/sam.a(cortex_handlers.o) (tickReset)
../../lib/ArduinoCore-sam/out/sam.a(RingBuffer.o)
                              ../../lib/ArduinoCore-sam/out/sam.a(variant.o) (RingBuffer::RingBuffer())
../../lib/ArduinoCore-sam/out/sam.a(UARTClass.o)
                              ../../lib/ArduinoCore-sam/out/sam.a(variant.o) (UARTClass::available())
../../lib/ArduinoCore-sam/out/sam.a(USARTClass.o)
                              ../../lib/ArduinoCore-sam/out/sam.a(variant.o) (USARTClass::USARTClass(Usart*, IRQn, unsigned long, RingBuffer*, RingBuffer*))
../../lib/ArduinoCore-sam/out/sam.a(Print.o)
                              ../../lib/ArduinoCore-sam/out/sam.a(UARTClass.o) (Print::write(unsigned char const*, unsigned int))
../../lib/ArduinoCore-sam/out/sam.a(abi.o)
                              ../../lib/ArduinoCore-sam/out/sam.a(Print.o) (__cxa_pure_virtual)
../../lib/ArduinoCore-sam/variants/arduino_due_x/libsam_sam3x8e_gcc_rel.a(pio.o)
                              ../../lib/ArduinoCore-sam/out/sam.a(wiring_digital.o) (PIO_PullUp)
../../lib/ArduinoCore-sam/variants/arduino_due_x/libsam_sam3x8e_gcc_rel.a(pmc.o)
                              build/doit.a(main.o) (pmc_enable_periph_clk)
../../lib/ArduinoCore-sam/variants/arduino_due_x/libsam_sam3x8e_gcc_rel.a(pwmc.o)
                              ../../lib/ArduinoCore-sam/out/sam.a(wiring_analog.o) (PWMC_ConfigureChannel)
../../lib/ArduinoCore-sam/variants/arduino_due_x/libsam_sam3x8e_gcc_rel.a(tc.o)
                              build/doit.a(main.o) (TC_Configure)
../../lib/ArduinoCore-sam/variants/arduino_due_x/libsam_sam3x8e_gcc_rel.a(timetick.o)
                              ../../lib/ArduinoCore-sam/out/sam.a(cortex_handlers.o) (TimeTick_Increment)
../../lib/ArduinoCore-sam/variants/arduino_due_x/libsam_sam3x8e_gcc_rel.a(wdt.o)
                              ../../lib/ArduinoCore-sam/out/sam.a(watchdog.o) (WDT_Enable)
../../lib/ArduinoCore-sam/variants/arduino_due_x/libsam_sam3x8e_gcc_rel.a(system_sam3xa.o)
                              ../../lib/ArduinoCore-sam/out/sam.a(variant.o) (SystemInit)
../../lib/ArduinoCore-sam/variants/arduino_due_x/libsam_sam3x8e_gcc_rel.a(adc.o)
                              ../../lib/ArduinoCore-sam/out/sam.a(variant.o) (adc_init)
../../lib/ArduinoCore-sam/variants/arduino_due_x/libsam_sam3x8e_gcc_rel.a(dacc.o)
                              ../../lib/ArduinoCore-sam/out/sam.a(wiring_analog.o) (dacc_reset)
../../lib/Adafruit_NeoPixel/out/Adafruit_NeoPixel.a(Adafruit_NeoPixel.o)
                              build/doit.a(main.o) (Adafruit_NeoPixel::~Adafruit_NeoPixel())
c:/users/roxanne/desktop/programming/adkit/tools/arm-none-eabi-gcc/9.3.1-2020q2-windows/bin/../lib/gcc/arm-none-eabi/9.3.1/thumb/v7-m/nofp\libgcc.a(_arm_muldf3.o)
                              build/doit.a(main.o) (__aeabi_dmul)
c:/users/roxanne/desktop/programming/adkit/tools/arm-none-eabi-gcc/9.3.1-2020q2-windows/bin/../lib/gcc/arm-none-eabi/9.3.1/thumb/v7-m/nofp\libgcc.a(_arm_addsubdf3.o)
                              ../../lib/ArduinoCore-sam/out/sam.a(Print.o) (__aeabi_dsub)
c:/users/roxanne/desktop/programming/adkit/tools/arm-none-eabi-gcc/9.3.1-2020q2-windows/bin/../lib/gcc/arm-none-eabi/9.3.1/thumb/v7-m/nofp\libgcc.a(_arm_muldivdf3.o)
[...]
Memory Configuration

Name             Origin             Length             Attributes
rom              0x00080000         0x00080000         xr
sram0            0x20000000         0x00010000         xrw
sram1            0x20080000         0x00008000         xrw
ram              0x20070000         0x00018000         xrw
*default*        0x00000000         0xffffffff

Linker script and memory map

LOAD c:/users/roxanne/desktop/programming/adkit/tools/arm-none-eabi-gcc/9.3.1-2020q2-windows/bin/../lib/gcc/arm-none-eabi/9.3.1/thumb/v7-m/nofp/crti.o
LOAD c:/users/roxanne/desktop/programming/adkit/tools/arm-none-eabi-gcc/9.3.1-2020q2-windows/bin/../lib/gcc/arm-none-eabi/9.3.1/thumb/v7-m/nofp/crtbegin.o
LOAD c:/users/roxanne/desktop/programming/adkit/tools/arm-none-eabi-gcc/9.3.1-2020q2-windows/bin/../lib/gcc/arm-none-eabi/9.3.1/../../../../arm-none-eabi/lib/thumb/v7-m/nofp/crt0.o
START GROUP
LOAD ../../lib/ArduinoCore-sam/out/sam.a
LOAD ../../lib/ArduinoCore-sam/variants/arduino_due_x/libsam_sam3x8e_gcc_rel.a
LOAD ../../lib/Adafruit_NeoPixel/out/Adafruit_NeoPixel.a
LOAD build/doit.a
END GROUP
LOAD c:/users/roxanne/desktop/programming/adkit/tools/arm-none-eabi-gcc/9.3.1-2020q2-windows/bin/../lib/gcc/arm-none-eabi/9.3.1/../../../../arm-none-eabi/lib/thumb/v7-m/nofp\libm.a
LOAD c:/users/roxanne/desktop/programming/adkit/tools/arm-none-eabi-gcc/9.3.1-2020q2-windows/bin/../lib/gcc/arm-none-eabi/9.3.1/thumb/v7-m/nofp\libgcc.a
LOAD c:/users/roxanne/desktop/programming/adkit/tools/arm-none-eabi-gcc/9.3.1-2020q2-windows/bin/../lib/gcc/arm-none-eabi/9.3.1/../../../../arm-none-eabi/lib/thumb/v7-m/nofp\libsupc++.a
START GROUP
LOAD c:/users/roxanne/desktop/programming/adkit/tools/arm-none-eabi-gcc/9.3.1-2020q2-windows/bin/../lib/gcc/arm-none-eabi/9.3.1/thumb/v7-m/nofp\libgcc.a
LOAD c:/users/roxanne/desktop/programming/adkit/tools/arm-none-eabi-gcc/9.3.1-2020q2-windows/bin/../lib/gcc/arm-none-eabi/9.3.1/../../../../arm-none-eabi/lib/thumb/v7-m/nofp\libc.a
END GROUP
LOAD c:/users/roxanne/desktop/programming/adkit/tools/arm-none-eabi-gcc/9.3.1-2020q2-windows/bin/../lib/gcc/arm-none-eabi/9.3.1/thumb/v7-m/nofp/crtend.o
LOAD c:/users/roxanne/desktop/programming/adkit/tools/arm-none-eabi-gcc/9.3.1-2020q2-windows/bin/../lib/gcc/arm-none-eabi/9.3.1/thumb/v7-m/nofp/crtn.o

.text           0x00080000    0x13450
                0x00080000                . = ALIGN (0x4)
                0x00080000                _sfixed = .
 *(.vectors .vectors.*)
 .vectors       0x00080000       0xf4 ../../lib/ArduinoCore-sam/variants/arduino_due_x/libsam_sam3x8e_gcc_rel.a(startup_sam3xa.o)
                0x00080000                exception_table
 *(.text .text.* .gnu.linkonce.t.*)
 .text          0x000800f4       0x40 c:/users/roxanne/desktop/programming/adkit/tools/arm-none-eabi-gcc/9.3.1-2020q2-windows/bin/../lib/gcc/arm-none-eabi/9.3.1/thumb/v7-m/nofp/crtbegin.o
 .text._sbrk    0x00080134       0x1c ../../lib/ArduinoCore-sam/out/sam.a(syscalls_sam3.o)
                0x00080134                _sbrk
 .text.link     0x00080150        0x6 ../../lib/ArduinoCore-sam/out/sam.a(syscalls_sam3.o)
                0x00080150                link
 .text._close   0x00080156        0x6 ../../lib/ArduinoCore-sam/out/sam.a(syscalls_sam3.o)
                0x00080156                _close
 .text._fstat   0x0008015c        0xa ../../lib/ArduinoCore-sam/out/sam.a(syscalls_sam3.o)
                0x0008015c                _fstat
 .text._isatty  0x00080166        0x4 ../../lib/ArduinoCore-sam/out/sam.a(syscalls_sam3.o)
                0x00080166                _isatty
 .text._lseek   0x0008016a        0x4 ../../lib/ArduinoCore-sam/out/sam.a(syscalls_sam3.o)
                0x0008016a                _lseek
 .text._read    0x0008016e        0x4 ../../lib/ArduinoCore-sam/out/sam.a(syscalls_sam3.o)
                0x0008016e                _read
 *fill*         0x00080172        0x2 
 .text._write   0x00080174       0x24 ../../lib/ArduinoCore-sam/out/sam.a(syscalls_sam3.o)
                0x00080174                _write
 .text._exit    0x00080198        0x2 ../../lib/ArduinoCore-sam/out/sam.a(syscalls_sam3.o)
                0x00080198                _exit
 .text._kill    0x0008019a        0x2 ../../lib/ArduinoCore-sam/out/sam.a(syscalls_sam3.o)
                0x0008019a                _kill
 .text._getpid  0x0008019c        0x6 ../../lib/ArduinoCore-sam/out/sam.a(syscalls_sam3.o)
                0x0008019c                _getpid
 *fill*         0x000801a2        0x2 
 .text.Reset_Handler
                0x000801a4       0x78 ../../lib/ArduinoCore-sam/variants/arduino_due_x/libsam_sam3x8e_gcc_rel.a(startup_sam3xa.o)
                0x000801a4                Reset_Handler
 .text.UOTGHS_Handler
                0x0008021c       0x10 ../../lib/ArduinoCore-sam/variants/arduino_due_x/libsam_sam3x8e_gcc_rel.a(uotghs.o)
                0x0008021c                UOTGHS_Handler
 *fill*         0x0008022c        0x4 
 .text.TC0_Handler
                0x00080230       0x7c build/doit.a(main.o)
                0x00080230                TC0_Handler
 .text.startup.main
                0x000802ac       0xc4 build/doit.a(main.o)
                0x000802ac                main
 .text._Z15watchdogDisablev
                0x00080370        0xc ../../lib/ArduinoCore-sam/out/sam.a(watchdog.o)
                0x00080370                watchdogDisable()
 .text._watchdogDefaultSetup
                0x0008037c        0x4 ../../lib/ArduinoCore-sam/out/sam.a(watchdog.o)
                0x0008037c                _watchdogDefaultSetup
                0x0008037c                watchdogSetup()
 .text.__halt   0x00080380        0x2 ../../lib/ArduinoCore-sam/out/sam.a(cortex_handlers.o)
                0x00080380                DACC_Handler
                0x00080380                DebugMon_Handler
                0x00080380                DMAC_Handler
                0x00080380                TRNG_Handler
                0x00080380                HardFault_Handler
                0x00080380                TC2_Handler
                0x00080380                TWI1_Handler
                0x00080380                NMI_Handler
                0x00080380                TC7_Handler
                0x00080380                ADC_Handler
                0x00080380                SMC_Handler
                0x00080380                RTT_Handler
                0x00080380                EFC1_Handler
                0x00080380                PIOB_Handler
                0x00080380                RTC_Handler
                0x00080380                UsageFault_Handler
                0x00080380                TC6_Handler
                0x00080380                WDT_Handler
                0x00080380                CAN0_Handler
                0x00080380                TC4_Handler
                0x00080380                TC1_Handler
                0x00080380                HSMCI_Handler
                0x00080380                TC3_Handler
                0x00080380                TWI0_Handler
                0x00080380                PIOA_Handler
                0x00080380                SSC_Handler
                0x00080380                EFC0_Handler
                0x00080380                PMC_Handler
                0x00080380                PWM_Handler
                0x00080380                CAN1_Handler
                0x00080380                MemManage_Handler
                0x00080380                SUPC_Handler
                0x00080380                TC8_Handler
                0x00080380                USART2_Handler
                0x00080380                PIOD_Handler
                0x00080380                EMAC_Handler
                0x00080380                PIOC_Handler
                0x00080380                BusFault_Handler
                0x00080380                RSTC_Handler
                0x00080380                TC5_Handler
                0x00080380                SPI0_Handler
 .text.SVC_Handler
                0x00080382        0x4 ../../lib/ArduinoCore-sam/out/sam.a(cortex_handlers.o)
                0x00080382                SVC_Handler
 .text.PendSV_Handler
                0x00080386        0x4 ../../lib/ArduinoCore-sam/out/sam.a(cortex_handlers.o)
                0x00080386                PendSV_Handler
 .text.SysTick_Handler
                0x0008038a       0x16 ../../lib/ArduinoCore-sam/out/sam.a(cortex_handlers.o)
                0x0008038a                SysTick_Handler
 .text.__empty  0x000803a0        0x2 ../../lib/ArduinoCore-sam/out/sam.a(hooks.o)
                0x000803a0                yield
 .text.__false  0x000803a2        0x4 ../../lib/ArduinoCore-sam/out/sam.a(hooks.o)
                0x000803a2                sysTickHook
 .text.__halt   0x000803a6        0x2 ../../lib/ArduinoCore-sam/out/sam.a(hooks.o)
                0x000803a6                svcHook
                0x000803a6                pendSVHook
 .text.micros   0x000803a8       0x7c ../../lib/ArduinoCore-sam/out/sam.a(wiring.o)
                0x000803a8                micros
 .text.delay    0x00080424       0x1c ../../lib/ArduinoCore-sam/out/sam.a(wiring.o)
                0x00080424                delay
 .text.mapResolution
                0x00080440       0x12 ../../lib/ArduinoCore-sam/out/sam.a(wiring_analog.o)
 *fill*         0x00080452        0x2 
 .text.analogReference
                0x00080454        0xc ../../lib/ArduinoCore-sam/out/sam.a(wiring_analog.o)
                0x00080454                analogReference
 .text.analogRead
                0x00080460       0x98 ../../lib/ArduinoCore-sam/out/sam.a(wiring_analog.o)
                0x00080460                analogRead
 .text.analogOutputInit
                0x000804f8        0x2 ../../lib/ArduinoCore-sam/out/sam.a(wiring_analog.o)
                0x000804f8                analogOutputInit
 *fill*         0x000804fa        0x2 
 .text.pinMode  0x000804fc       0xf4 ../../lib/ArduinoCore-sam/out/sam.a(wiring_digital.o)
                0x000804fc                pinMode
 .text.digitalWrite
                0x000805f0       0x70 ../../lib/ArduinoCore-sam/out/sam.a(wiring_digital.o)
                0x000805f0                digitalWrite
 .text.UART_Handler
                0x00080660        0xc ../../lib/ArduinoCore-sam/out/sam.a(variant.o)
                0x00080660                UART_Handler
 .text.USART0_Handler
                0x0008066c        0xc ../../lib/ArduinoCore-sam/out/sam.a(variant.o)
                0x0008066c                USART0_Handler
 .text.USART1_Handler
                0x00080678        0xc ../../lib/ArduinoCore-sam/out/sam.a(variant.o)
                0x00080678                USART1_Handler
 .text.USART3_Handler
                0x00080684        0xc ../../lib/ArduinoCore-sam/out/sam.a(variant.o)
                0x00080684                USART3_Handler
 .text.init     0x00080690      0x124 ../../lib/ArduinoCore-sam/out/sam.a(variant.o)
                0x00080690                init
 .text.startup._GLOBAL__sub_I_g_APinDescription
                0x000807b4       0xd0 ../../lib/ArduinoCore-sam/out/sam.a(variant.o)
 .text.tickReset
                0x00080884       0x20 ../../lib/ArduinoCore-sam/out/sam.a(Reset.o)
                0x00080884                tickReset
 .text._ZN10RingBufferC2Ev
                0x000808a4       0x1a ../../lib/ArduinoCore-sam/out/sam.a(RingBuffer.o)
                0x000808a4                RingBuffer::RingBuffer()
                0x000808a4                RingBuffer::RingBuffer()
 .text._ZN10RingBuffer10store_charEh
                0x000808be       0x1e ../../lib/ArduinoCore-sam/out/sam.a(RingBuffer.o)
                0x000808be                RingBuffer::store_char(unsigned char)
 .text._ZN9UARTClasscvbEv
                0x000808dc        0x4 ../../lib/ArduinoCore-sam/out/sam.a(UARTClass.o)
                0x000808dc                UARTClass::operator bool()
 .text._ZN9UARTClass9availableEv
                0x000808e0       0x12 ../../lib/ArduinoCore-sam/out/sam.a(UARTClass.o)
                0x000808e0                UARTClass::available()
 .text._ZN9UARTClass4peekEv
                0x000808f2       0x1c ../../lib/ArduinoCore-sam/out/sam.a(UARTClass.o)
                0x000808f2                UARTClass::peek()
 .text._ZN9UARTClass4readEv
                0x0008090e       0x2a ../../lib/ArduinoCore-sam/out/sam.a(UARTClass.o)
                0x0008090e                UARTClass::read()
 .text._ZN9UARTClass5flushEv
                0x00080938       0x18 ../../lib/ArduinoCore-sam/out/sam.a(UARTClass.o)
                0x00080938                UARTClass::flush()
 .text._ZN9UARTClass5writeEh
                0x00080950       0x4e ../../lib/ArduinoCore-sam/out/sam.a(UARTClass.o)
                0x00080950                UARTClass::write(unsigned char)
 *fill*         0x0008099e        0x2 
 .text._ZN9UARTClass3endEv
                0x000809a0       0x3c ../../lib/ArduinoCore-sam/out/sam.a(UARTClass.o)
                0x000809a0                UARTClass::end()
 .text._ZN9UARTClassC2EP4Uart4IRQnmP10RingBufferS4_
                0x000809dc       0x28 ../../lib/ArduinoCore-sam/out/sam.a(UARTClass.o)
                0x000809dc                UARTClass::UARTClass(Uart*, IRQn, unsigned long, RingBuffer*, RingBuffer*)
                0x000809dc                UARTClass::UARTClass(Uart*, IRQn, unsigned long, RingBuffer*, RingBuffer*)
 .text._ZN9UARTClass4initEmm
                0x00080a04       0x70 ../../lib/ArduinoCore-sam/out/sam.a(UARTClass.o)
                0x00080a04                UARTClass::init(unsigned long, unsigned long)
 .text._ZN9UARTClass5beginEm
                0x00080a74        0x8 ../../lib/ArduinoCore-sam/out/sam.a(UARTClass.o)
                0x00080a74                UARTClass::begin(unsigned long)
 .text._ZN9UARTClass10IrqHandlerEv
                0x00080a7c       0x5a ../../lib/ArduinoCore-sam/out/sam.a(UARTClass.o)
                0x00080a7c                UARTClass::IrqHandler()
 .text._ZN10USARTClass5beginEm
                0x00080ad6        0x8 ../../lib/ArduinoCore-sam/out/sam.a(USARTClass.o)
                0x00080ad6                USARTClass::begin(unsigned long)
 *fill*         0x00080ade        0x2 
 .text._ZN10USARTClassC2EP5Usart4IRQnmP10RingBufferS4_
                0x00080ae0       0x24 ../../lib/ArduinoCore-sam/out/sam.a(USARTClass.o)
                0x00080ae0                USARTClass::USARTClass(Usart*, IRQn, unsigned long, RingBuffer*, RingBuffer*)
                0x00080ae0                USARTClass::USARTClass(Usart*, IRQn, unsigned long, RingBuffer*, RingBuffer*)
 .text._ZN5Print5writeEPKhj
                0x00080b04       0x22 ../../lib/ArduinoCore-sam/out/sam.a(Print.o)
                0x00080b04                Print::write(unsigned char const*, unsigned int)
 .text.PIO_PullUp
                0x00080b26        0xa ../../lib/ArduinoCore-sam/variants/arduino_due_x/libsam_sam3x8e_gcc_rel.a(pio.o)
                0x00080b26                PIO_PullUp
 .text.PIO_SetPeripheral
                0x00080b30       0x26 ../../lib/ArduinoCore-sam/variants/arduino_due_x/libsam_sam3x8e_gcc_rel.a(pio.o)
                0x00080b30                PIO_SetPeripheral
 .text.PIO_SetInput
                0x00080b56       0x26 ../../lib/ArduinoCore-sam/variants/arduino_due_x/libsam_sam3x8e_gcc_rel.a(pio.o)
                0x00080b56                PIO_SetInput
 .text.PIO_SetOutput
                0x00080b7c       0x24 ../../lib/ArduinoCore-sam/variants/arduino_due_x/libsam_sam3x8e_gcc_rel.a(pio.o)
                0x00080b7c                PIO_SetOutput
 .text.PIO_Configure
                0x00080ba0       0x64 ../../lib/ArduinoCore-sam/variants/arduino_due_x/libsam_sam3x8e_gcc_rel.a(pio.o)
                0x00080ba0                PIO_Configure
 .text.PIO_GetOutputDataStatus
                0x00080c04       0x14 ../../lib/ArduinoCore-sam/variants/arduino_due_x/libsam_sam3x8e_gcc_rel.a(pio.o)
                0x00080c04                PIO_GetOutputDataStatus
 .text.pmc_enable_periph_clk
                0x00080c18       0x44 ../../lib/ArduinoCore-sam/variants/arduino_due_x/libsam_sam3x8e_gcc_rel.a(pmc.o)
                0x00080c18                pmc_enable_periph_clk
 .text.pmc_disable_periph_clk
                0x00080c5c       0x40 ../../lib/ArduinoCore-sam/variants/arduino_due_x/libsam_sam3x8e_gcc_rel.a(pmc.o)
                0x00080c5c                pmc_disable_periph_clk
 .text.pmc_set_writeprotect
                0x00080c9c       0x1c ../../lib/ArduinoCore-sam/variants/arduino_due_x/libsam_sam3x8e_gcc_rel.a(pmc.o)
                0x00080c9c                pmc_set_writeprotect
 .text.TC_Configure
                0x00080cb8       0x38 ../../lib/ArduinoCore-sam/variants/arduino_due_x/libsam_sam3x8e_gcc_rel.a(tc.o)
                0x00080cb8                TC_Configure
 .text.TC_Start
                0x00080cf0       0x2c ../../lib/ArduinoCore-sam/variants/arduino_due_x/libsam_sam3x8e_gcc_rel.a(tc.o)
                0x00080cf0                TC_Start
 .text.TC_Stop  0x00080d1c       0x2c ../../lib/ArduinoCore-sam/variants/arduino_due_x/libsam_sam3x8e_gcc_rel.a(tc.o)
                0x00080d1c                TC_Stop
 .text.TimeTick_Increment
                0x00080d48       0x10 ../../lib/ArduinoCore-sam/variants/arduino_due_x/libsam_sam3x8e_gcc_rel.a(timetick.o)
                0x00080d48                TimeTick_Increment
 .text.GetTickCount
                0x00080d58        0xc ../../lib/ArduinoCore-sam/variants/arduino_due_x/libsam_sam3x8e_gcc_rel.a(timetick.o)
                0x00080d58                GetTickCount
 .text.WDT_Disable
                0x00080d64        0x8 ../../lib/ArduinoCore-sam/variants/arduino_due_x/libsam_sam3x8e_gcc_rel.a(wdt.o)
                0x00080d64                WDT_Disable
 .text.SystemInit
                0x00080d6c       0x88 ../../lib/ArduinoCore-sam/variants/arduino_due_x/libsam_sam3x8e_gcc_rel.a(system_sam3xa.o)
                0x00080d6c                SystemInit
 .text.adc_init
                0x00080df4       0x98 ../../lib/ArduinoCore-sam/variants/arduino_due_x/libsam_sam3x8e_gcc_rel.a(adc.o)
                0x00080df4                adc_init
 .text.adc_configure_trigger
                0x00080e8c        0xe ../../lib/ArduinoCore-sam/variants/arduino_due_x/libsam_sam3x8e_gcc_rel.a(adc.o)
                0x00080e8c                adc_configure_trigger
 .text.adc_configure_timing
                0x00080e9a       0x1a ../../lib/ArduinoCore-sam/variants/arduino_due_x/libsam_sam3x8e_gcc_rel.a(adc.o)
                0x00080e9a                adc_configure_timing
 .text.adc_start
                0x00080eb4        0x6 ../../lib/ArduinoCore-sam/variants/arduino_due_x/libsam_sam3x8e_gcc_rel.a(adc.o)
                0x00080eb4                adc_start
 .text.adc_enable_channel
                0x00080eba        0xa ../../lib/ArduinoCore-sam/variants/arduino_due_x/libsam_sam3x8e_gcc_rel.a(adc.o)
                0x00080eba                adc_enable_channel
 .text.adc_disable_channel
                0x00080ec4        0xa ../../lib/ArduinoCore-sam/variants/arduino_due_x/libsam_sam3x8e_gcc_rel.a(adc.o)
                0x00080ec4                adc_disable_channel
 .text.adc_disable_all_channel
                0x00080ece        0x8 ../../lib/ArduinoCore-sam/variants/arduino_due_x/libsam_sam3x8e_gcc_rel.a(adc.o)
                0x00080ece                adc_disable_all_channel
 .text.adc_get_channel_status
                0x00080ed6        0xa ../../lib/ArduinoCore-sam/variants/arduino_due_x/libsam_sam3x8e_gcc_rel.a(adc.o)
                0x00080ed6                adc_get_channel_status
 .text.adc_get_latest_value
                0x00080ee0        0x4 ../../lib/ArduinoCore-sam/variants/arduino_due_x/libsam_sam3x8e_gcc_rel.a(adc.o)
                0x00080ee0                adc_get_latest_value
 .text.adc_disable_interrupt
                0x00080ee4        0x4 ../../lib/ArduinoCore-sam/variants/arduino_due_x/libsam_sam3x8e_gcc_rel.a(adc.o)
                0x00080ee4                adc_disable_interrupt
 .text.adc_get_status
                0x00080ee8        0x4 ../../lib/ArduinoCore-sam/variants/arduino_due_x/libsam_sam3x8e_gcc_rel.a(adc.o)
                0x00080ee8                adc_get_status
 .text._ZN17Adafruit_NeoPixelD2Ev
                0x00080eec       0x1c ../../lib/Adafruit_NeoPixel/out/Adafruit_NeoPixel.a(Adafruit_NeoPixel.o)
                0x00080eec                Adafruit_NeoPixel::~Adafruit_NeoPixel()
                0x00080eec                Adafruit_NeoPixel::~Adafruit_NeoPixel()
 .text._ZN17Adafruit_NeoPixel5beginEv
                0x00080f08       0x22 ../../lib/Adafruit_NeoPixel/out/Adafruit_NeoPixel.a(Adafruit_NeoPixel.o)
                0x00080f08                Adafruit_NeoPixel::begin()
 .text._ZN17Adafruit_NeoPixel12updateLengthEt
                0x00080f2a       0x3a ../../lib/Adafruit_NeoPixel/out/Adafruit_NeoPixel.a(Adafruit_NeoPixel.o)
                0x00080f2a                Adafruit_NeoPixel::updateLength(unsigned short)
 .text._ZN17Adafruit_NeoPixel10updateTypeEt
                0x00080f64       0x4a ../../lib/Adafruit_NeoPixel/out/Adafruit_NeoPixel.a(Adafruit_NeoPixel.o)
                0x00080f64                Adafruit_NeoPixel::updateType(unsigned short)
 *fill*         0x00080fae        0x2 
 .text._ZN17Adafruit_NeoPixel4showEv
                0x00080fb0       0xf4 ../../lib/Adafruit_NeoPixel/out/Adafruit_NeoPixel.a(Adafruit_NeoPixel.o)
                0x00080fb0                Adafruit_NeoPixel::show()
 .text._ZN17Adafruit_NeoPixel6setPinEt
                0x000810a4       0x34 ../../lib/Adafruit_NeoPixel/out/Adafruit_NeoPixel.a(Adafruit_NeoPixel.o)
                0x000810a4                Adafruit_NeoPixel::setPin(unsigned short)
 .text._ZN17Adafruit_NeoPixelC2Ettt
                0x000810d8       0x2c ../../lib/Adafruit_NeoPixel/out/Adafruit_NeoPixel.a(Adafruit_NeoPixel.o)
                0x000810d8                Adafruit_NeoPixel::Adafruit_NeoPixel(unsigned short, unsigned short, unsigned short)
                0x000810d8                Adafruit_NeoPixel::Adafruit_NeoPixel(unsigned short, unsigned short, unsigned short)
 .text._ZN17Adafruit_NeoPixel13setPixelColorEtm
                0x00081104       0x60 ../../lib/Adafruit_NeoPixel/out/Adafruit_NeoPixel.a(Adafruit_NeoPixel.o)
                0x00081104                Adafruit_NeoPixel::setPixelColor(unsigned short, unsigned long)
 .text._ZN17Adafruit_NeoPixel4fillEmtt
                0x00081164       0x2c ../../lib/Adafruit_NeoPixel/out/Adafruit_NeoPixel.a(Adafruit_NeoPixel.o)
                0x00081164                Adafruit_NeoPixel::fill(unsigned long, unsigned short, unsigned short)
 .text._ZN17Adafruit_NeoPixel5clearEv
                0x00081190        0xa ../../lib/Adafruit_NeoPixel/out/Adafruit_NeoPixel.a(Adafruit_NeoPixel.o)
                0x00081190                Adafruit_NeoPixel::clear()
 *fill*         0x0008119a        0x2 
 .text          0x0008119c      0x378 c:/users/roxanne/desktop/programming/adkit/tools/arm-none-eabi-gcc/9.3.1-2020q2-windows/bin/../lib/gcc/arm-none-eabi/9.3.1/thumb/v7-m/nofp\libgcc.a(_arm_addsubdf3.o)
                0x0008119c                __aeabi_drsub
                0x000811a4                __aeabi_dsub
                0x000811a4                __subdf3
                0x000811a8                __aeabi_dadd
                0x000811a8                __adddf3
                0x00081420                __floatunsidf
                0x00081420                __aeabi_ui2d
                0x00081440                __floatsidf
                0x00081440                __aeabi_i2d
                0x00081464                __aeabi_f2d
                0x00081464                __extendsfdf2
                0x000814a8                __floatundidf
                0x000814a8                __aeabi_ul2d
                0x000814b8                __floatdidf
                0x000814b8                __aeabi_l2d
 .text          0x00081514      0x424 c:/users/roxanne/desktop/programming/adkit/tools/arm-none-eabi-gcc/9.3.1-2020q2-windows/bin/../lib/gcc/arm-none-eabi/9.3.1/thumb/v7-m/nofp\libgcc.a(_arm_muldivdf3.o)
                0x00081514                __aeabi_dmul
                0x00081514                __muldf3
                0x00081768                __divdf3
                0x00081768                __aeabi_ddiv
 .text          0x00081938      0x110 c:/users/roxanne/desktop/programming/adkit/tools/arm-none-eabi-gcc/9.3.1-2020q2-windows/bin/../lib/gcc/arm-none-eabi/9.3.1/thumb/v7-m/nofp\libgcc.a(_arm_cmpdf2.o)
                0x00081938                __gtdf2
                0x00081938                __gedf2
                0x00081940                __ltdf2
                0x00081940                __ledf2
                0x00081948                __nedf2
                0x00081948                __eqdf2
                0x00081948                __cmpdf2
                0x000819c4                __aeabi_cdrcmple
                0x000819d4                __aeabi_cdcmpeq
                0x000819d4                __aeabi_cdcmple
                0x000819e4                __aeabi_dcmpeq
                0x000819f8                __aeabi_dcmplt
                0x00081a0c                __aeabi_dcmple
                0x00081a20                __aeabi_dcmpge
                0x00081a34                __aeabi_dcmpgt
 .text          0x00081a48       0x2c c:/users/roxanne/desktop/programming/adkit/tools/arm-none-eabi-gcc/9.3.1-2020q2-windows/bin/../lib/gcc/arm-none-eabi/9.3.1/thumb/v7-m/nofp\libgcc.a(_arm_unorddf2.o)
                0x00081a48                __unorddf2
                0x00081a48                __aeabi_dcmpun
 .text          0x00081a74       0xa0 c:/users/roxanne/desktop/programming/adkit/tools/arm-none-eabi-gcc/9.3.1-2020q2-windows/bin/../lib/gcc/arm-none-eabi/9.3.1/thumb/v7-m/nofp\libgcc.a(_arm_truncdfsf2.o)
                0x00081a74                __truncdfsf2
                0x00081a74                __aeabi_d2f
 .text          0x00081b14       0xec c:/users/roxanne/desktop/programming/adkit/tools/arm-none-eabi-gcc/9.3.1-2020q2-windows/bin/../lib/gcc/arm-none-eabi/9.3.1/thumb/v7-m/nofp\libgcc.a(_arm_cmpsf2.o)
                0x00081b14                __gesf2
                0x00081b14                __gtsf2
                0x00081b1c                __lesf2
                0x00081b1c                __ltsf2
                0x00081b24                __nesf2
                0x00081b24                __eqsf2
                0x00081b24                __cmpsf2
                0x00081b84                __aeabi_cfrcmple
                0x00081b8c                __aeabi_cfcmpeq
                0x00081b8c                __aeabi_cfcmple
                0x00081b9c                __aeabi_fcmpeq
                0x00081bb0                __aeabi_fcmplt
                0x00081bc4                __aeabi_fcmple
                0x00081bd8                __aeabi_fcmpge
                0x00081bec                __aeabi_fcmpgt
 .text          0x00081c00      0x9a8 c:/users/roxanne/desktop/programming/adkit/tools/arm-none-eabi-gcc/9.3.1-2020q2-windows/bin/../lib/gcc/arm-none-eabi/9.3.1/thumb/v7-m/nofp\libgcc.a(unwind-arm.o)
                0x00081ea4                _Unwind_GetCFA
                0x00081ea8                __gnu_Unwind_RaiseException
                0x00081f08                __gnu_Unwind_ForcedUnwind
                0x00081f1c                __gnu_Unwind_Resume
                0x00081f60                __gnu_Unwind_Resume_or_Rethrow
                0x00081f74                _Unwind_Complete
                0x00081f78                _Unwind_DeleteException
                0x00081f84                _Unwind_VRS_Get
                0x00081fcc                _Unwind_VRS_Set
                0x00082018                __gnu_Unwind_Backtrace
                0x00082334                __aeabi_unwind_cpp_pr0
                0x00082338                __aeabi_unwind_cpp_pr1
                0x0008233c                __aeabi_unwind_cpp_pr2
                0x00082340                _Unwind_VRS_Pop
 .text          0x000825a8      0x1ac c:/users/roxanne/desktop/programming/adkit/tools/arm-none-eabi-gcc/9.3.1-2020q2-windows/bin/../lib/gcc/arm-none-eabi/9.3.1/thumb/v7-m/nofp\libgcc.a(libunwind.o)
                0x000825a8                __restore_core_regs
                0x000825a8                restore_core_regs
                0x000825c0                __gnu_Unwind_Restore_VFP
                0x000825c8                __gnu_Unwind_Save_VFP
                0x000825d0                __gnu_Unwind_Restore_VFP_D
                0x000825d8                __gnu_Unwind_Save_VFP_D
                0x000825e0                __gnu_Unwind_Restore_VFP_D_16_to_31
                0x000825e8                __gnu_Unwind_Save_VFP_D_16_to_31
                0x000825f0                __gnu_Unwind_Restore_WMMXD
                0x00082634                __gnu_Unwind_Save_WMMXD
                0x00082678                __gnu_Unwind_Restore_WMMXC
                0x0008268c                __gnu_Unwind_Save_WMMXC
                0x000826a0                ___Unwind_RaiseException
                0x000826a0                _Unwind_RaiseException
                0x000826c4                _Unwind_Resume
                0x000826c4                ___Unwind_Resume
                0x000826e8                _Unwind_Resume_or_Rethrow
                0x000826e8                ___Unwind_Resume_or_Rethrow
                0x0008270c                _Unwind_ForcedUnwind
                0x0008270c                ___Unwind_ForcedUnwind
                0x00082730                ___Unwind_Backtrace
                0x00082730                _Unwind_Backtrace
 .text          0x00082754      0x33c c:/users/roxanne/desktop/programming/adkit/tools/arm-none-eabi-gcc/9.3.1-2020q2-windows/bin/../lib/gcc/arm-none-eabi/9.3.1/thumb/v7-m/nofp\libgcc.a(pr-support.o)
                0x000827ac                __gnu_unwind_execute
                0x00082a48                __gnu_unwind_frame
                0x00082a70                _Unwind_GetRegionStart
                0x00082a7c                _Unwind_GetLanguageSpecificData
 .text.unlikely
                0x00082a90        0xc c:/users/roxanne/desktop/programming/adkit/tools/arm-none-eabi-gcc/9.3.1-2020q2-windows/bin/../lib/gcc/arm-none-eabi/9.3.1/thumb/v7-m/nofp\libgcc.a(pr-support.o)
                0x00082a90                _Unwind_GetDataRelBase
                0x00082a96                _Unwind_GetTextRelBase
 .text.__cxa_end_cleanup
                0x00082a9c        0xc c:/users/roxanne/desktop/programming/adkit/tools/arm-none-eabi-gcc/9.3.1-2020q2-windows/bin/../lib/gcc/arm-none-eabi/9.3.1/../../../../arm-none-eabi/lib/thumb/v7-m/nofp\libsupc++.a(eh_arm.o)
                0x00082a9c                __cxa_end_cleanup
 .text.__cxa_type_match
                0x00082aa8       0xc0 c:/users/roxanne/desktop/programming/adkit/tools/arm-none-eabi-gcc/9.3.1-2020q2-windows/bin/../lib/gcc/arm-none-eabi/9.3.1/../../../../arm-none-eabi/lib/thumb/v7-m/nofp\libsupc++.a(eh_arm.o)
                0x00082aa8                __cxa_type_match
 .text.__cxa_begin_cleanup
                0x00082b68       0x64 c:/users/roxanne/desktop/programming/adkit/tools/arm-none-eabi-gcc/9.3.1-2020q2-windows/bin/../lib/gcc/arm-none-eabi/9.3.1/../../../../arm-none-eabi/lib/thumb/v7-m/nofp\libsupc++.a(eh_arm.o)
                0x00082b68                __cxa_begin_cleanup
 .text.__gnu_end_cleanup
                0x00082bcc       0x70 c:/users/roxanne/desktop/programming/adkit/tools/arm-none-eabi-gcc/9.3.1-2020q2-windows/bin/../lib/gcc/arm-none-eabi/9.3.1/../../../../arm-none-eabi/lib/thumb/v7-m/nofp\libsupc++.a(eh_arm.o)
                0x00082bcc                __gnu_end_cleanup
 .text._ZNSt13bad_exceptionD2Ev
                0x00082c3c        0x4 c:/users/roxanne/desktop/programming/adkit/tools/arm-none-eabi-gcc/9.3.1-2020q2-windows/bin/../lib/gcc/arm-none-eabi/9.3.1/../../../../arm-none-eabi/lib/thumb/v7-m/nofp\libsupc++.a(eh_exception.o)
                0x00082c3c                std::bad_exception::~bad_exception()
                0x00082c3c                std::bad_exception::~bad_exception()
 .text._ZNKSt13bad_exception4whatEv
                0x00082c40        0x8 c:/users/roxanne/desktop/programming/adkit/tools/arm-none-eabi-gcc/9.3.1-2020q2-windows/bin/../lib/gcc/arm-none-eabi/9.3.1/../../../../arm-none-eabi/lib/thumb/v7-m/nofp\libsupc++.a(eh_exception.o)
                0x00082c40                std::bad_exception::what() const
                0x00082c40                transaction clone for std::bad_exception::what() const
 .text._ZNSt13bad_exceptionD0Ev
                0x00082c48       0x10 c:/users/roxanne/desktop/programming/adkit/tools/arm-none-eabi-gcc/9.3.1-2020q2-windows/bin/../lib/gcc/arm-none-eabi/9.3.1/../../../../arm-none-eabi/lib/thumb/v7-m/nofp\libsupc++.a(eh_exception.o)
                0x00082c48                std::bad_exception::~bad_exception()
 .text.__cxa_get_globals_fast
                0x00082c58        0x8 c:/users/roxanne/desktop/programming/adkit/tools/arm-none-eabi-gcc/9.3.1-2020q2-windows/bin/../lib/gcc/arm-none-eabi/9.3.1/../../../../arm-none-eabi/lib/thumb/v7-m/nofp\libsupc++.a(eh_globals.o)
                0x00082c58                __cxa_get_globals_fast
 .text.__cxa_get_globals
                0x00082c60        0x8 c:/users/roxanne/desktop/programming/adkit/tools/arm-none-eabi-gcc/9.3.1-2020q2-windows/bin/../lib/gcc/arm-none-eabi/9.3.1/../../../../arm-none-eabi/lib/thumb/v7-m/nofp\libsupc++.a(eh_globals.o)
                0x00082c60                __cxa_get_globals
 .text._ZL28read_encoded_value_with_basehjPKhPj
                0x00082c68       0xc8 c:/users/roxanne/desktop/programming/adkit/tools/arm-none-eabi-gcc/9.3.1-2020q2-windows/bin/../lib/gcc/arm-none-eabi/9.3.1/../../../../arm-none-eabi/lib/thumb/v7-m/nofp\libsupc++.a(eh_personality.o)
 .text._ZL21base_of_encoded_valuehP15_Unwind_Context
                0x00082d30       0x48 c:/users/roxanne/desktop/programming/adkit/tools/arm-none-eabi-gcc/9.3.1-2020q2-windows/bin/../lib/gcc/arm-none-eabi/9.3.1/../../../../arm-none-eabi/lib/thumb/v7-m/nofp\libsupc++.a(eh_personality.o)
 .text._ZL17parse_lsda_headerP15_Unwind_ContextPKhP16lsda_header_info
                0x00082d78       0x94 c:/users/roxanne/desktop/programming/adkit/tools/arm-none-eabi-gcc/9.3.1-2020q2-windows/bin/../lib/gcc/arm-none-eabi/9.3.1/../../../../arm-none-eabi/lib/thumb/v7-m/nofp\libsupc++.a(eh_personality.o)
 .text.__gxx_personality_v0
                0x00082e0c      0x4a4 c:/users/roxanne/desktop/programming/adkit/tools/arm-none-eabi-gcc/9.3.1-2020q2-windows/bin/../lib/gcc/arm-none-eabi/9.3.1/../../../../arm-none-eabi/lib/thumb/v7-m/nofp\libsupc++.a(eh_personality.o)
                0x00082e0c                __gxx_personality_v0
 .text._ZN10__cxxabiv111__terminateEPFvvE
                0x000832b0       0x28 c:/users/roxanne/desktop/programming/adkit/tools/arm-none-eabi-gcc/9.3.1-2020q2-windows/bin/../lib/gcc/arm-none-eabi/9.3.1/../../../../arm-none-eabi/lib/thumb/v7-m/nofp\libsupc++.a(eh_terminate.o)
                0x000832b0                __cxxabiv1::__terminate(void (*)())
 .text._ZSt9terminatev
                0x000832d8       0x14 c:/users/roxanne/desktop/programming/adkit/tools/arm-none-eabi-gcc/9.3.1-2020q2-windows/bin/../lib/gcc/arm-none-eabi/9.3.1/../../../../arm-none-eabi/lib/thumb/v7-m/nofp\libsupc++.a(eh_terminate.o)
                0x000832d8                std::terminate()
 .text._ZN10__cxxabiv112__unexpectedEPFvvE
                0x000832ec        0x8 c:/users/roxanne/desktop/programming/adkit/tools/arm-none-eabi-gcc/9.3.1-2020q2-windows/bin/../lib/gcc/arm-none-eabi/9.3.1/../../../../arm-none-eabi/lib/thumb/v7-m/nofp\libsupc++.a(eh_terminate.o)
                0x000832ec                __cxxabiv1::__unexpected(void (*)())
 .text._ZSt10unexpectedv
                0x000832f4       0x14 c:/users/roxanne/desktop/programming/adkit/tools/arm-none-eabi-gcc/9.3.1-2020q2-windows/bin/../lib/gcc/arm-none-eabi/9.3.1/../../../../arm-none-eabi/lib/thumb/v7-m/nofp\libsupc++.a(eh_terminate.o)
                0x000832f4                std::unexpected()
 .text._ZSt13get_terminatev
                0x00083308       0x10 c:/users/roxanne/desktop/programming/adkit/tools/arm-none-eabi-gcc/9.3.1-2020q2-windows/bin/../lib/gcc/arm-none-eabi/9.3.1/../../../../arm-none-eabi/lib/thumb/v7-m/nofp\libsupc++.a(eh_terminate.o)
                0x00083308                std::get_terminate()
 .text._ZSt14get_unexpectedv
                0x00083318       0x10 c:/users/roxanne/desktop/programming/adkit/tools/arm-none-eabi-gcc/9.3.1-2020q2-windows/bin/../lib/gcc/arm-none-eabi/9.3.1/../../../../arm-none-eabi/lib/thumb/v7-m/nofp\libsupc++.a(eh_terminate.o)
                0x00083318                std::get_unexpected()
 .text._ZN10__cxxabiv120__si_class_type_infoD2Ev
                0x00083328       0x14 c:/users/roxanne/desktop/programming/adkit/tools/arm-none-eabi-gcc/9.3.1-2020q2-windows/bin/../lib/gcc/arm-none-eabi/9.3.1/../../../../arm-none-eabi/lib/thumb/v7-m/nofp\libsupc++.a(si_class_type_info.o)
                0x00083328                __cxxabiv1::__si_class_type_info::~__si_class_type_info()
                0x00083328                __cxxabiv1::__si_class_type_info::~__si_class_type_info()
 .text._ZN10__cxxabiv120__si_class_type_infoD0Ev
                0x0008333c       0x1c c:/users/roxanne/desktop/programming/adkit/tools/arm-none-eabi-gcc/9.3.1-2020q2-windows/bin/../lib/gcc/arm-none-eabi/9.3.1/../../../../arm-none-eabi/lib/thumb/v7-m/nofp\libsupc++.a(si_class_type_info.o)
                0x0008333c                __cxxabiv1::__si_class_type_info::~__si_class_type_info()
 .text._ZNK10__cxxabiv120__si_class_type_info20__do_find_public_srcEiPKvPKNS_17__class_type_infoES2_
                0x00083358       0x3c c:/users/roxanne/desktop/programming/adkit/tools/arm-none-eabi-gcc/9.3.1-2020q2-windows/bin/../lib/gcc/arm-none-eabi/9.3.1/../../../../arm-none-eabi/lib/thumb/v7-m/nofp\libsupc++.a(si_class_type_info.o)
                0x00083358                __cxxabiv1::__si_class_type_info::__do_find_public_src(int, void const*, __cxxabiv1::__class_type_info const*, void const*) const
 .text._ZNK10__cxxabiv120__si_class_type_info12__do_dyncastEiNS_17__class_type_info10__sub_kindEPKS1_PKvS4_S6_RNS1_16__dyncast_resultE
                0x00083394       0x84 c:/users/roxanne/desktop/programming/adkit/tools/arm-none-eabi-gcc/9.3.1-2020q2-windows/bin/../lib/gcc/arm-none-eabi/9.3.1/../../../../arm-none-eabi/lib/thumb/v7-m/nofp\libsupc++.a(si_class_type_info.o)
                0x00083394                __cxxabiv1::__si_class_type_info::__do_dyncast(int, __cxxabiv1::__class_type_info::__sub_kind, __cxxabiv1::__class_type_info const*, void const*, __cxxabiv1::__class_type_info const*, void const*, __cxxabiv1::__class_type_info::__dyncast_result&) const
 .text._ZNK10__cxxabiv120__si_class_type_info11__do_upcastEPKNS_17__class_type_infoEPKvRNS1_15__upcast_resultE
                0x00083418       0x2c c:/users/roxanne/desktop/programming/adkit/tools/arm-none-eabi-gcc/9.3.1-2020q2-windows/bin/../lib/gcc/arm-none-eabi/9.3.1/../../../../arm-none-eabi/lib/thumb/v7-m/nofp\libsupc++.a(si_class_type_info.o)
                0x00083418                __cxxabiv1::__si_class_type_info::__do_upcast(__cxxabiv1::__class_type_info const*, void const*, __cxxabiv1::__class_type_info::__upcast_result&) const
 .text._ZNSt9type_infoD2Ev
                0x00083444        0x4 c:/users/roxanne/desktop/programming/adkit/tools/arm-none-eabi-gcc/9.3.1-2020q2-windows/bin/../lib/gcc/arm-none-eabi/9.3.1/../../../../arm-none-eabi/lib/thumb/v7-m/nofp\libsupc++.a(tinfo.o)
                0x00083444                std::type_info::~type_info()
                0x00083444                std::type_info::~type_info()
 .text._ZNKSt9type_info14__is_pointer_pEv
                0x00083448        0x4 c:/users/roxanne/desktop/programming/adkit/tools/arm-none-eabi-gcc/9.3.1-2020q2-windows/bin/../lib/gcc/arm-none-eabi/9.3.1/../../../../arm-none-eabi/lib/thumb/v7-m/nofp\libsupc++.a(tinfo.o)
                0x00083448                std::type_info::__is_pointer_p() const
                0x00083448                std::type_info::__is_function_p() const
 .text._ZNKSt9type_infoeqERKS_
                0x0008344c       0x2c c:/users/roxanne/desktop/programming/adkit/tools/arm-none-eabi-gcc/9.3.1-2020q2-windows/bin/../lib/gcc/arm-none-eabi/9.3.1/../../../../arm-none-eabi/lib/thumb/v7-m/nofp\libsupc++.a(tinfo.o)
                0x0008344c                std::type_info::operator==(std::type_info const&) const
 .text._ZN9__gnu_cxx27__verbose_terminate_handlerEv
                0x00083478      0x10c c:/users/roxanne/desktop/programming/adkit/tools/arm-none-eabi-gcc/9.3.1-2020q2-windows/bin/../lib/gcc/arm-none-eabi/9.3.1/../../../../arm-none-eabi/lib/thumb/v7-m/nofp\libsupc++.a(vterminate.o)
                0x00083478                __gnu_cxx::__verbose_terminate_handler()
 .text          0x00083584     0x6d78 c:/users/roxanne/desktop/programming/adkit/tools/arm-none-eabi-gcc/9.3.1-2020q2-windows/bin/../lib/gcc/arm-none-eabi/9.3.1/../../../../arm-none-eabi/lib/thumb/v7-m/nofp\libsupc++.a(cp-demangle.o)
                0x0008a214                __cxa_demangle
                0x0008a2d8                __gcclibcxx_demangle_callback
 .text._ZNK10__cxxabiv117__class_type_info11__do_upcastEPKS0_PPv
                0x0008a2fc       0x38 c:/users/roxanne/desktop/programming/adkit/tools/arm-none-eabi-gcc/9.3.1-2020q2-windows/bin/../lib/gcc/arm-none-eabi/9.3.1/../../../../arm-none-eabi/lib/thumb/v7-m/nofp\libsupc++.a(class_type_info.o)
                0x0008a2fc                __cxxabiv1::__class_type_info::__do_upcast(__cxxabiv1::__class_type_info const*, void**) const
 .text._ZNK10__cxxabiv117__class_type_info20__do_find_public_srcEiPKvPKS0_S2_
                0x0008a334        0xc c:/users/roxanne/desktop/programming/adkit/tools/arm-none-eabi-gcc/9.3.1-2020q2-windows/bin/../lib/gcc/arm-none-eabi/9.3.1/../../../../arm-none-eabi/lib/thumb/v7-m/nofp\libsupc++.a(class_type_info.o)
                0x0008a334                __cxxabiv1::__class_type_info::__do_find_public_src(int, void const*, __cxxabiv1::__class_type_info const*, void const*) const
 .text._ZN10__cxxabiv117__class_type_infoD2Ev
                0x0008a340       0x14 c:/users/roxanne/desktop/programming/adkit/tools/arm-none-eabi-gcc/9.3.1-2020q2-windows/bin/../lib/gcc/arm-none-eabi/9.3.1/../../../../arm-none-eabi/lib/thumb/v7-m/nofp\libsupc++.a(class_type_info.o)
                0x0008a340                __cxxabiv1::__class_type_info::~__class_type_info()
                0x0008a340                __cxxabiv1::__class_type_info::~__class_type_info()
 .text._ZN10__cxxabiv117__class_type_infoD0Ev
                0x0008a354       0x1c c:/users/roxanne/desktop/programming/adkit/tools/arm-none-eabi-gcc/9.3.1-2020q2-windows/bin/../lib/gcc/arm-none-eabi/9.3.1/../../../../arm-none-eabi/lib/thumb/v7-m/nofp\libsupc++.a(class_type_info.o)
                0x0008a354                __cxxabiv1::__class_type_info::~__class_type_info()
 .text._ZNK10__cxxabiv117__class_type_info12__do_dyncastEiNS0_10__sub_kindEPKS0_PKvS3_S5_RNS0_16__dyncast_resultE
                0x0008a370       0x44 c:/users/roxanne/desktop/programming/adkit/tools/arm-none-eabi-gcc/9.3.1-2020q2-windows/bin/../lib/gcc/arm-none-eabi/9.3.1/../../../../arm-none-eabi/lib/thumb/v7-m/nofp\libsupc++.a(class_type_info.o)
                0x0008a370                __cxxabiv1::__class_type_info::__do_dyncast(int, __cxxabiv1::__class_type_info::__sub_kind, __cxxabiv1::__class_type_info const*, void const*, __cxxabiv1::__class_type_info const*, void const*, __cxxabiv1::__class_type_info::__dyncast_result&) const
 .text._ZNK10__cxxabiv117__class_type_info11__do_upcastEPKS0_PKvRNS0_15__upcast_resultE
                0x0008a3b4       0x1c c:/users/roxanne/desktop/programming/adkit/tools/arm-none-eabi-gcc/9.3.1-2020q2-windows/bin/../lib/gcc/arm-none-eabi/9.3.1/../../../../arm-none-eabi/lib/thumb/v7-m/nofp\libsupc++.a(class_type_info.o)
                0x0008a3b4                __cxxabiv1::__class_type_info::__do_upcast(__cxxabiv1::__class_type_info const*, void const*, __cxxabiv1::__class_type_info::__upcast_result&) const
 .text._ZNK10__cxxabiv117__class_type_info10__do_catchEPKSt9type_infoPPvj
                0x0008a3d0       0x2c c:/users/roxanne/desktop/programming/adkit/tools/arm-none-eabi-gcc/9.3.1-2020q2-windows/bin/../lib/gcc/arm-none-eabi/9.3.1/../../../../arm-none-eabi/lib/thumb/v7-m/nofp\libsupc++.a(class_type_info.o)
                0x0008a3d0                __cxxabiv1::__class_type_info::__do_catch(std::type_info const*, void**, unsigned int) const
 .text._ZdlPvj  0x0008a3fc        0x4 c:/users/roxanne/desktop/programming/adkit/tools/arm-none-eabi-gcc/9.3.1-2020q2-windows/bin/../lib/gcc/arm-none-eabi/9.3.1/../../../../arm-none-eabi/lib/thumb/v7-m/nofp\libsupc++.a(del_ops.o)
                0x0008a3fc                operator delete(void*, unsigned int)
 .text._ZN10__cxxabiv1L24__is_gxx_exception_classEPc
                0x0008a400       0x3c c:/users/roxanne/desktop/programming/adkit/tools/arm-none-eabi-gcc/9.3.1-2020q2-windows/bin/../lib/gcc/arm-none-eabi/9.3.1/../../../../arm-none-eabi/lib/thumb/v7-m/nofp\libsupc++.a(eh_call.o)
 .text.__cxa_call_terminate
                0x0008a43c       0x20 c:/users/roxanne/desktop/programming/adkit/tools/arm-none-eabi-gcc/9.3.1-2020q2-windows/bin/../lib/gcc/arm-none-eabi/9.3.1/../../../../arm-none-eabi/lib/thumb/v7-m/nofp\libsupc++.a(eh_call.o)
                0x0008a43c                __cxa_call_terminate
 .text.unlikely.__cxa_call_unexpected
                0x0008a45c       0xe0 c:/users/roxanne/desktop/programming/adkit/tools/arm-none-eabi-gcc/9.3.1-2020q2-windows/bin/../lib/gcc/arm-none-eabi/9.3.1/../../../../arm-none-eabi/lib/thumb/v7-m/nofp\libsupc++.a(eh_call.o)
                0x0008a45c                __cxa_call_unexpected
 .text.__cxa_begin_catch
                0x0008a53c       0x80 c:/users/roxanne/desktop/programming/adkit/tools/arm-none-eabi-gcc/9.3.1-2020q2-windows/bin/../lib/gcc/arm-none-eabi/9.3.1/../../../../arm-none-eabi/lib/thumb/v7-m/nofp\libsupc++.a(eh_catch.o)
                0x0008a53c                __cxa_begin_catch
 .text.__cxa_end_catch
                0x0008a5bc       0x88 c:/users/roxanne/desktop/programming/adkit/tools/arm-none-eabi-gcc/9.3.1-2020q2-windows/bin/../lib/gcc/arm-none-eabi/9.3.1/../../../../arm-none-eabi/lib/thumb/v7-m/nofp\libsupc++.a(eh_catch.o)
                0x0008a5bc                __cxa_end_catch
 .text._ZL23__gxx_exception_cleanup19_Unwind_Reason_CodeP21_Unwind_Control_Block
                0x0008a644       0x44 c:/users/roxanne/desktop/programming/adkit/tools/arm-none-eabi-gcc/9.3.1-2020q2-windows/bin/../lib/gcc/arm-none-eabi/9.3.1/../../../../arm-none-eabi/lib/thumb/v7-m/nofp\libsupc++.a(eh_throw.o)
 .text.__cxa_init_primary_exception
                0x0008a688       0x58 c:/users/roxanne/desktop/programming/adkit/tools/arm-none-eabi-gcc/9.3.1-2020q2-windows/bin/../lib/gcc/arm-none-eabi/9.3.1/../../../../arm-none-eabi/lib/thumb/v7-m/nofp\libsupc++.a(eh_throw.o)
                0x0008a688                __cxa_init_primary_exception
 .text.__cxa_throw
                0x0008a6e0       0x38 c:/users/roxanne/desktop/programming/adkit/tools/arm-none-eabi-gcc/9.3.1-2020q2-windows/bin/../lib/gcc/arm-none-eabi/9.3.1/../../../../arm-none-eabi/lib/thumb/v7-m/nofp\libsupc++.a(eh_throw.o)
                0x0008a6e0                __cxa_throw
 .text.__cxa_rethrow
                0x0008a718       0x70 c:/users/roxanne/desktop/programming/adkit/tools/arm-none-eabi-gcc/9.3.1-2020q2-windows/bin/../lib/gcc/arm-none-eabi/9.3.1/../../../../arm-none-eabi/lib/thumb/v7-m/nofp\libsupc++.a(eh_throw.o)
                0x0008a718                __cxa_rethrow
 .text.__cxa_current_exception_type
                0x0008a788       0x1c c:/users/roxanne/desktop/programming/adkit/tools/arm-none-eabi-gcc/9.3.1-2020q2-windows/bin/../lib/gcc/arm-none-eabi/9.3.1/../../../../arm-none-eabi/lib/thumb/v7-m/nofp\libsupc++.a(eh_type.o)
                0x0008a788                __cxa_current_exception_type
 .text._ZdlPv   0x0008a7a4        0x4 c:/users/roxanne/desktop/programming/adkit/tools/arm-none-eabi-gcc/9.3.1-2020q2-windows/bin/../lib/gcc/arm-none-eabi/9.3.1/../../../../arm-none-eabi/lib/thumb/v7-m/nofp\libsupc++.a(del_op.o)
                0x0008a7a4                operator delete(void*)
 .text._ZN12_GLOBAL__N_14pool4freeEPv.constprop.0
                0x0008a7a8       0x80 c:/users/roxanne/desktop/programming/adkit/tools/arm-none-eabi-gcc/9.3.1-2020q2-windows/bin/../lib/gcc/arm-none-eabi/9.3.1/../../../../arm-none-eabi/lib/thumb/v7-m/nofp\libsupc++.a(eh_alloc.o)
 .text._ZN12_GLOBAL__N_14pool8allocateEj.constprop.0
                0x0008a828       0x50 c:/users/roxanne/desktop/programming/adkit/tools/arm-none-eabi-gcc/9.3.1-2020q2-windows/bin/../lib/gcc/arm-none-eabi/9.3.1/../../../../arm-none-eabi/lib/thumb/v7-m/nofp\libsupc++.a(eh_alloc.o)
 .text.__cxa_allocate_exception
                0x0008a878       0x30 c:/users/roxanne/desktop/programming/adkit/tools/arm-none-eabi-gcc/9.3.1-2020q2-windows/bin/../lib/gcc/arm-none-eabi/9.3.1/../../../../arm-none-eabi/lib/thumb/v7-m/nofp\libsupc++.a(eh_alloc.o)
                0x0008a878                __cxa_allocate_exception
 .text.__cxa_free_exception
                0x0008a8a8       0x20 c:/users/roxanne/desktop/programming/adkit/tools/arm-none-eabi-gcc/9.3.1-2020q2-windows/bin/../lib/gcc/arm-none-eabi/9.3.1/../../../../arm-none-eabi/lib/thumb/v7-m/nofp\libsupc++.a(eh_alloc.o)
                0x0008a8a8                __cxa_free_exception
 .text.startup._GLOBAL__sub_I__ZN9__gnu_cxx9__freeresEv
                0x0008a8c8       0x28 c:/users/roxanne/desktop/programming/adkit/tools/arm-none-eabi-gcc/9.3.1-2020q2-windows/bin/../lib/gcc/arm-none-eabi/9.3.1/../../../../arm-none-eabi/lib/thumb/v7-m/nofp\libsupc++.a(eh_alloc.o)
 .text.abort    0x0008a8f0       0x10 c:/users/roxanne/desktop/programming/adkit/tools/arm-none-eabi-gcc/9.3.1-2020q2-windows/bin/../lib/gcc/arm-none-eabi/9.3.1/../../../../arm-none-eabi/lib/thumb/v7-m/nofp\libc.a(lib_a-abort.o)
                0x0008a8f0                abort
 .text.__assert_func
                0x0008a900       0x3c c:/users/roxanne/desktop/programming/adkit/tools/arm-none-eabi-gcc/9.3.1-2020q2-windows/bin/../lib/gcc/arm-none-eabi/9.3.1/../../../../arm-none-eabi/lib/thumb/v7-m/nofp\libc.a(lib_a-assert.o)
                0x0008a900                __assert_func
 .text.fiprintf
                0x0008a93c       0x28 c:/users/roxanne/desktop/programming/adkit/tools/arm-none-eabi-gcc/9.3.1-2020q2-windows/bin/../lib/gcc/arm-none-eabi/9.3.1/../../../../arm-none-eabi/lib/thumb/v7-m/nofp\libc.a(lib_a-fiprintf.o)
                0x0008a93c                fiprintf
 .text.fputc    0x0008a964       0x58 c:/users/roxanne/desktop/programming/adkit/tools/arm-none-eabi-gcc/9.3.1-2020q2-windows/bin/../lib/gcc/arm-none-eabi/9.3.1/../../../../arm-none-eabi/lib/thumb/v7-m/nofp\libc.a(lib_a-fputc.o)
                0x0008a964                fputc
 .text._fputs_r
                0x0008a9bc       0x88 c:/users/roxanne/desktop/programming/adkit/tools/arm-none-eabi-gcc/9.3.1-2020q2-windows/bin/../lib/gcc/arm-none-eabi/9.3.1/../../../../arm-none-eabi/lib/thumb/v7-m/nofp\libc.a(lib_a-fputs.o)
                0x0008a9bc                _fputs_r
 .text.fputs    0x0008aa44       0x10 c:/users/roxanne/desktop/programming/adkit/tools/arm-none-eabi-gcc/9.3.1-2020q2-windows/bin/../lib/gcc/arm-none-eabi/9.3.1/../../../../arm-none-eabi/lib/thumb/v7-m/nofp\libc.a(lib_a-fputs.o)
                0x0008aa44                fputs
 .text.__sfvwrite_r
                0x0008aa54      0x2ec c:/users/roxanne/desktop/programming/adkit/tools/arm-none-eabi-gcc/9.3.1-2020q2-windows/bin/../lib/gcc/arm-none-eabi/9.3.1/../../../../arm-none-eabi/lib/thumb/v7-m/nofp\libc.a(lib_a-fvwrite.o)
                0x0008aa54                __sfvwrite_r
 .text._fwrite_r
                0x0008ad40       0xa8 c:/users/roxanne/desktop/programming/adkit/tools/arm-none-eabi-gcc/9.3.1-2020q2-windows/bin/../lib/gcc/arm-none-eabi/9.3.1/../../../../arm-none-eabi/lib/thumb/v7-m/nofp\libc.a(lib_a-fwrite.o)
                0x0008ad40                _fwrite_r
 .text.fwrite   0x0008ade8       0x20 c:/users/roxanne/desktop/programming/adkit/tools/arm-none-eabi-gcc/9.3.1-2020q2-windows/bin/../lib/gcc/arm-none-eabi/9.3.1/../../../../arm-none-eabi/lib/thumb/v7-m/nofp\libc.a(lib_a-fwrite.o)
                0x0008ade8                fwrite
 .text.__libc_init_array
                0x0008ae08       0x48 c:/users/roxanne/desktop/programming/adkit/tools/arm-none-eabi-gcc/9.3.1-2020q2-windows/bin/../lib/gcc/arm-none-eabi/9.3.1/../../../../arm-none-eabi/lib/thumb/v7-m/nofp\libc.a(lib_a-init.o)
                0x0008ae08                __libc_init_array
 .text.__retarget_lock_init_recursive
                0x0008ae50        0x4 c:/users/roxanne/desktop/programming/adkit/tools/arm-none-eabi-gcc/9.3.1-2020q2-windows/bin/../lib/gcc/arm-none-eabi/9.3.1/../../../../arm-none-eabi/lib/thumb/v7-m/nofp\libc.a(lib_a-lock.o)
                0x0008ae50                __retarget_lock_init_recursive
 .text.__retarget_lock_close_recursive
                0x0008ae54        0x4 c:/users/roxanne/desktop/programming/adkit/tools/arm-none-eabi-gcc/9.3.1-2020q2-windows/bin/../lib/gcc/arm-none-eabi/9.3.1/../../../../arm-none-eabi/lib/thumb/v7-m/nofp\libc.a(lib_a-lock.o)
                0x0008ae54                __retarget_lock_close_recursive
 .text.__retarget_lock_acquire_recursive
                0x0008ae58        0x4 c:/users/roxanne/desktop/programming/adkit/tools/arm-none-eabi-gcc/9.3.1-2020q2-windows/bin/../lib/gcc/arm-none-eabi/9.3.1/../../../../arm-none-eabi/lib/thumb/v7-m/nofp\libc.a(lib_a-lock.o)
                0x0008ae58                __retarget_lock_acquire_recursive
 .text.__retarget_lock_release_recursive
                0x0008ae5c        0x4 c:/users/roxanne/desktop/programming/adkit/tools/arm-none-eabi-gcc/9.3.1-2020q2-windows/bin/../lib/gcc/arm-none-eabi/9.3.1/../../../../arm-none-eabi/lib/thumb/v7-m/nofp\libc.a(lib_a-lock.o)
                0x0008ae5c                __retarget_lock_release_recursive
 .text.malloc   0x0008ae60       0x10 c:/users/roxanne/desktop/programming/adkit/tools/arm-none-eabi-gcc/9.3.1-2020q2-windows/bin/../lib/gcc/arm-none-eabi/9.3.1/../../../../arm-none-eabi/lib/thumb/v7-m/nofp\libc.a(lib_a-malloc.o)
                0x0008ae60                malloc
 .text.free     0x0008ae70       0x10 c:/users/roxanne/desktop/programming/adkit/tools/arm-none-eabi-gcc/9.3.1-2020q2-windows/bin/../lib/gcc/arm-none-eabi/9.3.1/../../../../arm-none-eabi/lib/thumb/v7-m/nofp\libc.a(lib_a-malloc.o)
                0x0008ae70                free
 .text._malloc_r
                0x0008ae80      0x55c c:/users/roxanne/desktop/programming/adkit/tools/arm-none-eabi-gcc/9.3.1-2020q2-windows/bin/../lib/gcc/arm-none-eabi/9.3.1/../../../../arm-none-eabi/lib/thumb/v7-m/nofp\libc.a(lib_a-mallocr.o)
                0x0008ae80                _malloc_r
 .text.memchr   0x0008b3dc       0x80 c:/users/roxanne/desktop/programming/adkit/tools/arm-none-eabi-gcc/9.3.1-2020q2-windows/bin/../lib/gcc/arm-none-eabi/9.3.1/../../../../arm-none-eabi/lib/thumb/v7-m/nofp\libc.a(lib_a-memchr-stub.o)
                0x0008b3dc                memchr
 .text.memcmp   0x0008b45c       0x5c c:/users/roxanne/desktop/programming/adkit/tools/arm-none-eabi-gcc/9.3.1-2020q2-windows/bin/../lib/gcc/arm-none-eabi/9.3.1/../../../../arm-none-eabi/lib/thumb/v7-m/nofp\libc.a(lib_a-memcmp.o)
                0x0008b45c                memcmp
 .text          0x0008b4b8       0xec c:/users/roxanne/desktop/programming/adkit/tools/arm-none-eabi-gcc/9.3.1-2020q2-windows/bin/../lib/gcc/arm-none-eabi/9.3.1/../../../../arm-none-eabi/lib/thumb/v7-m/nofp\libc.a(lib_a-memcpy.o)
                0x0008b4b8                memcpy
 .text.memmove  0x0008b5a4       0xd4 c:/users/roxanne/desktop/programming/adkit/tools/arm-none-eabi-gcc/9.3.1-2020q2-windows/bin/../lib/gcc/arm-none-eabi/9.3.1/../../../../arm-none-eabi/lib/thumb/v7-m/nofp\libc.a(lib_a-memmove.o)
                0x0008b5a4                memmove
 .text.memset   0x0008b678       0xa0 c:/users/roxanne/desktop/programming/adkit/tools/arm-none-eabi-gcc/9.3.1-2020q2-windows/bin/../lib/gcc/arm-none-eabi/9.3.1/../../../../arm-none-eabi/lib/thumb/v7-m/nofp\libc.a(lib_a-memset.o)
                0x0008b678                memset
 .text.__malloc_lock
                0x0008b718        0xc c:/users/roxanne/desktop/programming/adkit/tools/arm-none-eabi-gcc/9.3.1-2020q2-windows/bin/../lib/gcc/arm-none-eabi/9.3.1/../../../../arm-none-eabi/lib/thumb/v7-m/nofp\libc.a(lib_a-mlock.o)
                0x0008b718                __malloc_lock
 .text.__malloc_unlock
                0x0008b724        0xc c:/users/roxanne/desktop/programming/adkit/tools/arm-none-eabi-gcc/9.3.1-2020q2-windows/bin/../lib/gcc/arm-none-eabi/9.3.1/../../../../arm-none-eabi/lib/thumb/v7-m/nofp\libc.a(lib_a-mlock.o)
                0x0008b724                __malloc_unlock
 .text._putc_r  0x0008b730       0x74 c:/users/roxanne/desktop/programming/adkit/tools/arm-none-eabi-gcc/9.3.1-2020q2-windows/bin/../lib/gcc/arm-none-eabi/9.3.1/../../../../arm-none-eabi/lib/thumb/v7-m/nofp\libc.a(lib_a-putc.o)
                0x0008b730                _putc_r
 .text.realloc  0x0008b7a4       0x10 c:/users/roxanne/desktop/programming/adkit/tools/arm-none-eabi-gcc/9.3.1-2020q2-windows/bin/../lib/gcc/arm-none-eabi/9.3.1/../../../../arm-none-eabi/lib/thumb/v7-m/nofp\libc.a(lib_a-realloc.o)
                0x0008b7a4                realloc
 .text._realloc_r
                0x0008b7b4      0x3e0 c:/users/roxanne/desktop/programming/adkit/tools/arm-none-eabi-gcc/9.3.1-2020q2-windows/bin/../lib/gcc/arm-none-eabi/9.3.1/../../../../arm-none-eabi/lib/thumb/v7-m/nofp\libc.a(lib_a-reallocr.o)
                0x0008b7b4                _realloc_r
 .text._sbrk_r  0x0008bb94       0x24 c:/users/roxanne/desktop/programming/adkit/tools/arm-none-eabi-gcc/9.3.1-2020q2-windows/bin/../lib/gcc/arm-none-eabi/9.3.1/../../../../arm-none-eabi/lib/thumb/v7-m/nofp\libc.a(lib_a-sbrkr.o)
                0x0008bb94                _sbrk_r
 .text._raise_r
                0x0008bbb8       0x58 c:/users/roxanne/desktop/programming/adkit/tools/arm-none-eabi-gcc/9.3.1-2020q2-windows/bin/../lib/gcc/arm-none-eabi/9.3.1/../../../../arm-none-eabi/lib/thumb/v7-m/nofp\libc.a(lib_a-signal.o)
                0x0008bbb8                _raise_r
 .text.raise    0x0008bc10       0x10 c:/users/roxanne/desktop/programming/adkit/tools/arm-none-eabi-gcc/9.3.1-2020q2-windows/bin/../lib/gcc/arm-none-eabi/9.3.1/../../../../arm-none-eabi/lib/thumb/v7-m/nofp\libc.a(lib_a-signal.o)
                0x0008bc10                raise
 .text._kill_r  0x0008bc20       0x2c c:/users/roxanne/desktop/programming/adkit/tools/arm-none-eabi-gcc/9.3.1-2020q2-windows/bin/../lib/gcc/arm-none-eabi/9.3.1/../../../../arm-none-eabi/lib/thumb/v7-m/nofp\libc.a(lib_a-signalr.o)
                0x0008bc20                _kill_r
 .text._getpid_r
                0x0008bc4c        0x4 c:/users/roxanne/desktop/programming/adkit/tools/arm-none-eabi-gcc/9.3.1-2020q2-windows/bin/../lib/gcc/arm-none-eabi/9.3.1/../../../../arm-none-eabi/lib/thumb/v7-m/nofp\libc.a(lib_a-signalr.o)
                0x0008bc4c                _getpid_r
 .text.sprintf  0x0008bc50       0x44 c:/users/roxanne/desktop/programming/adkit/tools/arm-none-eabi-gcc/9.3.1-2020q2-windows/bin/../lib/gcc/arm-none-eabi/9.3.1/../../../../arm-none-eabi/lib/thumb/v7-m/nofp\libc.a(lib_a-sprintf.o)
                0x0008bc50                sprintf
 .text          0x0008bc94      0x1bc c:/users/roxanne/desktop/programming/adkit/tools/arm-none-eabi-gcc/9.3.1-2020q2-windows/bin/../lib/gcc/arm-none-eabi/9.3.1/../../../../arm-none-eabi/lib/thumb/v7-m/nofp\libc.a(lib_a-strcmp.o)
                0x0008bc94                strcmp
 .text.strlen   0x0008be50       0x5c c:/users/roxanne/desktop/programming/adkit/tools/arm-none-eabi-gcc/9.3.1-2020q2-windows/bin/../lib/gcc/arm-none-eabi/9.3.1/../../../../arm-none-eabi/lib/thumb/v7-m/nofp\libc.a(lib_a-strlen-stub.o)
                0x0008be50                strlen
 .text.strncmp  0x0008beac       0x7c c:/users/roxanne/desktop/programming/adkit/tools/arm-none-eabi-gcc/9.3.1-2020q2-windows/bin/../lib/gcc/arm-none-eabi/9.3.1/../../../../arm-none-eabi/lib/thumb/v7-m/nofp\libc.a(lib_a-strncmp.o)
                0x0008beac                strncmp
 .text._svfprintf_r
                0x0008bf28     0x1b50 c:/users/roxanne/desktop/programming/adkit/tools/arm-none-eabi-gcc/9.3.1-2020q2-windows/bin/../lib/gcc/arm-none-eabi/9.3.1/../../../../arm-none-eabi/lib/thumb/v7-m/nofp\libc.a(lib_a-svfprintf.o)
                0x0008bf28                _svfprintf_r
 .text.kill     0x0008da78       0x10 c:/users/roxanne/desktop/programming/adkit/tools/arm-none-eabi-gcc/9.3.1-2020q2-windows/bin/../lib/gcc/arm-none-eabi/9.3.1/../../../../arm-none-eabi/lib/thumb/v7-m/nofp\libc.a(lib_a-syskill.o)
                0x0008da78                kill
 .text.__sprint_r.part.0
                0x0008da88       0x78 c:/users/roxanne/desktop/programming/adkit/tools/arm-none-eabi-gcc/9.3.1-2020q2-windows/bin/../lib/gcc/arm-none-eabi/9.3.1/../../../../arm-none-eabi/lib/thumb/v7-m/nofp\libc.a(lib_a-vfiprintf.o)
 .text._vfiprintf_r
                0x0008db00      0xd2c c:/users/roxanne/desktop/programming/adkit/tools/arm-none-eabi-gcc/9.3.1-2020q2-windows/bin/../lib/gcc/arm-none-eabi/9.3.1/../../../../arm-none-eabi/lib/thumb/v7-m/nofp\libc.a(lib_a-vfiprintf.o)
                0x0008db00                _vfiprintf_r
 .text.__sbprintf
                0x0008e82c       0x88 c:/users/roxanne/desktop/programming/adkit/tools/arm-none-eabi-gcc/9.3.1-2020q2-windows/bin/../lib/gcc/arm-none-eabi/9.3.1/../../../../arm-none-eabi/lib/thumb/v7-m/nofp\libc.a(lib_a-vfiprintf.o)
 .text.__swbuf_r
                0x0008e8b4       0xb0 c:/users/roxanne/desktop/programming/adkit/tools/arm-none-eabi-gcc/9.3.1-2020q2-windows/bin/../lib/gcc/arm-none-eabi/9.3.1/../../../../arm-none-eabi/lib/thumb/v7-m/nofp\libc.a(lib_a-wbuf.o)
                0x0008e8b4                __swbuf_r
 .text.__swsetup_r
                0x0008e964       0xd0 c:/users/roxanne/desktop/programming/adkit/tools/arm-none-eabi-gcc/9.3.1-2020q2-windows/bin/../lib/gcc/arm-none-eabi/9.3.1/../../../../arm-none-eabi/lib/thumb/v7-m/nofp\libc.a(lib_a-wsetup.o)
                0x0008e964                __swsetup_r
 .text.startup.register_fini
                0x0008ea34       0x14 c:/users/roxanne/desktop/programming/adkit/tools/arm-none-eabi-gcc/9.3.1-2020q2-windows/bin/../lib/gcc/arm-none-eabi/9.3.1/../../../../arm-none-eabi/lib/thumb/v7-m/nofp\libc.a(lib_a-__call_atexit.o)
 .text.atexit   0x0008ea48        0xc c:/users/roxanne/desktop/programming/adkit/tools/arm-none-eabi-gcc/9.3.1-2020q2-windows/bin/../lib/gcc/arm-none-eabi/9.3.1/../../../../arm-none-eabi/lib/thumb/v7-m/nofp\libc.a(lib_a-atexit.o)
                0x0008ea48                atexit
 .text.quorem   0x0008ea54      0x120 c:/users/roxanne/desktop/programming/adkit/tools/arm-none-eabi-gcc/9.3.1-2020q2-windows/bin/../lib/gcc/arm-none-eabi/9.3.1/../../../../arm-none-eabi/lib/thumb/v7-m/nofp\libc.a(lib_a-dtoa.o)
 *fill*         0x0008eb74        0x4 
 .text._dtoa_r  0x0008eb78      0xec8 c:/users/roxanne/desktop/programming/adkit/tools/arm-none-eabi-gcc/9.3.1-2020q2-windows/bin/../lib/gcc/arm-none-eabi/9.3.1/../../../../arm-none-eabi/lib/thumb/v7-m/nofp\libc.a(lib_a-dtoa.o)
                0x0008eb78                _dtoa_r
 .text.__sflush_r
                0x0008fa40      0x130 c:/users/roxanne/desktop/programming/adkit/tools/arm-none-eabi-gcc/9.3.1-2020q2-windows/bin/../lib/gcc/arm-none-eabi/9.3.1/../../../../arm-none-eabi/lib/thumb/v7-m/nofp\libc.a(lib_a-fflush.o)
                0x0008fa40                __sflush_r
 .text._fflush_r
                0x0008fb70       0x5c c:/users/roxanne/desktop/programming/adkit/tools/arm-none-eabi-gcc/9.3.1-2020q2-windows/bin/../lib/gcc/arm-none-eabi/9.3.1/../../../../arm-none-eabi/lib/thumb/v7-m/nofp\libc.a(lib_a-fflush.o)
                0x0008fb70                _fflush_r
 .text.std      0x0008fbcc       0x50 c:/users/roxanne/desktop/programming/adkit/tools/arm-none-eabi-gcc/9.3.1-2020q2-windows/bin/../lib/gcc/arm-none-eabi/9.3.1/../../../../arm-none-eabi/lib/thumb/v7-m/nofp\libc.a(lib_a-findfp.o)
 .text._cleanup_r
                0x0008fc1c        0xc c:/users/roxanne/desktop/programming/adkit/tools/arm-none-eabi-gcc/9.3.1-2020q2-windows/bin/../lib/gcc/arm-none-eabi/9.3.1/../../../../arm-none-eabi/lib/thumb/v7-m/nofp\libc.a(lib_a-findfp.o)
                0x0008fc1c                _cleanup_r
 .text.__sinit  0x0008fc28       0x5c c:/users/roxanne/desktop/programming/adkit/tools/arm-none-eabi-gcc/9.3.1-2020q2-windows/bin/../lib/gcc/arm-none-eabi/9.3.1/../../../../arm-none-eabi/lib/thumb/v7-m/nofp\libc.a(lib_a-findfp.o)
                0x0008fc28                __sinit
 .text.__sfp_lock_acquire
                0x0008fc84        0xc c:/users/roxanne/desktop/programming/adkit/tools/arm-none-eabi-gcc/9.3.1-2020q2-windows/bin/../lib/gcc/arm-none-eabi/9.3.1/../../../../arm-none-eabi/lib/thumb/v7-m/nofp\libc.a(lib_a-findfp.o)
                0x0008fc84                __sfp_lock_acquire
 .text.__sfp_lock_release
                0x0008fc90        0xc c:/users/roxanne/desktop/programming/adkit/tools/arm-none-eabi-gcc/9.3.1-2020q2-windows/bin/../lib/gcc/arm-none-eabi/9.3.1/../../../../arm-none-eabi/lib/thumb/v7-m/nofp\libc.a(lib_a-findfp.o)
                0x0008fc90                __sfp_lock_release
 .text.__libc_fini_array
                0x0008fc9c       0x2c c:/users/roxanne/desktop/programming/adkit/tools/arm-none-eabi-gcc/9.3.1-2020q2-windows/bin/../lib/gcc/arm-none-eabi/9.3.1/../../../../arm-none-eabi/lib/thumb/v7-m/nofp\libc.a(lib_a-fini.o)
                0x0008fc9c                __libc_fini_array
 .text.__fputwc
                0x0008fcc8       0xa0 c:/users/roxanne/desktop/programming/adkit/tools/arm-none-eabi-gcc/9.3.1-2020q2-windows/bin/../lib/gcc/arm-none-eabi/9.3.1/../../../../arm-none-eabi/lib/thumb/v7-m/nofp\libc.a(lib_a-fputwc.o)
                0x0008fcc8                __fputwc
 .text._fputwc_r
                0x0008fd68       0x68 c:/users/roxanne/desktop/programming/adkit/tools/arm-none-eabi-gcc/9.3.1-2020q2-windows/bin/../lib/gcc/arm-none-eabi/9.3.1/../../../../arm-none-eabi/lib/thumb/v7-m/nofp\libc.a(lib_a-fputwc.o)
                0x0008fd68                _fputwc_r
 .text._malloc_trim_r
                0x0008fdd0       0xa0 c:/users/roxanne/desktop/programming/adkit/tools/arm-none-eabi-gcc/9.3.1-2020q2-windows/bin/../lib/gcc/arm-none-eabi/9.3.1/../../../../arm-none-eabi/lib/thumb/v7-m/nofp\libc.a(lib_a-freer.o)
                0x0008fdd0                _malloc_trim_r
 .text._free_r  0x0008fe70      0x20c c:/users/roxanne/desktop/programming/adkit/tools/arm-none-eabi-gcc/9.3.1-2020q2-windows/bin/../lib/gcc/arm-none-eabi/9.3.1/../../../../arm-none-eabi/lib/thumb/v7-m/nofp\libc.a(lib_a-freer.o)
                0x0008fe70                _free_r
 .text._fwalk_reent
                0x0009007c       0x48 c:/users/roxanne/desktop/programming/adkit/tools/arm-none-eabi-gcc/9.3.1-2020q2-windows/bin/../lib/gcc/arm-none-eabi/9.3.1/../../../../arm-none-eabi/lib/thumb/v7-m/nofp\libc.a(lib_a-fwalk.o)
                0x0009007c                _fwalk_reent
 .text.__locale_mb_cur_max
                0x000900c4        0xc c:/users/roxanne/desktop/programming/adkit/tools/arm-none-eabi-gcc/9.3.1-2020q2-windows/bin/../lib/gcc/arm-none-eabi/9.3.1/../../../../arm-none-eabi/lib/thumb/v7-m/nofp\libc.a(lib_a-locale.o)
                0x000900c4                __locale_mb_cur_max
 .text._localeconv_r
                0x000900d0        0x8 c:/users/roxanne/desktop/programming/adkit/tools/arm-none-eabi-gcc/9.3.1-2020q2-windows/bin/../lib/gcc/arm-none-eabi/9.3.1/../../../../arm-none-eabi/lib/thumb/v7-m/nofp\libc.a(lib_a-localeconv.o)
                0x000900d0                _localeconv_r
 .text.__swhatbuf_r
                0x000900d8       0x5c c:/users/roxanne/desktop/programming/adkit/tools/arm-none-eabi-gcc/9.3.1-2020q2-windows/bin/../lib/gcc/arm-none-eabi/9.3.1/../../../../arm-none-eabi/lib/thumb/v7-m/nofp\libc.a(lib_a-makebuf.o)
                0x000900d8                __swhatbuf_r
 .text.__smakebuf_r
                0x00090134       0x94 c:/users/roxanne/desktop/programming/adkit/tools/arm-none-eabi-gcc/9.3.1-2020q2-windows/bin/../lib/gcc/arm-none-eabi/9.3.1/../../../../arm-none-eabi/lib/thumb/v7-m/nofp\libc.a(lib_a-makebuf.o)
                0x00090134                __smakebuf_r
 .text.__ascii_mbtowc
                0x000901c8       0x2c c:/users/roxanne/desktop/programming/adkit/tools/arm-none-eabi-gcc/9.3.1-2020q2-windows/bin/../lib/gcc/arm-none-eabi/9.3.1/../../../../arm-none-eabi/lib/thumb/v7-m/nofp\libc.a(lib_a-mbtowc_r.o)
                0x000901c8                __ascii_mbtowc
 .text._Balloc  0x000901f4       0x4c c:/users/roxanne/desktop/programming/adkit/tools/arm-none-eabi-gcc/9.3.1-2020q2-windows/bin/../lib/gcc/arm-none-eabi/9.3.1/../../../../arm-none-eabi/lib/thumb/v7-m/nofp\libc.a(lib_a-mprec.o)
                0x000901f4                _Balloc
 .text._Bfree   0x00090240       0x14 c:/users/roxanne/desktop/programming/adkit/tools/arm-none-eabi-gcc/9.3.1-2020q2-windows/bin/../lib/gcc/arm-none-eabi/9.3.1/../../../../arm-none-eabi/lib/thumb/v7-m/nofp\libc.a(lib_a-mprec.o)
                0x00090240                _Bfree
 .text.__multadd
                0x00090254       0x9c c:/users/roxanne/desktop/programming/adkit/tools/arm-none-eabi-gcc/9.3.1-2020q2-windows/bin/../lib/gcc/arm-none-eabi/9.3.1/../../../../arm-none-eabi/lib/thumb/v7-m/nofp\libc.a(lib_a-mprec.o)
                0x00090254                __multadd
 .text.__hi0bits
                0x000902f0       0x40 c:/users/roxanne/desktop/programming/adkit/tools/arm-none-eabi-gcc/9.3.1-2020q2-windows/bin/../lib/gcc/arm-none-eabi/9.3.1/../../../../arm-none-eabi/lib/thumb/v7-m/nofp\libc.a(lib_a-mprec.o)
                0x000902f0                __hi0bits
 .text.__lo0bits
                0x00090330       0x60 c:/users/roxanne/desktop/programming/adkit/tools/arm-none-eabi-gcc/9.3.1-2020q2-windows/bin/../lib/gcc/arm-none-eabi/9.3.1/../../../../arm-none-eabi/lib/thumb/v7-m/nofp\libc.a(lib_a-mprec.o)
                0x00090330                __lo0bits
 .text.__i2b    0x00090390       0x2c c:/users/roxanne/desktop/programming/adkit/tools/arm-none-eabi-gcc/9.3.1-2020q2-windows/bin/../lib/gcc/arm-none-eabi/9.3.1/../../../../arm-none-eabi/lib/thumb/v7-m/nofp\libc.a(lib_a-mprec.o)
                0x00090390                __i2b
 .text.__multiply
                0x000903bc      0x160 c:/users/roxanne/desktop/programming/adkit/tools/arm-none-eabi-gcc/9.3.1-2020q2-windows/bin/../lib/gcc/arm-none-eabi/9.3.1/../../../../arm-none-eabi/lib/thumb/v7-m/nofp\libc.a(lib_a-mprec.o)
                0x000903bc                __multiply
 .text.__pow5mult
                0x0009051c       0x98 c:/users/roxanne/desktop/programming/adkit/tools/arm-none-eabi-gcc/9.3.1-2020q2-windows/bin/../lib/gcc/arm-none-eabi/9.3.1/../../../../arm-none-eabi/lib/thumb/v7-m/nofp\libc.a(lib_a-mprec.o)
                0x0009051c                __pow5mult
 .text.__lshift
                0x000905b4       0xe8 c:/users/roxanne/desktop/programming/adkit/tools/arm-none-eabi-gcc/9.3.1-2020q2-windows/bin/../lib/gcc/arm-none-eabi/9.3.1/../../../../arm-none-eabi/lib/thumb/v7-m/nofp\libc.a(lib_a-mprec.o)
                0x000905b4                __lshift
 .text.__mcmp   0x0009069c       0x3c c:/users/roxanne/desktop/programming/adkit/tools/arm-none-eabi-gcc/9.3.1-2020q2-windows/bin/../lib/gcc/arm-none-eabi/9.3.1/../../../../arm-none-eabi/lib/thumb/v7-m/nofp\libc.a(lib_a-mprec.o)
                0x0009069c                __mcmp
 .text.__mdiff  0x000906d8      0x150 c:/users/roxanne/desktop/programming/adkit/tools/arm-none-eabi-gcc/9.3.1-2020q2-windows/bin/../lib/gcc/arm-none-eabi/9.3.1/../../../../arm-none-eabi/lib/thumb/v7-m/nofp\libc.a(lib_a-mprec.o)
                0x000906d8                __mdiff
 .text.__d2b    0x00090828       0xc4 c:/users/roxanne/desktop/programming/adkit/tools/arm-none-eabi-gcc/9.3.1-2020q2-windows/bin/../lib/gcc/arm-none-eabi/9.3.1/../../../../arm-none-eabi/lib/thumb/v7-m/nofp\libc.a(lib_a-mprec.o)
                0x00090828                __d2b
 .text.frexp    0x000908ec       0x70 c:/users/roxanne/desktop/programming/adkit/tools/arm-none-eabi-gcc/9.3.1-2020q2-windows/bin/../lib/gcc/arm-none-eabi/9.3.1/../../../../arm-none-eabi/lib/thumb/v7-m/nofp\libc.a(lib_a-s_frexp.o)
                0x000908ec                frexp
 .text.__sread  0x0009095c       0x24 c:/users/roxanne/desktop/programming/adkit/tools/arm-none-eabi-gcc/9.3.1-2020q2-windows/bin/../lib/gcc/arm-none-eabi/9.3.1/../../../../arm-none-eabi/lib/thumb/v7-m/nofp\libc.a(lib_a-stdio.o)
                0x0009095c                __sread
 .text.__swrite
                0x00090980       0x40 c:/users/roxanne/desktop/programming/adkit/tools/arm-none-eabi-gcc/9.3.1-2020q2-windows/bin/../lib/gcc/arm-none-eabi/9.3.1/../../../../arm-none-eabi/lib/thumb/v7-m/nofp\libc.a(lib_a-stdio.o)
                0x00090980                __swrite
 .text.__sseek  0x000909c0       0x20 c:/users/roxanne/desktop/programming/adkit/tools/arm-none-eabi-gcc/9.3.1-2020q2-windows/bin/../lib/gcc/arm-none-eabi/9.3.1/../../../../arm-none-eabi/lib/thumb/v7-m/nofp\libc.a(lib_a-stdio.o)
                0x000909c0                __sseek
 .text.__sclose
                0x000909e0        0x8 c:/users/roxanne/desktop/programming/adkit/tools/arm-none-eabi-gcc/9.3.1-2020q2-windows/bin/../lib/gcc/arm-none-eabi/9.3.1/../../../../arm-none-eabi/lib/thumb/v7-m/nofp\libc.a(lib_a-stdio.o)
                0x000909e0                __sclose
 .text.strncpy  0x000909e8       0x68 c:/users/roxanne/desktop/programming/adkit/tools/arm-none-eabi-gcc/9.3.1-2020q2-windows/bin/../lib/gcc/arm-none-eabi/9.3.1/../../../../arm-none-eabi/lib/thumb/v7-m/nofp\libc.a(lib_a-strncpy.o)
                0x000909e8                strncpy
 .text.__ssprint_r
                0x00090a50       0xf8 c:/users/roxanne/desktop/programming/adkit/tools/arm-none-eabi-gcc/9.3.1-2020q2-windows/bin/../lib/gcc/arm-none-eabi/9.3.1/../../../../arm-none-eabi/lib/thumb/v7-m/nofp\libc.a(lib_a-svfiprintf.o)
                0x00090a50                __ssprint_r
 .text._wcrtomb_r
                0x00090b48       0x3c c:/users/roxanne/desktop/programming/adkit/tools/arm-none-eabi-gcc/9.3.1-2020q2-windows/bin/../lib/gcc/arm-none-eabi/9.3.1/../../../../arm-none-eabi/lib/thumb/v7-m/nofp\libc.a(lib_a-wcrtomb.o)
                0x00090b48                _wcrtomb_r
 .text.__ascii_wctomb
                0x00090b84       0x1c c:/users/roxanne/desktop/programming/adkit/tools/arm-none-eabi-gcc/9.3.1-2020q2-windows/bin/../lib/gcc/arm-none-eabi/9.3.1/../../../../arm-none-eabi/lib/thumb/v7-m/nofp\libc.a(lib_a-wctomb_r.o)
                0x00090b84                __ascii_wctomb
 .text._write_r
                0x00090ba0       0x2c c:/users/roxanne/desktop/programming/adkit/tools/arm-none-eabi-gcc/9.3.1-2020q2-windows/bin/../lib/gcc/arm-none-eabi/9.3.1/../../../../arm-none-eabi/lib/thumb/v7-m/nofp\libc.a(lib_a-writer.o)
                0x00090ba0                _write_r
 .text.__register_exitproc
                0x00090bcc       0x8c c:/users/roxanne/desktop/programming/adkit/tools/arm-none-eabi-gcc/9.3.1-2020q2-windows/bin/../lib/gcc/arm-none-eabi/9.3.1/../../../../arm-none-eabi/lib/thumb/v7-m/nofp\libc.a(lib_a-__atexit.o)
                0x00090bcc                __register_exitproc
 .text._calloc_r
                0x00090c58       0x60 c:/users/roxanne/desktop/programming/adkit/tools/arm-none-eabi-gcc/9.3.1-2020q2-windows/bin/../lib/gcc/arm-none-eabi/9.3.1/../../../../arm-none-eabi/lib/thumb/v7-m/nofp\libc.a(lib_a-callocr.o)
                0x00090c58                _calloc_r
 .text._close_r
                0x00090cb8       0x24 c:/users/roxanne/desktop/programming/adkit/tools/arm-none-eabi-gcc/9.3.1-2020q2-windows/bin/../lib/gcc/arm-none-eabi/9.3.1/../../../../arm-none-eabi/lib/thumb/v7-m/nofp\libc.a(lib_a-closer.o)
                0x00090cb8                _close_r
 .text._fclose_r
                0x00090cdc       0xcc c:/users/roxanne/desktop/programming/adkit/tools/arm-none-eabi-gcc/9.3.1-2020q2-windows/bin/../lib/gcc/arm-none-eabi/9.3.1/../../../../arm-none-eabi/lib/thumb/v7-m/nofp\libc.a(lib_a-fclose.o)
                0x00090cdc                _fclose_r
 .text._fstat_r
                0x00090da8       0x2c c:/users/roxanne/desktop/programming/adkit/tools/arm-none-eabi-gcc/9.3.1-2020q2-windows/bin/../lib/gcc/arm-none-eabi/9.3.1/../../../../arm-none-eabi/lib/thumb/v7-m/nofp\libc.a(lib_a-fstatr.o)
                0x00090da8                _fstat_r
 .text._isatty_r
                0x00090dd4       0x24 c:/users/roxanne/desktop/programming/adkit/tools/arm-none-eabi-gcc/9.3.1-2020q2-windows/bin/../lib/gcc/arm-none-eabi/9.3.1/../../../../arm-none-eabi/lib/thumb/v7-m/nofp\libc.a(lib_a-isattyr.o)
                0x00090dd4                _isatty_r
 .text._lseek_r
                0x00090df8       0x2c c:/users/roxanne/desktop/programming/adkit/tools/arm-none-eabi-gcc/9.3.1-2020q2-windows/bin/../lib/gcc/arm-none-eabi/9.3.1/../../../../arm-none-eabi/lib/thumb/v7-m/nofp\libc.a(lib_a-lseekr.o)
                0x00090df8                _lseek_r
 .text._read_r  0x00090e24       0x2c c:/users/roxanne/desktop/programming/adkit/tools/arm-none-eabi-gcc/9.3.1-2020q2-windows/bin/../lib/gcc/arm-none-eabi/9.3.1/../../../../arm-none-eabi/lib/thumb/v7-m/nofp\libc.a(lib_a-readr.o)
                0x00090e24                _read_r
 .text          0x00090e50       0x50 c:/users/roxanne/desktop/programming/adkit/tools/arm-none-eabi-gcc/9.3.1-2020q2-windows/bin/../lib/gcc/arm-none-eabi/9.3.1/thumb/v7-m/nofp\libgcc.a(_arm_fixdfsi.o)
                0x00090e50                __aeabi_d2iz
                0x00090e50                __fixdfsi
 .text          0x00090ea0       0x30 c:/users/roxanne/desktop/programming/adkit/tools/arm-none-eabi-gcc/9.3.1-2020q2-windows/bin/../lib/gcc/arm-none-eabi/9.3.1/thumb/v7-m/nofp\libgcc.a(_aeabi_uldivmod.o)
                0x00090ea0                __aeabi_uldivmod
 .text          0x00090ed0      0x2c4 c:/users/roxanne/desktop/programming/adkit/tools/arm-none-eabi-gcc/9.3.1-2020q2-windows/bin/../lib/gcc/arm-none-eabi/9.3.1/thumb/v7-m/nofp\libgcc.a(_udivmoddi4.o)
                0x00090ed0                __udivmoddi4
 .text          0x00091194        0x4 c:/users/roxanne/desktop/programming/adkit/tools/arm-none-eabi-gcc/9.3.1-2020q2-windows/bin/../lib/gcc/arm-none-eabi/9.3.1/thumb/v7-m/nofp\libgcc.a(_dvmd_tls.o)
                0x00091194                __aeabi_idiv0
                0x00091194                __aeabi_ldiv0
 *(.glue_7t)
 .glue_7t       0x00091198        0x0 linker stubs
 *(.glue_7)
 .glue_7        0x00091198        0x0 linker stubs
 *(.rodata .rodata* .gnu.linkonce.r.*)
 .rodata.g_APinDescription
                0x00091198      0xa2c ../../lib/ArduinoCore-sam/out/sam.a(variant.o)
                0x00091198                g_APinDescription
 .rodata._ZTV9UARTClass
                0x00091bc4       0x2c ../../lib/ArduinoCore-sam/out/sam.a(UARTClass.o)
                0x00091bc4                vtable for UARTClass
 .rodata._ZTV10USARTClass
                0x00091bf0       0x2c ../../lib/ArduinoCore-sam/out/sam.a(USARTClass.o)
                0x00091bf0                vtable for USARTClass
 .rodata.__func__.6792
                0x00091c1c        0xd ../../lib/ArduinoCore-sam/variants/arduino_due_x/libsam_sam3x8e_gcc_rel.a(tc.o)
 .rodata.str1.1
                0x00091c29       0x54 ../../lib/ArduinoCore-sam/variants/arduino_due_x/libsam_sam3x8e_gcc_rel.a(tc.o)
 .rodata.__func__.6798
                0x00091c7d        0x9 ../../lib/ArduinoCore-sam/variants/arduino_due_x/libsam_sam3x8e_gcc_rel.a(tc.o)
 .rodata.__func__.6804
                0x00091c86        0x8 ../../lib/ArduinoCore-sam/variants/arduino_due_x/libsam_sam3x8e_gcc_rel.a(tc.o)
 *fill*         0x00091c8e        0x2 
 .rodata        0x00091c90       0x40 ../../lib/ArduinoCore-sam/variants/arduino_due_x/libsam_sam3x8e_gcc_rel.a(adc.o)
 .rodata._ZNKSt13bad_exception4whatEv.str1.4
                0x00091cd0       0x13 c:/users/roxanne/desktop/programming/adkit/tools/arm-none-eabi-gcc/9.3.1-2020q2-windows/bin/../lib/gcc/arm-none-eabi/9.3.1/../../../../arm-none-eabi/lib/thumb/v7-m/nofp\libsupc++.a(eh_exception.o)
 *fill*         0x00091ce3        0x1 
 .rodata._ZTIN10__cxxabiv115__forced_unwindE
                0x00091ce4        0x8 c:/users/roxanne/desktop/programming/adkit/tools/arm-none-eabi-gcc/9.3.1-2020q2-windows/bin/../lib/gcc/arm-none-eabi/9.3.1/../../../../arm-none-eabi/lib/thumb/v7-m/nofp\libsupc++.a(eh_exception.o)
                0x00091ce4                typeinfo for __cxxabiv1::__forced_unwind
 .rodata._ZTIN10__cxxabiv119__foreign_exceptionE
                0x00091cec        0x8 c:/users/roxanne/desktop/programming/adkit/tools/arm-none-eabi-gcc/9.3.1-2020q2-windows/bin/../lib/gcc/arm-none-eabi/9.3.1/../../../../arm-none-eabi/lib/thumb/v7-m/nofp\libsupc++.a(eh_exception.o)
                0x00091cec                typeinfo for __cxxabiv1::__foreign_exception
 .rodata._ZTISt13bad_exception
                0x00091cf4        0xc c:/users/roxanne/desktop/programming/adkit/tools/arm-none-eabi-gcc/9.3.1-2020q2-windows/bin/../lib/gcc/arm-none-eabi/9.3.1/../../../../arm-none-eabi/lib/thumb/v7-m/nofp\libsupc++.a(eh_exception.o)
                0x00091cf4                typeinfo for std::bad_exception
 .rodata._ZTISt9exception
                0x00091d00        0x8 c:/users/roxanne/desktop/programming/adkit/tools/arm-none-eabi-gcc/9.3.1-2020q2-windows/bin/../lib/gcc/arm-none-eabi/9.3.1/../../../../arm-none-eabi/lib/thumb/v7-m/nofp\libsupc++.a(eh_exception.o)
                0x00091d00                typeinfo for std::exception
 .rodata._ZTSN10__cxxabiv115__forced_unwindE
                0x00091d08       0x20 c:/users/roxanne/desktop/programming/adkit/tools/arm-none-eabi-gcc/9.3.1-2020q2-windows/bin/../lib/gcc/arm-none-eabi/9.3.1/../../../../arm-none-eabi/lib/thumb/v7-m/nofp\libsupc++.a(eh_exception.o)
                0x00091d08                typeinfo name for __cxxabiv1::__forced_unwind
 .rodata._ZTSN10__cxxabiv119__foreign_exceptionE
                0x00091d28       0x24 c:/users/roxanne/desktop/programming/adkit/tools/arm-none-eabi-gcc/9.3.1-2020q2-windows/bin/../lib/gcc/arm-none-eabi/9.3.1/../../../../arm-none-eabi/lib/thumb/v7-m/nofp\libsupc++.a(eh_exception.o)
                0x00091d28                typeinfo name for __cxxabiv1::__foreign_exception
 .rodata._ZTSSt13bad_exception
                0x00091d4c       0x12 c:/users/roxanne/desktop/programming/adkit/tools/arm-none-eabi-gcc/9.3.1-2020q2-windows/bin/../lib/gcc/arm-none-eabi/9.3.1/../../../../arm-none-eabi/lib/thumb/v7-m/nofp\libsupc++.a(eh_exception.o)
                0x00091d4c                typeinfo name for std::bad_exception
 *fill*         0x00091d5e        0x2 
 .rodata._ZTSSt9exception
                0x00091d60        0xd c:/users/roxanne/desktop/programming/adkit/tools/arm-none-eabi-gcc/9.3.1-2020q2-windows/bin/../lib/gcc/arm-none-eabi/9.3.1/../../../../arm-none-eabi/lib/thumb/v7-m/nofp\libsupc++.a(eh_exception.o)
                0x00091d60                typeinfo name for std::exception
 *fill*         0x00091d6d        0x3 
 .rodata._ZTVSt13bad_exception
                0x00091d70       0x14 c:/users/roxanne/desktop/programming/adkit/tools/arm-none-eabi-gcc/9.3.1-2020q2-windows/bin/../lib/gcc/arm-none-eabi/9.3.1/../../../../arm-none-eabi/lib/thumb/v7-m/nofp\libsupc++.a(eh_exception.o)
                0x00091d70                vtable for std::bad_exception
 .rodata._ZTIN10__cxxabiv120__si_class_type_infoE
                0x00091d84        0xc c:/users/roxanne/desktop/programming/adkit/tools/arm-none-eabi-gcc/9.3.1-2020q2-windows/bin/../lib/gcc/arm-none-eabi/9.3.1/../../../../arm-none-eabi/lib/thumb/v7-m/nofp\libsupc++.a(si_class_type_info.o)
                0x00091d84                typeinfo for __cxxabiv1::__si_class_type_info
 .rodata._ZTSN10__cxxabiv120__si_class_type_infoE
                0x00091d90       0x25 c:/users/roxanne/desktop/programming/adkit/tools/arm-none-eabi-gcc/9.3.1-2020q2-windows/bin/../lib/gcc/arm-none-eabi/9.3.1/../../../../arm-none-eabi/lib/thumb/v7-m/nofp\libsupc++.a(si_class_type_info.o)
                0x00091d90                typeinfo name for __cxxabiv1::__si_class_type_info
 *fill*         0x00091db5        0x3 
 .rodata._ZTVN10__cxxabiv120__si_class_type_infoE
                0x00091db8       0x2c c:/users/roxanne/desktop/programming/adkit/tools/arm-none-eabi-gcc/9.3.1-2020q2-windows/bin/../lib/gcc/arm-none-eabi/9.3.1/../../../../arm-none-eabi/lib/thumb/v7-m/nofp\libsupc++.a(si_class_type_info.o)
                0x00091db8                vtable for __cxxabiv1::__si_class_type_info
 .rodata._ZTISt9type_info
                0x00091de4        0x8 c:/users/roxanne/desktop/programming/adkit/tools/arm-none-eabi-gcc/9.3.1-2020q2-windows/bin/../lib/gcc/arm-none-eabi/9.3.1/../../../../arm-none-eabi/lib/thumb/v7-m/nofp\libsupc++.a(tinfo.o)
                0x00091de4                typeinfo for std::type_info
 .rodata._ZTSSt9type_info
                0x00091dec        0xd c:/users/roxanne/desktop/programming/adkit/tools/arm-none-eabi-gcc/9.3.1-2020q2-windows/bin/../lib/gcc/arm-none-eabi/9.3.1/../../../../arm-none-eabi/lib/thumb/v7-m/nofp\libsupc++.a(tinfo.o)
                0x00091dec                typeinfo name for std::type_info
 *fill*         0x00091df9        0x3 
 .rodata._ZN9__gnu_cxx27__verbose_terminate_handlerEv.str1.4
                0x00091dfc       0x94 c:/users/roxanne/desktop/programming/adkit/tools/arm-none-eabi-gcc/9.3.1-2020q2-windows/bin/../lib/gcc/arm-none-eabi/9.3.1/../../../../arm-none-eabi/lib/thumb/v7-m/nofp\libsupc++.a(vterminate.o)
 .rodata.str1.4
                0x00091e90      0x88a c:/users/roxanne/desktop/programming/adkit/tools/arm-none-eabi-gcc/9.3.1-2020q2-windows/bin/../lib/gcc/arm-none-eabi/9.3.1/../../../../arm-none-eabi/lib/thumb/v7-m/nofp\libsupc++.a(cp-demangle.o)
                                0x8da (size before relaxing)
 *fill*         0x0009271a        0x2 
 .rodata        0x0009271c      0x7ac c:/users/roxanne/desktop/programming/adkit/tools/arm-none-eabi-gcc/9.3.1-2020q2-windows/bin/../lib/gcc/arm-none-eabi/9.3.1/../../../../arm-none-eabi/lib/thumb/v7-m/nofp\libsupc++.a(cp-demangle.o)
 .rodata._ZTIN10__cxxabiv117__class_type_infoE
                0x00092ec8        0xc c:/users/roxanne/desktop/programming/adkit/tools/arm-none-eabi-gcc/9.3.1-2020q2-windows/bin/../lib/gcc/arm-none-eabi/9.3.1/../../../../arm-none-eabi/lib/thumb/v7-m/nofp\libsupc++.a(class_type_info.o)
                0x00092ec8                typeinfo for __cxxabiv1::__class_type_info
 .rodata._ZTSN10__cxxabiv117__class_type_infoE
                0x00092ed4       0x22 c:/users/roxanne/desktop/programming/adkit/tools/arm-none-eabi-gcc/9.3.1-2020q2-windows/bin/../lib/gcc/arm-none-eabi/9.3.1/../../../../arm-none-eabi/lib/thumb/v7-m/nofp\libsupc++.a(class_type_info.o)
                0x00092ed4                typeinfo name for __cxxabiv1::__class_type_info
 *fill*         0x00092ef6        0x2 
 .rodata._ZTVN10__cxxabiv117__class_type_infoE
                0x00092ef8       0x2c c:/users/roxanne/desktop/programming/adkit/tools/arm-none-eabi-gcc/9.3.1-2020q2-windows/bin/../lib/gcc/arm-none-eabi/9.3.1/../../../../arm-none-eabi/lib/thumb/v7-m/nofp\libsupc++.a(class_type_info.o)
                0x00092ef8                vtable for __cxxabiv1::__class_type_info
 .rodata.__assert_func.str1.4
                0x00092f24       0x3f c:/users/roxanne/desktop/programming/adkit/tools/arm-none-eabi-gcc/9.3.1-2020q2-windows/bin/../lib/gcc/arm-none-eabi/9.3.1/../../../../arm-none-eabi/lib/thumb/v7-m/nofp\libc.a(lib_a-assert.o)
                                 0x43 (size before relaxing)
 *fill*         0x00092f63        0x1 
 .rodata._global_impure_ptr
                0x00092f64        0x4 c:/users/roxanne/desktop/programming/adkit/tools/arm-none-eabi-gcc/9.3.1-2020q2-windows/bin/../lib/gcc/arm-none-eabi/9.3.1/../../../../arm-none-eabi/lib/thumb/v7-m/nofp\libc.a(lib_a-impure.o)
                0x00092f64                _global_impure_ptr
 .rodata._svfprintf_r.str1.4
                0x00092f68       0x42 c:/users/roxanne/desktop/programming/adkit/tools/arm-none-eabi-gcc/9.3.1-2020q2-windows/bin/../lib/gcc/arm-none-eabi/9.3.1/../../../../arm-none-eabi/lib/thumb/v7-m/nofp\libc.a(lib_a-svfprintf.o)
 *fill*         0x00092faa        0x2 
 .rodata.blanks.7335
                0x00092fac       0x10 c:/users/roxanne/desktop/programming/adkit/tools/arm-none-eabi-gcc/9.3.1-2020q2-windows/bin/../lib/gcc/arm-none-eabi/9.3.1/../../../../arm-none-eabi/lib/thumb/v7-m/nofp\libc.a(lib_a-svfprintf.o)
 .rodata.zeroes.7336
                0x00092fbc       0x10 c:/users/roxanne/desktop/programming/adkit/tools/arm-none-eabi-gcc/9.3.1-2020q2-windows/bin/../lib/gcc/arm-none-eabi/9.3.1/../../../../arm-none-eabi/lib/thumb/v7-m/nofp\libc.a(lib_a-svfprintf.o)
 .rodata._vfiprintf_r.str1.4
                0x00092fcc       0x2f c:/users/roxanne/desktop/programming/adkit/tools/arm-none-eabi-gcc/9.3.1-2020q2-windows/bin/../lib/gcc/arm-none-eabi/9.3.1/../../../../arm-none-eabi/lib/thumb/v7-m/nofp\libc.a(lib_a-vfiprintf.o)
 .rodata.blanks.7328
                0x00092fcc       0x10 c:/users/roxanne/desktop/programming/adkit/tools/arm-none-eabi-gcc/9.3.1-2020q2-windows/bin/../lib/gcc/arm-none-eabi/9.3.1/../../../../arm-none-eabi/lib/thumb/v7-m/nofp\libc.a(lib_a-vfiprintf.o)
 .rodata.zeroes.7329
                0x00092fdc       0x10 c:/users/roxanne/desktop/programming/adkit/tools/arm-none-eabi-gcc/9.3.1-2020q2-windows/bin/../lib/gcc/arm-none-eabi/9.3.1/../../../../arm-none-eabi/lib/thumb/v7-m/nofp\libc.a(lib_a-vfiprintf.o)
 .rodata._dtoa_r.str1.4
                0x00092fec       0xa0 c:/users/roxanne/desktop/programming/adkit/tools/arm-none-eabi-gcc/9.3.1-2020q2-windows/bin/../lib/gcc/arm-none-eabi/9.3.1/../../../../arm-none-eabi/lib/thumb/v7-m/nofp\libc.a(lib_a-dtoa.o)
                                 0xa4 (size before relaxing)
 .rodata._setlocale_r.str1.4
                0x0009308c        0xa c:/users/roxanne/desktop/programming/adkit/tools/arm-none-eabi-gcc/9.3.1-2020q2-windows/bin/../lib/gcc/arm-none-eabi/9.3.1/../../../../arm-none-eabi/lib/thumb/v7-m/nofp\libc.a(lib_a-locale.o)
                                  0xd (size before relaxing)
 .rodata.str1.4
                0x00093096        0x2 c:/users/roxanne/desktop/programming/adkit/tools/arm-none-eabi-gcc/9.3.1-2020q2-windows/bin/../lib/gcc/arm-none-eabi/9.3.1/../../../../arm-none-eabi/lib/thumb/v7-m/nofp\libc.a(lib_a-locale.o)
 *fill*         0x00093096        0x2 
 .rodata.__multadd.str1.4
                0x00093098       0x7d c:/users/roxanne/desktop/programming/adkit/tools/arm-none-eabi-gcc/9.3.1-2020q2-windows/bin/../lib/gcc/arm-none-eabi/9.3.1/../../../../arm-none-eabi/lib/thumb/v7-m/nofp\libc.a(lib_a-mprec.o)
                                 0x91 (size before relaxing)
 *fill*         0x00093115        0x3 
 .rodata.__mprec_bigtens
                0x00093118       0x28 c:/users/roxanne/desktop/programming/adkit/tools/arm-none-eabi-gcc/9.3.1-2020q2-windows/bin/../lib/gcc/arm-none-eabi/9.3.1/../../../../arm-none-eabi/lib/thumb/v7-m/nofp\libc.a(lib_a-mprec.o)
                0x00093118                __mprec_bigtens
 .rodata.__mprec_tens
                0x00093140       0xc8 c:/users/roxanne/desktop/programming/adkit/tools/arm-none-eabi-gcc/9.3.1-2020q2-windows/bin/../lib/gcc/arm-none-eabi/9.3.1/../../../../arm-none-eabi/lib/thumb/v7-m/nofp\libc.a(lib_a-mprec.o)
                0x00093140                __mprec_tens
 .rodata.p05.6122
                0x00093208        0xc c:/users/roxanne/desktop/programming/adkit/tools/arm-none-eabi-gcc/9.3.1-2020q2-windows/bin/../lib/gcc/arm-none-eabi/9.3.1/../../../../arm-none-eabi/lib/thumb/v7-m/nofp\libc.a(lib_a-mprec.o)
 .rodata._ctype_
                0x00093214      0x101 c:/users/roxanne/desktop/programming/adkit/tools/arm-none-eabi-gcc/9.3.1-2020q2-windows/bin/../lib/gcc/arm-none-eabi/9.3.1/../../../../arm-none-eabi/lib/thumb/v7-m/nofp\libc.a(lib_a-ctype_.o)
                0x00093214                _ctype_
 *(.ARM.extab* .gnu.linkonce.armextab.*)
 *fill*         0x00093315        0x3 
 .ARM.extab.text.startup.main
                0x00093318       0x1a build/doit.a(main.o)
 *fill*         0x00093332        0x2 
 .ARM.extab     0x00093334       0x18 c:/users/roxanne/desktop/programming/adkit/tools/arm-none-eabi-gcc/9.3.1-2020q2-windows/bin/../lib/gcc/arm-none-eabi/9.3.1/thumb/v7-m/nofp\libgcc.a(pr-support.o)
 .ARM.extab.text._ZL21base_of_encoded_valuehP15_Unwind_Context
                0x0009334c        0xc c:/users/roxanne/desktop/programming/adkit/tools/arm-none-eabi-gcc/9.3.1-2020q2-windows/bin/../lib/gcc/arm-none-eabi/9.3.1/../../../../arm-none-eabi/lib/thumb/v7-m/nofp\libsupc++.a(eh_personality.o)
 .ARM.extab.text.__gxx_personality_v0
                0x00093358       0x24 c:/users/roxanne/desktop/programming/adkit/tools/arm-none-eabi-gcc/9.3.1-2020q2-windows/bin/../lib/gcc/arm-none-eabi/9.3.1/../../../../arm-none-eabi/lib/thumb/v7-m/nofp\libsupc++.a(eh_personality.o)
 .ARM.extab.text._ZN10__cxxabiv111__terminateEPFvvE
                0x0009337c       0x2c c:/users/roxanne/desktop/programming/adkit/tools/arm-none-eabi-gcc/9.3.1-2020q2-windows/bin/../lib/gcc/arm-none-eabi/9.3.1/../../../../arm-none-eabi/lib/thumb/v7-m/nofp\libsupc++.a(eh_terminate.o)
 .ARM.extab.text._ZN10__cxxabiv112__unexpectedEPFvvE
                0x000933a8        0xc c:/users/roxanne/desktop/programming/adkit/tools/arm-none-eabi-gcc/9.3.1-2020q2-windows/bin/../lib/gcc/arm-none-eabi/9.3.1/../../../../arm-none-eabi/lib/thumb/v7-m/nofp\libsupc++.a(eh_terminate.o)
 .ARM.extab.text._ZSt10unexpectedv
                0x000933b4        0xc c:/users/roxanne/desktop/programming/adkit/tools/arm-none-eabi-gcc/9.3.1-2020q2-windows/bin/../lib/gcc/arm-none-eabi/9.3.1/../../../../arm-none-eabi/lib/thumb/v7-m/nofp\libsupc++.a(eh_terminate.o)
 .ARM.extab.text._ZN9__gnu_cxx27__verbose_terminate_handlerEv
                0x000933c0       0x34 c:/users/roxanne/desktop/programming/adkit/tools/arm-none-eabi-gcc/9.3.1-2020q2-windows/bin/../lib/gcc/arm-none-eabi/9.3.1/../../../../arm-none-eabi/lib/thumb/v7-m/nofp\libsupc++.a(vterminate.o)
 .ARM.extab.text.unlikely.__cxa_call_unexpected