Archive member included to satisfy reference by file (symbol)

../../lib/ArduinoCore-sam/out/sam.a(syscalls_sam3.o)
                              (_sbrk)
../../lib/ArduinoCore-sam/variants/arduino_due_x/libsam_sam3x8e_gcc_rel.a(startup_sam3xa.o)
                              (Reset_Handler)
../../lib/ArduinoCore-sam/variants/arduino_due_x/libsam_sam3x8e_gcc_rel.a(uotghs.o)
                              ../../lib/ArduinoCore-sam/variants/arduino_due_x/libsam_sam3x8e_gcc_rel.a(startup_sam3xa.o) (UOTGHS_Handler)
build/hello.a(main.o)         c:/users/roxanne/desktop/programming/adkit/tools/arm-none-eabi-gcc/9.3.1-2020q2-windows/bin/../lib/gcc/arm-none-eabi/9.3.1/../../../../arm-none-eabi/lib/thumb/v7-m/nofp/crt0.o (main)
../../lib/ArduinoCore-sam/out/sam.a(new.o)
                              build/hello.a(main.o) (operator new(unsigned int))
../../lib/ArduinoCore-sam/out/sam.a(RingBuffer.o)
                              build/hello.a(main.o) (RingBuffer::RingBuffer())
../../lib/ArduinoCore-sam/out/sam.a(UARTClass.o)
                              build/hello.a(main.o) (UARTClass::UARTClass(Uart*, IRQn, unsigned long, RingBuffer*, RingBuffer*))
../../lib/ArduinoCore-sam/out/sam.a(watchdog.o)
                              build/hello.a(main.o) (watchdogSetup())
../../lib/ArduinoCore-sam/out/sam.a(cortex_handlers.o)
                              ../../lib/ArduinoCore-sam/variants/arduino_due_x/libsam_sam3x8e_gcc_rel.a(startup_sam3xa.o) (CAN1_Handler)
../../lib/ArduinoCore-sam/out/sam.a(hooks.o)
                              ../../lib/ArduinoCore-sam/out/sam.a(cortex_handlers.o) (sysTickHook)
../../lib/ArduinoCore-sam/out/sam.a(wiring.o)
                              build/hello.a(main.o) (delay)
../../lib/ArduinoCore-sam/out/sam.a(variant.o)
                              build/hello.a(main.o) (init)
../../lib/ArduinoCore-sam/out/sam.a(Print.o)
                              ../../lib/ArduinoCore-sam/out/sam.a(UARTClass.o) (Print::write(unsigned char const*, unsigned int))
../../lib/ArduinoCore-sam/out/sam.a(Reset.o)
                              ../../lib/ArduinoCore-sam/out/sam.a(cortex_handlers.o) (tickReset)
../../lib/ArduinoCore-sam/out/sam.a(USARTClass.o)
                              ../../lib/ArduinoCore-sam/out/sam.a(variant.o) (USARTClass::USARTClass(Usart*, IRQn, unsigned long, RingBuffer*, RingBuffer*))
../../lib/ArduinoCore-sam/out/sam.a(wiring_analog.o)
                              ../../lib/ArduinoCore-sam/out/sam.a(variant.o) (analogOutputInit)
../../lib/ArduinoCore-sam/out/sam.a(wiring_digital.o)
                              ../../lib/ArduinoCore-sam/out/sam.a(wiring_analog.o) (pinMode)
../../lib/ArduinoCore-sam/out/sam.a(abi.o)
                              ../../lib/ArduinoCore-sam/out/sam.a(Print.o) (__cxa_pure_virtual)
../../lib/ArduinoCore-sam/variants/arduino_due_x/libsam_sam3x8e_gcc_rel.a(pio.o)
                              ../../lib/ArduinoCore-sam/out/sam.a(wiring_digital.o) (PIO_PullUp)
../../lib/ArduinoCore-sam/variants/arduino_due_x/libsam_sam3x8e_gcc_rel.a(pmc.o)
                              ../../lib/ArduinoCore-sam/out/sam.a(UARTClass.o) (pmc_enable_periph_clk)
../../lib/ArduinoCore-sam/variants/arduino_due_x/libsam_sam3x8e_gcc_rel.a(pwmc.o)
                              ../../lib/ArduinoCore-sam/out/sam.a(wiring_analog.o) (PWMC_ConfigureChannel)
../../lib/ArduinoCore-sam/variants/arduino_due_x/libsam_sam3x8e_gcc_rel.a(tc.o)
                              ../../lib/ArduinoCore-sam/out/sam.a(wiring_analog.o) (TC_Configure)
../../lib/ArduinoCore-sam/variants/arduino_due_x/libsam_sam3x8e_gcc_rel.a(timetick.o)
                              ../../lib/ArduinoCore-sam/out/sam.a(cortex_handlers.o) (TimeTick_Increment)
../../lib/ArduinoCore-sam/variants/arduino_due_x/libsam_sam3x8e_gcc_rel.a(wdt.o)
                              ../../lib/ArduinoCore-sam/out/sam.a(watchdog.o) (WDT_Enable)
../../lib/ArduinoCore-sam/variants/arduino_due_x/libsam_sam3x8e_gcc_rel.a(system_sam3xa.o)
                              ../../lib/ArduinoCore-sam/out/sam.a(variant.o) (SystemInit)
../../lib/ArduinoCore-sam/variants/arduino_due_x/libsam_sam3x8e_gcc_rel.a(adc.o)
                              ../../lib/ArduinoCore-sam/out/sam.a(variant.o) (adc_init)
../../lib/ArduinoCore-sam/variants/arduino_due_x/libsam_sam3x8e_gcc_rel.a(dacc.o)
                              ../../lib/ArduinoCore-sam/out/sam.a(wiring_analog.o) (dacc_reset)
c:/users/roxanne/desktop/programming/adkit/tools/arm-none-eabi-gcc/9.3.1-2020q2-windows/bin/../lib/gcc/arm-none-eabi/9.3.1/thumb/v7-m/nofp\libgcc.a(_arm_muldf3.o)
                              ../../lib/ArduinoCore-sam/out/sam.a(Print.o) (__aeabi_dmul)
c:/users/roxanne/desktop/programming/adkit/tools/arm-none-eabi-gcc/9.3.1-2020q2-windows/bin/../lib/gcc/arm-none-eabi/9.3.1/thumb/v7-m/nofp\libgcc.a(_arm_addsubdf3.o)
                              ../../lib/ArduinoCore-sam/out/sam.a(Print.o) (__aeabi_dsub)
[...]
Memory Configuration

Name             Origin             Length             Attributes
rom              0x00080000         0x00080000         xr
sram0            0x20000000         0x00010000         xrw
sram1            0x20080000         0x00008000         xrw
ram              0x20070000         0x00018000         xrw
*default*        0x00000000         0xffffffff

Linker script and memory map

LOAD c:/users/roxanne/desktop/programming/adkit/tools/arm-none-eabi-gcc/9.3.1-2020q2-windows/bin/../lib/gcc/arm-none-eabi/9.3.1/thumb/v7-m/nofp/crti.o
LOAD c:/users/roxanne/desktop/programming/adkit/tools/arm-none-eabi-gcc/9.3.1-2020q2-windows/bin/../lib/gcc/arm-none-eabi/9.3.1/thumb/v7-m/nofp/crtbegin.o
LOAD c:/users/roxanne/desktop/programming/adkit/tools/arm-none-eabi-gcc/9.3.1-2020q2-windows/bin/../lib/gcc/arm-none-eabi/9.3.1/../../../../arm-none-eabi/lib/thumb/v7-m/nofp/crt0.o
START GROUP
LOAD ../../lib/ArduinoCore-sam/out/sam.a
LOAD ../../lib/ArduinoCore-sam/variants/arduino_due_x/libsam_sam3x8e_gcc_rel.a
LOAD build/hello.a
END GROUP
LOAD c:/users/roxanne/desktop/programming/adkit/tools/arm-none-eabi-gcc/9.3.1-2020q2-windows/bin/../lib/gcc/arm-none-eabi/9.3.1/../../../../arm-none-eabi/lib/thumb/v7-m/nofp\libm.a
LOAD c:/users/roxanne/desktop/programming/adkit/tools/arm-none-eabi-gcc/9.3.1-2020q2-windows/bin/../lib/gcc/arm-none-eabi/9.3.1/thumb/v7-m/nofp\libgcc.a
LOAD c:/users/roxanne/desktop/programming/adkit/tools/arm-none-eabi-gcc/9.3.1-2020q2-windows/bin/../lib/gcc/arm-none-eabi/9.3.1/../../../../arm-none-eabi/lib/thumb/v7-m/nofp\libsupc++.a
START GROUP
LOAD c:/users/roxanne/desktop/programming/adkit/tools/arm-none-eabi-gcc/9.3.1-2020q2-windows/bin/../lib/gcc/arm-none-eabi/9.3.1/thumb/v7-m/nofp\libgcc.a
LOAD c:/users/roxanne/desktop/programming/adkit/tools/arm-none-eabi-gcc/9.3.1-2020q2-windows/bin/../lib/gcc/arm-none-eabi/9.3.1/../../../../arm-none-eabi/lib/thumb/v7-m/nofp\libc.a
END GROUP
LOAD c:/users/roxanne/desktop/programming/adkit/tools/arm-none-eabi-gcc/9.3.1-2020q2-windows/bin/../lib/gcc/arm-none-eabi/9.3.1/thumb/v7-m/nofp/crtend.o
LOAD c:/users/roxanne/desktop/programming/adkit/tools/arm-none-eabi-gcc/9.3.1-2020q2-windows/bin/../lib/gcc/arm-none-eabi/9.3.1/thumb/v7-m/nofp/crtn.o

.text           0x00080000    0x15860
                0x00080000                . = ALIGN (0x4)
                0x00080000                _sfixed = .
 *(.vectors .vectors.*)
 .vectors       0x00080000       0xf4 ../../lib/ArduinoCore-sam/variants/arduino_due_x/libsam_sam3x8e_gcc_rel.a(startup_sam3xa.o)
                0x00080000                exception_table
 *(.text .text.* .gnu.linkonce.t.*)
 .text          0x000800f4       0x40 c:/users/roxanne/desktop/programming/adkit/tools/arm-none-eabi-gcc/9.3.1-2020q2-windows/bin/../lib/gcc/arm-none-eabi/9.3.1/thumb/v7-m/nofp/crtbegin.o
 .text._sbrk    0x00080134       0x1c ../../lib/ArduinoCore-sam/out/sam.a(syscalls_sam3.o)
                0x00080134                _sbrk
 .text.link     0x00080150        0x6 ../../lib/ArduinoCore-sam/out/sam.a(syscalls_sam3.o)
                0x00080150                link
 .text._close   0x00080156        0x6 ../../lib/ArduinoCore-sam/out/sam.a(syscalls_sam3.o)
                0x00080156                _close
 .text._fstat   0x0008015c        0xa ../../lib/ArduinoCore-sam/out/sam.a(syscalls_sam3.o)
                0x0008015c                _fstat
 .text._isatty  0x00080166        0x4 ../../lib/ArduinoCore-sam/out/sam.a(syscalls_sam3.o)
                0x00080166                _isatty
 .text._lseek   0x0008016a        0x4 ../../lib/ArduinoCore-sam/out/sam.a(syscalls_sam3.o)
                0x0008016a                _lseek
 .text._read    0x0008016e        0x4 ../../lib/ArduinoCore-sam/out/sam.a(syscalls_sam3.o)
                0x0008016e                _read
 *fill*         0x00080172        0x2 
 .text._write   0x00080174       0x24 ../../lib/ArduinoCore-sam/out/sam.a(syscalls_sam3.o)
                0x00080174                _write
 .text._exit    0x00080198        0x2 ../../lib/ArduinoCore-sam/out/sam.a(syscalls_sam3.o)
                0x00080198                _exit
 .text._kill    0x0008019a        0x2 ../../lib/ArduinoCore-sam/out/sam.a(syscalls_sam3.o)
                0x0008019a                _kill
 .text._getpid  0x0008019c        0x6 ../../lib/ArduinoCore-sam/out/sam.a(syscalls_sam3.o)
                0x0008019c                _getpid
 *fill*         0x000801a2        0x2 
 .text.Reset_Handler
                0x000801a4       0x78 ../../lib/ArduinoCore-sam/variants/arduino_due_x/libsam_sam3x8e_gcc_rel.a(startup_sam3xa.o)
                0x000801a4                Reset_Handler
 .text.UOTGHS_Handler
                0x0008021c       0x10 ../../lib/ArduinoCore-sam/variants/arduino_due_x/libsam_sam3x8e_gcc_rel.a(uotghs.o)
                0x0008021c                UOTGHS_Handler
 .text._ZN12PlaceCommandD2Ev
                0x0008022c        0x2 build/hello.a(main.o)
                0x0008022c                PlaceCommand::~PlaceCommand()
                0x0008022c                PlaceCommand::~PlaceCommand()
 .text._ZN12PlaceCommand4undoEv
                0x0008022e        0xa build/hello.a(main.o)
                0x0008022e                PlaceCommand::undo()
 .text._ZN12PlaceCommand4redoEv
                0x00080238        0xa build/hello.a(main.o)
                0x00080238                PlaceCommand::redo()
 .text._ZN9TicTacToe8getInputEv
                0x00080242       0x20 build/hello.a(main.o)
                0x00080242                TicTacToe::getInput()
 .text._ZN12PlaceCommandD0Ev
                0x00080262        0xc build/hello.a(main.o)
                0x00080262                PlaceCommand::~PlaceCommand()
 *fill*         0x0008026e        0x2 
 .text._ZN9TicTacToe5clearEv
                0x00080270        0xc build/hello.a(main.o)
                0x00080270                TicTacToe::clear()
 .text._ZN9TicTacToe4drawEv
                0x0008027c       0x2c build/hello.a(main.o)
                0x0008027c                TicTacToe::draw()
 .text._ZN9TicTacToe11handleInputEv
                0x000802a8      0x1b8 build/hello.a(main.o)
                0x000802a8                TicTacToe::handleInput()
 .text._ZN9TicTacToeD2Ev
                0x00080460       0x50 build/hello.a(main.o)
                0x00080460                TicTacToe::~TicTacToe()
                0x00080460                TicTacToe::~TicTacToe()
 .text._ZN9TicTacToeD0Ev
                0x000804b0       0x12 build/hello.a(main.o)
                0x000804b0                TicTacToe::~TicTacToe()
 .text._ZN9TicTacToe5isWonEv
                0x000804c2       0xd6 build/hello.a(main.o)
                0x000804c2                TicTacToe::isWon()
 .text._ZN9TicTacToe6updateEv
                0x00080598       0xc0 build/hello.a(main.o)
                0x00080598                TicTacToe::update()
 .text.startup.main
                0x00080658      0x13c build/hello.a(main.o)
                0x00080658                main
 .text._Znwj    0x00080794        0x4 ../../lib/ArduinoCore-sam/out/sam.a(new.o)
                0x00080794                operator new(unsigned int)
 .text._ZdlPv   0x00080798        0x4 ../../lib/ArduinoCore-sam/out/sam.a(new.o)
                0x00080798                operator delete(void*)
 .text._ZN10RingBufferC2Ev
                0x0008079c       0x1a ../../lib/ArduinoCore-sam/out/sam.a(RingBuffer.o)
                0x0008079c                RingBuffer::RingBuffer()
                0x0008079c                RingBuffer::RingBuffer()
 .text._ZN10RingBuffer10store_charEh
                0x000807b6       0x1e ../../lib/ArduinoCore-sam/out/sam.a(RingBuffer.o)
                0x000807b6                RingBuffer::store_char(unsigned char)
 .text._ZN9UARTClasscvbEv
                0x000807d4        0x4 ../../lib/ArduinoCore-sam/out/sam.a(UARTClass.o)
                0x000807d4                UARTClass::operator bool()
 .text._ZN9UARTClass9availableEv
                0x000807d8       0x12 ../../lib/ArduinoCore-sam/out/sam.a(UARTClass.o)
                0x000807d8                UARTClass::available()
 .text._ZN9UARTClass4peekEv
                0x000807ea       0x1c ../../lib/ArduinoCore-sam/out/sam.a(UARTClass.o)
                0x000807ea                UARTClass::peek()
 .text._ZN9UARTClass4readEv
                0x00080806       0x2a ../../lib/ArduinoCore-sam/out/sam.a(UARTClass.o)
                0x00080806                UARTClass::read()
 .text._ZN9UARTClass5flushEv
                0x00080830       0x18 ../../lib/ArduinoCore-sam/out/sam.a(UARTClass.o)
                0x00080830                UARTClass::flush()
 .text._ZN9UARTClass5writeEh
                0x00080848       0x4e ../../lib/ArduinoCore-sam/out/sam.a(UARTClass.o)
                0x00080848                UARTClass::write(unsigned char)
 *fill*         0x00080896        0x2 
 .text._ZN9UARTClass3endEv
                0x00080898       0x3c ../../lib/ArduinoCore-sam/out/sam.a(UARTClass.o)
                0x00080898                UARTClass::end()
 .text._ZN9UARTClassC2EP4Uart4IRQnmP10RingBufferS4_
                0x000808d4       0x28 ../../lib/ArduinoCore-sam/out/sam.a(UARTClass.o)
                0x000808d4                UARTClass::UARTClass(Uart*, IRQn, unsigned long, RingBuffer*, RingBuffer*)
                0x000808d4                UARTClass::UARTClass(Uart*, IRQn, unsigned long, RingBuffer*, RingBuffer*)
 .text._ZN9UARTClass4initEmm
                0x000808fc       0x70 ../../lib/ArduinoCore-sam/out/sam.a(UARTClass.o)
                0x000808fc                UARTClass::init(unsigned long, unsigned long)
 .text._ZN9UARTClass5beginEm
                0x0008096c        0x8 ../../lib/ArduinoCore-sam/out/sam.a(UARTClass.o)
                0x0008096c                UARTClass::begin(unsigned long)
 .text._ZN9UARTClass10IrqHandlerEv
                0x00080974       0x5a ../../lib/ArduinoCore-sam/out/sam.a(UARTClass.o)
                0x00080974                UARTClass::IrqHandler()
 *fill*         0x000809ce        0x2 
 .text._Z15watchdogDisablev
                0x000809d0        0xc ../../lib/ArduinoCore-sam/out/sam.a(watchdog.o)
                0x000809d0                watchdogDisable()
 .text._watchdogDefaultSetup
                0x000809dc        0x4 ../../lib/ArduinoCore-sam/out/sam.a(watchdog.o)
                0x000809dc                _watchdogDefaultSetup
                0x000809dc                watchdogSetup()
 .text.__halt   0x000809e0        0x2 ../../lib/ArduinoCore-sam/out/sam.a(cortex_handlers.o)
                0x000809e0                DACC_Handler
                0x000809e0                DebugMon_Handler
                0x000809e0                DMAC_Handler
                0x000809e0                TRNG_Handler
                0x000809e0                HardFault_Handler
                0x000809e0                TC2_Handler
                0x000809e0                TWI1_Handler
                0x000809e0                NMI_Handler
                0x000809e0                TC7_Handler
                0x000809e0                ADC_Handler
                0x000809e0                SMC_Handler
                0x000809e0                RTT_Handler
                0x000809e0                EFC1_Handler
                0x000809e0                PIOB_Handler
                0x000809e0                RTC_Handler
                0x000809e0                UsageFault_Handler
                0x000809e0                TC6_Handler
                0x000809e0                WDT_Handler
                0x000809e0                CAN0_Handler
                0x000809e0                TC4_Handler
                0x000809e0                TC1_Handler
                0x000809e0                HSMCI_Handler
                0x000809e0                TC3_Handler
                0x000809e0                TWI0_Handler
                0x000809e0                PIOA_Handler
                0x000809e0                SSC_Handler
                0x000809e0                EFC0_Handler
                0x000809e0                PMC_Handler
                0x000809e0                PWM_Handler
                0x000809e0                CAN1_Handler
                0x000809e0                MemManage_Handler
                0x000809e0                SUPC_Handler
                0x000809e0                TC8_Handler
                0x000809e0                USART2_Handler
                0x000809e0                PIOD_Handler
                0x000809e0                EMAC_Handler
                0x000809e0                PIOC_Handler
                0x000809e0                BusFault_Handler
                0x000809e0                RSTC_Handler
                0x000809e0                TC0_Handler
                0x000809e0                TC5_Handler
                0x000809e0                SPI0_Handler
 .text.SVC_Handler
                0x000809e2        0x4 ../../lib/ArduinoCore-sam/out/sam.a(cortex_handlers.o)
                0x000809e2                SVC_Handler
 .text.PendSV_Handler
                0x000809e6        0x4 ../../lib/ArduinoCore-sam/out/sam.a(cortex_handlers.o)
                0x000809e6                PendSV_Handler
 .text.SysTick_Handler
                0x000809ea       0x16 ../../lib/ArduinoCore-sam/out/sam.a(cortex_handlers.o)
                0x000809ea                SysTick_Handler
 .text.__empty  0x00080a00        0x2 ../../lib/ArduinoCore-sam/out/sam.a(hooks.o)
                0x00080a00                yield
 .text.__false  0x00080a02        0x4 ../../lib/ArduinoCore-sam/out/sam.a(hooks.o)
                0x00080a02                sysTickHook
 .text.__halt   0x00080a06        0x2 ../../lib/ArduinoCore-sam/out/sam.a(hooks.o)
                0x00080a06                svcHook
                0x00080a06                pendSVHook
 .text.delay    0x00080a08       0x1c ../../lib/ArduinoCore-sam/out/sam.a(wiring.o)
                0x00080a08                delay
 .text.UART_Handler
                0x00080a24        0xc ../../lib/ArduinoCore-sam/out/sam.a(variant.o)
                0x00080a24                UART_Handler
 .text.USART0_Handler
                0x00080a30        0xc ../../lib/ArduinoCore-sam/out/sam.a(variant.o)
                0x00080a30                USART0_Handler
 .text.USART1_Handler
                0x00080a3c        0xc ../../lib/ArduinoCore-sam/out/sam.a(variant.o)
                0x00080a3c                USART1_Handler
 .text.USART3_Handler
                0x00080a48        0xc ../../lib/ArduinoCore-sam/out/sam.a(variant.o)
                0x00080a48                USART3_Handler
 .text.init     0x00080a54      0x124 ../../lib/ArduinoCore-sam/out/sam.a(variant.o)
                0x00080a54                init
 .text.startup._GLOBAL__sub_I_g_APinDescription
                0x00080b78       0xd0 ../../lib/ArduinoCore-sam/out/sam.a(variant.o)
 .text._ZN5Print5writeEPKhj
                0x00080c48       0x22 ../../lib/ArduinoCore-sam/out/sam.a(Print.o)
                0x00080c48                Print::write(unsigned char const*, unsigned int)
 *fill*         0x00080c6a        0x2 
 .text.tickReset
                0x00080c6c       0x20 ../../lib/ArduinoCore-sam/out/sam.a(Reset.o)
                0x00080c6c                tickReset
 .text._ZN10USARTClass5beginEm
                0x00080c8c        0x8 ../../lib/ArduinoCore-sam/out/sam.a(USARTClass.o)
                0x00080c8c                USARTClass::begin(unsigned long)
 .text._ZN10USARTClassC2EP5Usart4IRQnmP10RingBufferS4_
                0x00080c94       0x24 ../../lib/ArduinoCore-sam/out/sam.a(USARTClass.o)
                0x00080c94                USARTClass::USARTClass(Usart*, IRQn, unsigned long, RingBuffer*, RingBuffer*)
                0x00080c94                USARTClass::USARTClass(Usart*, IRQn, unsigned long, RingBuffer*, RingBuffer*)
 .text.analogOutputInit
                0x00080cb8        0x2 ../../lib/ArduinoCore-sam/out/sam.a(wiring_analog.o)
                0x00080cb8                analogOutputInit
 *fill*         0x00080cba        0x2 
 .text.pinMode  0x00080cbc       0xf4 ../../lib/ArduinoCore-sam/out/sam.a(wiring_digital.o)
                0x00080cbc                pinMode
 .text.digitalWrite
                0x00080db0       0x70 ../../lib/ArduinoCore-sam/out/sam.a(wiring_digital.o)
                0x00080db0                digitalWrite
 .text.PIO_PullUp
                0x00080e20        0xa ../../lib/ArduinoCore-sam/variants/arduino_due_x/libsam_sam3x8e_gcc_rel.a(pio.o)
                0x00080e20                PIO_PullUp
 .text.PIO_SetPeripheral
                0x00080e2a       0x26 ../../lib/ArduinoCore-sam/variants/arduino_due_x/libsam_sam3x8e_gcc_rel.a(pio.o)
                0x00080e2a                PIO_SetPeripheral
 .text.PIO_SetInput
                0x00080e50       0x26 ../../lib/ArduinoCore-sam/variants/arduino_due_x/libsam_sam3x8e_gcc_rel.a(pio.o)
                0x00080e50                PIO_SetInput
 .text.PIO_SetOutput
                0x00080e76       0x24 ../../lib/ArduinoCore-sam/variants/arduino_due_x/libsam_sam3x8e_gcc_rel.a(pio.o)
                0x00080e76                PIO_SetOutput
 *fill*         0x00080e9a        0x2 
 .text.PIO_Configure
                0x00080e9c       0x64 ../../lib/ArduinoCore-sam/variants/arduino_due_x/libsam_sam3x8e_gcc_rel.a(pio.o)
                0x00080e9c                PIO_Configure
 .text.PIO_GetOutputDataStatus
                0x00080f00       0x14 ../../lib/ArduinoCore-sam/variants/arduino_due_x/libsam_sam3x8e_gcc_rel.a(pio.o)
                0x00080f00                PIO_GetOutputDataStatus
 .text.pmc_enable_periph_clk
                0x00080f14       0x44 ../../lib/ArduinoCore-sam/variants/arduino_due_x/libsam_sam3x8e_gcc_rel.a(pmc.o)
                0x00080f14                pmc_enable_periph_clk
 .text.pmc_disable_periph_clk
                0x00080f58       0x40 ../../lib/ArduinoCore-sam/variants/arduino_due_x/libsam_sam3x8e_gcc_rel.a(pmc.o)
                0x00080f58                pmc_disable_periph_clk
 .text.TimeTick_Increment
                0x00080f98       0x10 ../../lib/ArduinoCore-sam/variants/arduino_due_x/libsam_sam3x8e_gcc_rel.a(timetick.o)
                0x00080f98                TimeTick_Increment
 .text.GetTickCount
                0x00080fa8        0xc ../../lib/ArduinoCore-sam/variants/arduino_due_x/libsam_sam3x8e_gcc_rel.a(timetick.o)
                0x00080fa8                GetTickCount
 .text.WDT_Disable
                0x00080fb4        0x8 ../../lib/ArduinoCore-sam/variants/arduino_due_x/libsam_sam3x8e_gcc_rel.a(wdt.o)
                0x00080fb4                WDT_Disable
 .text.SystemInit
                0x00080fbc       0x88 ../../lib/ArduinoCore-sam/variants/arduino_due_x/libsam_sam3x8e_gcc_rel.a(system_sam3xa.o)
                0x00080fbc                SystemInit
 .text.adc_init
                0x00081044       0x98 ../../lib/ArduinoCore-sam/variants/arduino_due_x/libsam_sam3x8e_gcc_rel.a(adc.o)
                0x00081044                adc_init
 .text.adc_configure_trigger
                0x000810dc        0xe ../../lib/ArduinoCore-sam/variants/arduino_due_x/libsam_sam3x8e_gcc_rel.a(adc.o)
                0x000810dc                adc_configure_trigger
 .text.adc_configure_timing
                0x000810ea       0x1a ../../lib/ArduinoCore-sam/variants/arduino_due_x/libsam_sam3x8e_gcc_rel.a(adc.o)
                0x000810ea                adc_configure_timing
 .text.adc_disable_channel
                0x00081104        0xa ../../lib/ArduinoCore-sam/variants/arduino_due_x/libsam_sam3x8e_gcc_rel.a(adc.o)
                0x00081104                adc_disable_channel
 .text.adc_disable_all_channel
                0x0008110e        0x8 ../../lib/ArduinoCore-sam/variants/arduino_due_x/libsam_sam3x8e_gcc_rel.a(adc.o)
                0x0008110e                adc_disable_all_channel
 .text.adc_disable_interrupt
                0x00081116        0x4 ../../lib/ArduinoCore-sam/variants/arduino_due_x/libsam_sam3x8e_gcc_rel.a(adc.o)
                0x00081116                adc_disable_interrupt
 *fill*         0x0008111a        0x2 
 .text          0x0008111c      0x378 c:/users/roxanne/desktop/programming/adkit/tools/arm-none-eabi-gcc/9.3.1-2020q2-windows/bin/../lib/gcc/arm-none-eabi/9.3.1/thumb/v7-m/nofp\libgcc.a(_arm_addsubdf3.o)
                0x0008111c                __aeabi_drsub
                0x00081124                __aeabi_dsub
                0x00081124                __subdf3
                0x00081128                __aeabi_dadd
                0x00081128                __adddf3
                0x000813a0                __floatunsidf
                0x000813a0                __aeabi_ui2d
                0x000813c0                __floatsidf
                0x000813c0                __aeabi_i2d
                0x000813e4                __aeabi_f2d
                0x000813e4                __extendsfdf2
                0x00081428                __floatundidf
                0x00081428                __aeabi_ul2d
                0x00081438                __floatdidf
                0x00081438                __aeabi_l2d
 .text          0x00081494      0x424 c:/users/roxanne/desktop/programming/adkit/tools/arm-none-eabi-gcc/9.3.1-2020q2-windows/bin/../lib/gcc/arm-none-eabi/9.3.1/thumb/v7-m/nofp\libgcc.a(_arm_muldivdf3.o)
                0x00081494                __aeabi_dmul
                0x00081494                __muldf3
                0x000816e8                __divdf3
                0x000816e8                __aeabi_ddiv
 .text          0x000818b8      0x110 c:/users/roxanne/desktop/programming/adkit/tools/arm-none-eabi-gcc/9.3.1-2020q2-windows/bin/../lib/gcc/arm-none-eabi/9.3.1/thumb/v7-m/nofp\libgcc.a(_arm_cmpdf2.o)
                0x000818b8                __gtdf2
                0x000818b8                __gedf2
                0x000818c0                __ltdf2
                0x000818c0                __ledf2
                0x000818c8                __nedf2
                0x000818c8                __eqdf2
                0x000818c8                __cmpdf2
                0x00081944                __aeabi_cdrcmple
                0x00081954                __aeabi_cdcmpeq
                0x00081954                __aeabi_cdcmple
                0x00081964                __aeabi_dcmpeq
                0x00081978                __aeabi_dcmplt
                0x0008198c                __aeabi_dcmple
                0x000819a0                __aeabi_dcmpge
                0x000819b4                __aeabi_dcmpgt
 .text          0x000819c8       0x2c c:/users/roxanne/desktop/programming/adkit/tools/arm-none-eabi-gcc/9.3.1-2020q2-windows/bin/../lib/gcc/arm-none-eabi/9.3.1/thumb/v7-m/nofp\libgcc.a(_arm_unorddf2.o)
                0x000819c8                __unorddf2
                0x000819c8                __aeabi_dcmpun
 .text          0x000819f4      0x9a8 c:/users/roxanne/desktop/programming/adkit/tools/arm-none-eabi-gcc/9.3.1-2020q2-windows/bin/../lib/gcc/arm-none-eabi/9.3.1/thumb/v7-m/nofp\libgcc.a(unwind-arm.o)
                0x00081c98                _Unwind_GetCFA
                0x00081c9c                __gnu_Unwind_RaiseException
                0x00081cfc                __gnu_Unwind_ForcedUnwind
                0x00081d10                __gnu_Unwind_Resume
                0x00081d54                __gnu_Unwind_Resume_or_Rethrow
                0x00081d68                _Unwind_Complete
                0x00081d6c                _Unwind_DeleteException
                0x00081d78                _Unwind_VRS_Get
                0x00081dc0                _Unwind_VRS_Set
                0x00081e0c                __gnu_Unwind_Backtrace
                0x00082128                __aeabi_unwind_cpp_pr0
                0x0008212c                __aeabi_unwind_cpp_pr1
                0x00082130                __aeabi_unwind_cpp_pr2
                0x00082134                _Unwind_VRS_Pop
 .text          0x0008239c      0x1ac c:/users/roxanne/desktop/programming/adkit/tools/arm-none-eabi-gcc/9.3.1-2020q2-windows/bin/../lib/gcc/arm-none-eabi/9.3.1/thumb/v7-m/nofp\libgcc.a(libunwind.o)
                0x0008239c                __restore_core_regs
                0x0008239c                restore_core_regs
                0x000823b4                __gnu_Unwind_Restore_VFP
                0x000823bc                __gnu_Unwind_Save_VFP
                0x000823c4                __gnu_Unwind_Restore_VFP_D
                0x000823cc                __gnu_Unwind_Save_VFP_D
                0x000823d4                __gnu_Unwind_Restore_VFP_D_16_to_31
                0x000823dc                __gnu_Unwind_Save_VFP_D_16_to_31
                0x000823e4                __gnu_Unwind_Restore_WMMXD
                0x00082428                __gnu_Unwind_Save_WMMXD
                0x0008246c                __gnu_Unwind_Restore_WMMXC
                0x00082480                __gnu_Unwind_Save_WMMXC
                0x00082494                ___Unwind_RaiseException
                0x00082494                _Unwind_RaiseException
                0x000824b8                _Unwind_Resume
                0x000824b8                ___Unwind_Resume
                0x000824dc                _Unwind_Resume_or_Rethrow
                0x000824dc                ___Unwind_Resume_or_Rethrow
                0x00082500                _Unwind_ForcedUnwind
                0x00082500                ___Unwind_ForcedUnwind
                0x00082524                ___Unwind_Backtrace
                0x00082524                _Unwind_Backtrace
 .text          0x00082548      0x33c c:/users/roxanne/desktop/programming/adkit/tools/arm-none-eabi-gcc/9.3.1-2020q2-windows/bin/../lib/gcc/arm-none-eabi/9.3.1/thumb/v7-m/nofp\libgcc.a(pr-support.o)
                0x000825a0                __gnu_unwind_execute
                0x0008283c                __gnu_unwind_frame
                0x00082864                _Unwind_GetRegionStart
                0x00082870                _Unwind_GetLanguageSpecificData
 .text.unlikely
                0x00082884        0xc c:/users/roxanne/desktop/programming/adkit/tools/arm-none-eabi-gcc/9.3.1-2020q2-windows/bin/../lib/gcc/arm-none-eabi/9.3.1/thumb/v7-m/nofp\libgcc.a(pr-support.o)
                0x00082884                _Unwind_GetDataRelBase
                0x0008288a                _Unwind_GetTextRelBase
 .text._ZN12_GLOBAL__N_14pool4freeEPv.constprop.0
                0x00082890       0x80 c:/users/roxanne/desktop/programming/adkit/tools/arm-none-eabi-gcc/9.3.1-2020q2-windows/bin/../lib/gcc/arm-none-eabi/9.3.1/../../../../arm-none-eabi/lib/thumb/v7-m/nofp\libsupc++.a(eh_alloc.o)
 .text._ZN12_GLOBAL__N_14pool8allocateEj.constprop.0
                0x00082910       0x50 c:/users/roxanne/desktop/programming/adkit/tools/arm-none-eabi-gcc/9.3.1-2020q2-windows/bin/../lib/gcc/arm-none-eabi/9.3.1/../../../../arm-none-eabi/lib/thumb/v7-m/nofp\libsupc++.a(eh_alloc.o)
 .text.__cxa_allocate_exception
                0x00082960       0x30 c:/users/roxanne/desktop/programming/adkit/tools/arm-none-eabi-gcc/9.3.1-2020q2-windows/bin/../lib/gcc/arm-none-eabi/9.3.1/../../../../arm-none-eabi/lib/thumb/v7-m/nofp\libsupc++.a(eh_alloc.o)
                0x00082960                __cxa_allocate_exception
 .text.__cxa_free_exception
                0x00082990       0x20 c:/users/roxanne/desktop/programming/adkit/tools/arm-none-eabi-gcc/9.3.1-2020q2-windows/bin/../lib/gcc/arm-none-eabi/9.3.1/../../../../arm-none-eabi/lib/thumb/v7-m/nofp\libsupc++.a(eh_alloc.o)
                0x00082990                __cxa_free_exception
 .text.startup._GLOBAL__sub_I__ZN9__gnu_cxx9__freeresEv
                0x000829b0       0x28 c:/users/roxanne/desktop/programming/adkit/tools/arm-none-eabi-gcc/9.3.1-2020q2-windows/bin/../lib/gcc/arm-none-eabi/9.3.1/../../../../arm-none-eabi/lib/thumb/v7-m/nofp\libsupc++.a(eh_alloc.o)
 .text.__cxa_end_cleanup
                0x000829d8        0xc c:/users/roxanne/desktop/programming/adkit/tools/arm-none-eabi-gcc/9.3.1-2020q2-windows/bin/../lib/gcc/arm-none-eabi/9.3.1/../../../../arm-none-eabi/lib/thumb/v7-m/nofp\libsupc++.a(eh_arm.o)
                0x000829d8                __cxa_end_cleanup
 .text.__cxa_type_match
                0x000829e4       0xc0 c:/users/roxanne/desktop/programming/adkit/tools/arm-none-eabi-gcc/9.3.1-2020q2-windows/bin/../lib/gcc/arm-none-eabi/9.3.1/../../../../arm-none-eabi/lib/thumb/v7-m/nofp\libsupc++.a(eh_arm.o)
                0x000829e4                __cxa_type_match
 .text.__cxa_begin_cleanup
                0x00082aa4       0x64 c:/users/roxanne/desktop/programming/adkit/tools/arm-none-eabi-gcc/9.3.1-2020q2-windows/bin/../lib/gcc/arm-none-eabi/9.3.1/../../../../arm-none-eabi/lib/thumb/v7-m/nofp\libsupc++.a(eh_arm.o)
                0x00082aa4                __cxa_begin_cleanup
 .text.__gnu_end_cleanup
                0x00082b08       0x70 c:/users/roxanne/desktop/programming/adkit/tools/arm-none-eabi-gcc/9.3.1-2020q2-windows/bin/../lib/gcc/arm-none-eabi/9.3.1/../../../../arm-none-eabi/lib/thumb/v7-m/nofp\libsupc++.a(eh_arm.o)
                0x00082b08                __gnu_end_cleanup
 .text.__cxa_begin_catch
                0x00082b78       0x80 c:/users/roxanne/desktop/programming/adkit/tools/arm-none-eabi-gcc/9.3.1-2020q2-windows/bin/../lib/gcc/arm-none-eabi/9.3.1/../../../../arm-none-eabi/lib/thumb/v7-m/nofp\libsupc++.a(eh_catch.o)
                0x00082b78                __cxa_begin_catch
 .text.__cxa_end_catch
                0x00082bf8       0x88 c:/users/roxanne/desktop/programming/adkit/tools/arm-none-eabi-gcc/9.3.1-2020q2-windows/bin/../lib/gcc/arm-none-eabi/9.3.1/../../../../arm-none-eabi/lib/thumb/v7-m/nofp\libsupc++.a(eh_catch.o)
                0x00082bf8                __cxa_end_catch
 .text._ZNSt9exceptionD2Ev
                0x00082c80        0x4 c:/users/roxanne/desktop/programming/adkit/tools/arm-none-eabi-gcc/9.3.1-2020q2-windows/bin/../lib/gcc/arm-none-eabi/9.3.1/../../../../arm-none-eabi/lib/thumb/v7-m/nofp\libsupc++.a(eh_exception.o)
                0x00082c80                std::exception::~exception()
                0x00082c80                std::exception::~exception()
 .text._ZNSt13bad_exceptionD2Ev
                0x00082c84        0x4 c:/users/roxanne/desktop/programming/adkit/tools/arm-none-eabi-gcc/9.3.1-2020q2-windows/bin/../lib/gcc/arm-none-eabi/9.3.1/../../../../arm-none-eabi/lib/thumb/v7-m/nofp\libsupc++.a(eh_exception.o)
                0x00082c84                std::bad_exception::~bad_exception()
                0x00082c84                std::bad_exception::~bad_exception()
 .text._ZNKSt13bad_exception4whatEv
                0x00082c88        0x8 c:/users/roxanne/desktop/programming/adkit/tools/arm-none-eabi-gcc/9.3.1-2020q2-windows/bin/../lib/gcc/arm-none-eabi/9.3.1/../../../../arm-none-eabi/lib/thumb/v7-m/nofp\libsupc++.a(eh_exception.o)
                0x00082c88                std::bad_exception::what() const
                0x00082c88                transaction clone for std::bad_exception::what() const
 .text._ZNSt13bad_exceptionD0Ev
                0x00082c90       0x10 c:/users/roxanne/desktop/programming/adkit/tools/arm-none-eabi-gcc/9.3.1-2020q2-windows/bin/../lib/gcc/arm-none-eabi/9.3.1/../../../../arm-none-eabi/lib/thumb/v7-m/nofp\libsupc++.a(eh_exception.o)
                0x00082c90                std::bad_exception::~bad_exception()
 .text.__cxa_get_globals_fast
                0x00082ca0        0x8 c:/users/roxanne/desktop/programming/adkit/tools/arm-none-eabi-gcc/9.3.1-2020q2-windows/bin/../lib/gcc/arm-none-eabi/9.3.1/../../../../arm-none-eabi/lib/thumb/v7-m/nofp\libsupc++.a(eh_globals.o)
                0x00082ca0                __cxa_get_globals_fast
 .text.__cxa_get_globals
                0x00082ca8        0x8 c:/users/roxanne/desktop/programming/adkit/tools/arm-none-eabi-gcc/9.3.1-2020q2-windows/bin/../lib/gcc/arm-none-eabi/9.3.1/../../../../arm-none-eabi/lib/thumb/v7-m/nofp\libsupc++.a(eh_globals.o)
                0x00082ca8                __cxa_get_globals
 .text._ZL28read_encoded_value_with_basehjPKhPj
                0x00082cb0       0xc8 c:/users/roxanne/desktop/programming/adkit/tools/arm-none-eabi-gcc/9.3.1-2020q2-windows/bin/../lib/gcc/arm-none-eabi/9.3.1/../../../../arm-none-eabi/lib/thumb/v7-m/nofp\libsupc++.a(eh_personality.o)
 .text._ZL21base_of_encoded_valuehP15_Unwind_Context
                0x00082d78       0x48 c:/users/roxanne/desktop/programming/adkit/tools/arm-none-eabi-gcc/9.3.1-2020q2-windows/bin/../lib/gcc/arm-none-eabi/9.3.1/../../../../arm-none-eabi/lib/thumb/v7-m/nofp\libsupc++.a(eh_personality.o)
 .text._ZL17parse_lsda_headerP15_Unwind_ContextPKhP16lsda_header_info
                0x00082dc0       0x94 c:/users/roxanne/desktop/programming/adkit/tools/arm-none-eabi-gcc/9.3.1-2020q2-windows/bin/../lib/gcc/arm-none-eabi/9.3.1/../../../../arm-none-eabi/lib/thumb/v7-m/nofp\libsupc++.a(eh_personality.o)
 .text.__gxx_personality_v0
                0x00082e54      0x4a4 c:/users/roxanne/desktop/programming/adkit/tools/arm-none-eabi-gcc/9.3.1-2020q2-windows/bin/../lib/gcc/arm-none-eabi/9.3.1/../../../../arm-none-eabi/lib/thumb/v7-m/nofp\libsupc++.a(eh_personality.o)
                0x00082e54                __gxx_personality_v0
 .text._ZN10__cxxabiv111__terminateEPFvvE
                0x000832f8       0x28 c:/users/roxanne/desktop/programming/adkit/tools/arm-none-eabi-gcc/9.3.1-2020q2-windows/bin/../lib/gcc/arm-none-eabi/9.3.1/../../../../arm-none-eabi/lib/thumb/v7-m/nofp\libsupc++.a(eh_terminate.o)
                0x000832f8                __cxxabiv1::__terminate(void (*)())
 .text._ZSt9terminatev
                0x00083320       0x14 c:/users/roxanne/desktop/programming/adkit/tools/arm-none-eabi-gcc/9.3.1-2020q2-windows/bin/../lib/gcc/arm-none-eabi/9.3.1/../../../../arm-none-eabi/lib/thumb/v7-m/nofp\libsupc++.a(eh_terminate.o)
                0x00083320                std::terminate()
 .text._ZN10__cxxabiv112__unexpectedEPFvvE
                0x00083334        0x8 c:/users/roxanne/desktop/programming/adkit/tools/arm-none-eabi-gcc/9.3.1-2020q2-windows/bin/../lib/gcc/arm-none-eabi/9.3.1/../../../../arm-none-eabi/lib/thumb/v7-m/nofp\libsupc++.a(eh_terminate.o)
                0x00083334                __cxxabiv1::__unexpected(void (*)())
 .text._ZSt10unexpectedv
                0x0008333c       0x14 c:/users/roxanne/desktop/programming/adkit/tools/arm-none-eabi-gcc/9.3.1-2020q2-windows/bin/../lib/gcc/arm-none-eabi/9.3.1/../../../../arm-none-eabi/lib/thumb/v7-m/nofp\libsupc++.a(eh_terminate.o)
                0x0008333c                std::unexpected()
 .text._ZSt13get_terminatev
                0x00083350       0x10 c:/users/roxanne/desktop/programming/adkit/tools/arm-none-eabi-gcc/9.3.1-2020q2-windows/bin/../lib/gcc/arm-none-eabi/9.3.1/../../../../arm-none-eabi/lib/thumb/v7-m/nofp\libsupc++.a(eh_terminate.o)
                0x00083350                std::get_terminate()
 .text._ZSt14get_unexpectedv
                0x00083360       0x10 c:/users/roxanne/desktop/programming/adkit/tools/arm-none-eabi-gcc/9.3.1-2020q2-windows/bin/../lib/gcc/arm-none-eabi/9.3.1/../../../../arm-none-eabi/lib/thumb/v7-m/nofp\libsupc++.a(eh_terminate.o)
                0x00083360                std::get_unexpected()
 .text._ZL23__gxx_exception_cleanup19_Unwind_Reason_CodeP21_Unwind_Control_Block
                0x00083370       0x44 c:/users/roxanne/desktop/programming/adkit/tools/arm-none-eabi-gcc/9.3.1-2020q2-windows/bin/../lib/gcc/arm-none-eabi/9.3.1/../../../../arm-none-eabi/lib/thumb/v7-m/nofp\libsupc++.a(eh_throw.o)
 .text.__cxa_init_primary_exception
                0x000833b4       0x58 c:/users/roxanne/desktop/programming/adkit/tools/arm-none-eabi-gcc/9.3.1-2020q2-windows/bin/../lib/gcc/arm-none-eabi/9.3.1/../../../../arm-none-eabi/lib/thumb/v7-m/nofp\libsupc++.a(eh_throw.o)
                0x000833b4                __cxa_init_primary_exception
 .text.__cxa_throw
                0x0008340c       0x38 c:/users/roxanne/desktop/programming/adkit/tools/arm-none-eabi-gcc/9.3.1-2020q2-windows/bin/../lib/gcc/arm-none-eabi/9.3.1/../../../../arm-none-eabi/lib/thumb/v7-m/nofp\libsupc++.a(eh_throw.o)
                0x0008340c                __cxa_throw
 .text.__cxa_rethrow
                0x00083444       0x70 c:/users/roxanne/desktop/programming/adkit/tools/arm-none-eabi-gcc/9.3.1-2020q2-windows/bin/../lib/gcc/arm-none-eabi/9.3.1/../../../../arm-none-eabi/lib/thumb/v7-m/nofp\libsupc++.a(eh_throw.o)
                0x00083444                __cxa_rethrow
 .text._ZN10__cxxabiv123__fundamental_type_infoD2Ev
                0x000834b4       0x14 c:/users/roxanne/desktop/programming/adkit/tools/arm-none-eabi-gcc/9.3.1-2020q2-windows/bin/../lib/gcc/arm-none-eabi/9.3.1/../../../../arm-none-eabi/lib/thumb/v7-m/nofp\libsupc++.a(fundamental_type_info.o)
                0x000834b4                __cxxabiv1::__fundamental_type_info::~__fundamental_type_info()
                0x000834b4                __cxxabiv1::__fundamental_type_info::~__fundamental_type_info()
 .text._ZN10__cxxabiv123__fundamental_type_infoD0Ev
                0x000834c8       0x1c c:/users/roxanne/desktop/programming/adkit/tools/arm-none-eabi-gcc/9.3.1-2020q2-windows/bin/../lib/gcc/arm-none-eabi/9.3.1/../../../../arm-none-eabi/lib/thumb/v7-m/nofp\libsupc++.a(fundamental_type_info.o)
                0x000834c8                __cxxabiv1::__fundamental_type_info::~__fundamental_type_info()
 .text._ZNK10__cxxabiv119__pointer_type_info14__is_pointer_pEv
                0x000834e4        0x4 c:/users/roxanne/desktop/programming/adkit/tools/arm-none-eabi-gcc/9.3.1-2020q2-windows/bin/../lib/gcc/arm-none-eabi/9.3.1/../../../../arm-none-eabi/lib/thumb/v7-m/nofp\libsupc++.a(pointer_type_info.o)
                0x000834e4                __cxxabiv1::__pointer_type_info::__is_pointer_p() const
 .text._ZN10__cxxabiv119__pointer_type_infoD2Ev
                0x000834e8       0x14 c:/users/roxanne/desktop/programming/adkit/tools/arm-none-eabi-gcc/9.3.1-2020q2-windows/bin/../lib/gcc/arm-none-eabi/9.3.1/../../../../arm-none-eabi/lib/thumb/v7-m/nofp\libsupc++.a(pointer_type_info.o)
                0x000834e8                __cxxabiv1::__pointer_type_info::~__pointer_type_info()
                0x000834e8                __cxxabiv1::__pointer_type_info::~__pointer_type_info()
 .text._ZN10__cxxabiv119__pointer_type_infoD0Ev
                0x000834fc       0x1c c:/users/roxanne/desktop/programming/adkit/tools/arm-none-eabi-gcc/9.3.1-2020q2-windows/bin/../lib/gcc/arm-none-eabi/9.3.1/../../../../arm-none-eabi/lib/thumb/v7-m/nofp\libsupc++.a(pointer_type_info.o)
                0x000834fc                __cxxabiv1::__pointer_type_info::~__pointer_type_info()
 .text._ZNK10__cxxabiv119__pointer_type_info15__pointer_catchEPKNS_17__pbase_type_infoEPPvj
                0x00083518       0x48 c:/users/roxanne/desktop/programming/adkit/tools/arm-none-eabi-gcc/9.3.1-2020q2-windows/bin/../lib/gcc/arm-none-eabi/9.3.1/../../../../arm-none-eabi/lib/thumb/v7-m/nofp\libsupc++.a(pointer_type_info.o)
                0x00083518                __cxxabiv1::__pointer_type_info::__pointer_catch(__cxxabiv1::__pbase_type_info const*, void**, unsigned int) const
 .text._ZN10__cxxabiv120__si_class_type_infoD2Ev
                0x00083560       0x14 c:/users/roxanne/desktop/programming/adkit/tools/arm-none-eabi-gcc/9.3.1-2020q2-windows/bin/../lib/gcc/arm-none-eabi/9.3.1/../../../../arm-none-eabi/lib/thumb/v7-m/nofp\libsupc++.a(si_class_type_info.o)
                0x00083560                __cxxabiv1::__si_class_type_info::~__si_class_type_info()
                0x00083560                __cxxabiv1::__si_class_type_info::~__si_class_type_info()
 .text._ZN10__cxxabiv120__si_class_type_infoD0Ev
                0x00083574       0x1c c:/users/roxanne/desktop/programming/adkit/tools/arm-none-eabi-gcc/9.3.1-2020q2-windows/bin/../lib/gcc/arm-none-eabi/9.3.1/../../../../arm-none-eabi/lib/thumb/v7-m/nofp\libsupc++.a(si_class_type_info.o)
                0x00083574                __cxxabiv1::__si_class_type_info::~__si_class_type_info()
 .text._ZNK10__cxxabiv120__si_class_type_info20__do_find_public_srcEiPKvPKNS_17__class_type_infoES2_
                0x00083590       0x3c c:/users/roxanne/desktop/programming/adkit/tools/arm-none-eabi-gcc/9.3.1-2020q2-windows/bin/../lib/gcc/arm-none-eabi/9.3.1/../../../../arm-none-eabi/lib/thumb/v7-m/nofp\libsupc++.a(si_class_type_info.o)
                0x00083590                __cxxabiv1::__si_class_type_info::__do_find_public_src(int, void const*, __cxxabiv1::__class_type_info const*, void const*) const
 .text._ZNK10__cxxabiv120__si_class_type_info12__do_dyncastEiNS_17__class_type_info10__sub_kindEPKS1_PKvS4_S6_RNS1_16__dyncast_resultE
                0x000835cc       0x84 c:/users/roxanne/desktop/programming/adkit/tools/arm-none-eabi-gcc/9.3.1-2020q2-windows/bin/../lib/gcc/arm-none-eabi/9.3.1/../../../../arm-none-eabi/lib/thumb/v7-m/nofp\libsupc++.a(si_class_type_info.o)
                0x000835cc                __cxxabiv1::__si_class_type_info::__do_dyncast(int, __cxxabiv1::__class_type_info::__sub_kind, __cxxabiv1::__class_type_info const*, void const*, __cxxabiv1::__class_type_info const*, void const*, __cxxabiv1::__class_type_info::__dyncast_result&) const
 .text._ZNK10__cxxabiv120__si_class_type_info11__do_upcastEPKNS_17__class_type_infoEPKvRNS1_15__upcast_resultE
                0x00083650       0x2c c:/users/roxanne/desktop/programming/adkit/tools/arm-none-eabi-gcc/9.3.1-2020q2-windows/bin/../lib/gcc/arm-none-eabi/9.3.1/../../../../arm-none-eabi/lib/thumb/v7-m/nofp\libsupc++.a(si_class_type_info.o)
                0x00083650                __cxxabiv1::__si_class_type_info::__do_upcast(__cxxabiv1::__class_type_info const*, void const*, __cxxabiv1::__class_type_info::__upcast_result&) const
 .text._ZNSt9type_infoD2Ev
                0x0008367c        0x4 c:/users/roxanne/desktop/programming/adkit/tools/arm-none-eabi-gcc/9.3.1-2020q2-windows/bin/../lib/gcc/arm-none-eabi/9.3.1/../../../../arm-none-eabi/lib/thumb/v7-m/nofp\libsupc++.a(tinfo.o)
                0x0008367c                std::type_info::~type_info()
                0x0008367c                std::type_info::~type_info()
 .text._ZNKSt9type_info14__is_pointer_pEv
                0x00083680        0x4 c:/users/roxanne/desktop/programming/adkit/tools/arm-none-eabi-gcc/9.3.1-2020q2-windows/bin/../lib/gcc/arm-none-eabi/9.3.1/../../../../arm-none-eabi/lib/thumb/v7-m/nofp\libsupc++.a(tinfo.o)
                0x00083680                std::type_info::__is_pointer_p() const
                0x00083680                std::type_info::__is_function_p() const
 .text._ZNKSt9type_info11__do_upcastEPKN10__cxxabiv117__class_type_infoEPPv
                0x00083684        0x4 c:/users/roxanne/desktop/programming/adkit/tools/arm-none-eabi-gcc/9.3.1-2020q2-windows/bin/../lib/gcc/arm-none-eabi/9.3.1/../../../../arm-none-eabi/lib/thumb/v7-m/nofp\libsupc++.a(tinfo.o)
                0x00083684                std::type_info::__do_upcast(__cxxabiv1::__class_type_info const*, void**) const
 .text._ZNKSt9type_infoeqERKS_
                0x00083688       0x2c c:/users/roxanne/desktop/programming/adkit/tools/arm-none-eabi-gcc/9.3.1-2020q2-windows/bin/../lib/gcc/arm-none-eabi/9.3.1/../../../../arm-none-eabi/lib/thumb/v7-m/nofp\libsupc++.a(tinfo.o)
                0x00083688                std::type_info::operator==(std::type_info const&) const
 .text._ZNKSt9type_info10__do_catchEPKS_PPvj
                0x000836b4        0x4 c:/users/roxanne/desktop/programming/adkit/tools/arm-none-eabi-gcc/9.3.1-2020q2-windows/bin/../lib/gcc/arm-none-eabi/9.3.1/../../../../arm-none-eabi/lib/thumb/v7-m/nofp\libsupc++.a(tinfo.o)
                0x000836b4                std::type_info::__do_catch(std::type_info const*, void**, unsigned int) const
 .text._ZN9__gnu_cxx27__verbose_terminate_handlerEv
                0x000836b8      0x10c c:/users/roxanne/desktop/programming/adkit/tools/arm-none-eabi-gcc/9.3.1-2020q2-windows/bin/../lib/gcc/arm-none-eabi/9.3.1/../../../../arm-none-eabi/lib/thumb/v7-m/nofp\libsupc++.a(vterminate.o)
                0x000836b8                __gnu_cxx::__verbose_terminate_handler()
 .text          0x000837c4     0x6d78 c:/users/roxanne/desktop/programming/adkit/tools/arm-none-eabi-gcc/9.3.1-2020q2-windows/bin/../lib/gcc/arm-none-eabi/9.3.1/../../../../arm-none-eabi/lib/thumb/v7-m/nofp\libsupc++.a(cp-demangle.o)
                0x0008a454                __cxa_demangle
                0x0008a518                __gcclibcxx_demangle_callback
 .text._ZNK10__cxxabiv117__class_type_info11__do_upcastEPKS0_PPv
                0x0008a53c       0x38 c:/users/roxanne/desktop/programming/adkit/tools/arm-none-eabi-gcc/9.3.1-2020q2-windows/bin/../lib/gcc/arm-none-eabi/9.3.1/../../../../arm-none-eabi/lib/thumb/v7-m/nofp\libsupc++.a(class_type_info.o)
                0x0008a53c                __cxxabiv1::__class_type_info::__do_upcast(__cxxabiv1::__class_type_info const*, void**) const
 .text._ZNK10__cxxabiv117__class_type_info20__do_find_public_srcEiPKvPKS0_S2_
                0x0008a574        0xc c:/users/roxanne/desktop/programming/adkit/tools/arm-none-eabi-gcc/9.3.1-2020q2-windows/bin/../lib/gcc/arm-none-eabi/9.3.1/../../../../arm-none-eabi/lib/thumb/v7-m/nofp\libsupc++.a(class_type_info.o)
                0x0008a574                __cxxabiv1::__class_type_info::__do_find_public_src(int, void const*, __cxxabiv1::__class_type_info const*, void const*) const
 .text._ZN10__cxxabiv117__class_type_infoD2Ev
                0x0008a580       0x14 c:/users/roxanne/desktop/programming/adkit/tools/arm-none-eabi-gcc/9.3.1-2020q2-windows/bin/../lib/gcc/arm-none-eabi/9.3.1/../../../../arm-none-eabi/lib/thumb/v7-m/nofp\libsupc++.a(class_type_info.o)
                0x0008a580                __cxxabiv1::__class_type_info::~__class_type_info()
                0x0008a580                __cxxabiv1::__class_type_info::~__class_type_info()
 .text._ZN10__cxxabiv117__class_type_infoD0Ev
                0x0008a594       0x1c c:/users/roxanne/desktop/programming/adkit/tools/arm-none-eabi-gcc/9.3.1-2020q2-windows/bin/../lib/gcc/arm-none-eabi/9.3.1/../../../../arm-none-eabi/lib/thumb/v7-m/nofp\libsupc++.a(class_type_info.o)
                0x0008a594                __cxxabiv1::__class_type_info::~__class_type_info()
 .text._ZNK10__cxxabiv117__class_type_info12__do_dyncastEiNS0_10__sub_kindEPKS0_PKvS3_S5_RNS0_16__dyncast_resultE
                0x0008a5b0       0x44 c:/users/roxanne/desktop/programming/adkit/tools/arm-none-eabi-gcc/9.3.1-2020q2-windows/bin/../lib/gcc/arm-none-eabi/9.3.1/../../../../arm-none-eabi/lib/thumb/v7-m/nofp\libsupc++.a(class_type_info.o)
                0x0008a5b0                __cxxabiv1::__class_type_info::__do_dyncast(int, __cxxabiv1::__class_type_info::__sub_kind, __cxxabiv1::__class_type_info const*, void const*, __cxxabiv1::__class_type_info const*, void const*, __cxxabiv1::__class_type_info::__dyncast_result&) const
 .text._ZNK10__cxxabiv117__class_type_info11__do_upcastEPKS0_PKvRNS0_15__upcast_resultE
                0x0008a5f4       0x1c c:/users/roxanne/desktop/programming/adkit/tools/arm-none-eabi-gcc/9.3.1-2020q2-windows/bin/../lib/gcc/arm-none-eabi/9.3.1/../../../../arm-none-eabi/lib/thumb/v7-m/nofp\libsupc++.a(class_type_info.o)
                0x0008a5f4                __cxxabiv1::__class_type_info::__do_upcast(__cxxabiv1::__class_type_info const*, void const*, __cxxabiv1::__class_type_info::__upcast_result&) const
 .text._ZNK10__cxxabiv117__class_type_info10__do_catchEPKSt9type_infoPPvj
                0x0008a610       0x2c c:/users/roxanne/desktop/programming/adkit/tools/arm-none-eabi-gcc/9.3.1-2020q2-windows/bin/../lib/gcc/arm-none-eabi/9.3.1/../../../../arm-none-eabi/lib/thumb/v7-m/nofp\libsupc++.a(class_type_info.o)
                0x0008a610                __cxxabiv1::__class_type_info::__do_catch(std::type_info const*, void**, unsigned int) const
 .text._ZdlPvj  0x0008a63c        0x4 c:/users/roxanne/desktop/programming/adkit/tools/arm-none-eabi-gcc/9.3.1-2020q2-windows/bin/../lib/gcc/arm-none-eabi/9.3.1/../../../../arm-none-eabi/lib/thumb/v7-m/nofp\libsupc++.a(del_ops.o)
                0x0008a63c                operator delete(void*, unsigned int)
 .text._ZN10__cxxabiv1L24__is_gxx_exception_classEPc
                0x0008a640       0x3c c:/users/roxanne/desktop/programming/adkit/tools/arm-none-eabi-gcc/9.3.1-2020q2-windows/bin/../lib/gcc/arm-none-eabi/9.3.1/../../../../arm-none-eabi/lib/thumb/v7-m/nofp\libsupc++.a(eh_call.o)
 .text.__cxa_call_terminate
                0x0008a67c       0x20 c:/users/roxanne/desktop/programming/adkit/tools/arm-none-eabi-gcc/9.3.1-2020q2-windows/bin/../lib/gcc/arm-none-eabi/9.3.1/../../../../arm-none-eabi/lib/thumb/v7-m/nofp\libsupc++.a(eh_call.o)
                0x0008a67c                __cxa_call_terminate
 .text.unlikely.__cxa_call_unexpected
                0x0008a69c       0xe0 c:/users/roxanne/desktop/programming/adkit/tools/arm-none-eabi-gcc/9.3.1-2020q2-windows/bin/../lib/gcc/arm-none-eabi/9.3.1/../../../../arm-none-eabi/lib/thumb/v7-m/nofp\libsupc++.a(eh_call.o)
                0x0008a69c                __cxa_call_unexpected
 .text.__cxa_current_exception_type
                0x0008a77c       0x1c c:/users/roxanne/desktop/programming/adkit/tools/arm-none-eabi-gcc/9.3.1-2020q2-windows/bin/../lib/gcc/arm-none-eabi/9.3.1/../../../../arm-none-eabi/lib/thumb/v7-m/nofp\libsupc++.a(eh_type.o)
                0x0008a77c                __cxa_current_exception_type
 .text._ZNK10__cxxabiv117__pbase_type_info15__pointer_catchEPKS0_PPvj
                0x0008a798       0x14 c:/users/roxanne/desktop/programming/adkit/tools/arm-none-eabi-gcc/9.3.1-2020q2-windows/bin/../lib/gcc/arm-none-eabi/9.3.1/../../../../arm-none-eabi/lib/thumb/v7-m/nofp\libsupc++.a(pbase_type_info.o)
                0x0008a798                __cxxabiv1::__pbase_type_info::__pointer_catch(__cxxabiv1::__pbase_type_info const*, void**, unsigned int) const
 .text._ZN10__cxxabiv117__pbase_type_infoD2Ev
                0x0008a7ac       0x14 c:/users/roxanne/desktop/programming/adkit/tools/arm-none-eabi-gcc/9.3.1-2020q2-windows/bin/../lib/gcc/arm-none-eabi/9.3.1/../../../../arm-none-eabi/lib/thumb/v7-m/nofp\libsupc++.a(pbase_type_info.o)
                0x0008a7ac                __cxxabiv1::__pbase_type_info::~__pbase_type_info()
                0x0008a7ac                __cxxabiv1::__pbase_type_info::~__pbase_type_info()
 .text._ZN10__cxxabiv117__pbase_type_infoD0Ev
                0x0008a7c0       0x1c c:/users/roxanne/desktop/programming/adkit/tools/arm-none-eabi-gcc/9.3.1-2020q2-windows/bin/../lib/gcc/arm-none-eabi/9.3.1/../../../../arm-none-eabi/lib/thumb/v7-m/nofp\libsupc++.a(pbase_type_info.o)
                0x0008a7c0                __cxxabiv1::__pbase_type_info::~__pbase_type_info()
 .text._ZNK10__cxxabiv117__pbase_type_info10__do_catchEPKSt9type_infoPPvj
                0x0008a7dc      0x100 c:/users/roxanne/desktop/programming/adkit/tools/arm-none-eabi-gcc/9.3.1-2020q2-windows/bin/../lib/gcc/arm-none-eabi/9.3.1/../../../../arm-none-eabi/lib/thumb/v7-m/nofp\libsupc++.a(pbase_type_info.o)
                0x0008a7dc                __cxxabiv1::__pbase_type_info::__do_catch(std::type_info const*, void**, unsigned int) const
 .text.unlikely.__cxa_bad_typeid
                0x0008a8dc       0x20 c:/users/roxanne/desktop/programming/adkit/tools/arm-none-eabi-gcc/9.3.1-2020q2-windows/bin/../lib/gcc/arm-none-eabi/9.3.1/../../../../arm-none-eabi/lib/thumb/v7-m/nofp\libsupc++.a(eh_aux_runtime.o)
                0x0008a8dc                __cxa_bad_typeid
 .text._ZNKSt10bad_typeid4whatEv
                0x0008a8fc        0x8 c:/users/roxanne/desktop/programming/adkit/tools/arm-none-eabi-gcc/9.3.1-2020q2-windows/bin/../lib/gcc/arm-none-eabi/9.3.1/../../../../arm-none-eabi/lib/thumb/v7-m/nofp\libsupc++.a(bad_typeid.o)
                0x0008a8fc                std::bad_typeid::what() const
 .text._ZNSt10bad_typeidD2Ev
                0x0008a904       0x14 c:/users/roxanne/desktop/programming/adkit/tools/arm-none-eabi-gcc/9.3.1-2020q2-windows/bin/../lib/gcc/arm-none-eabi/9.3.1/../../../../arm-none-eabi/lib/thumb/v7-m/nofp\libsupc++.a(bad_typeid.o)
                0x0008a904                std::bad_typeid::~bad_typeid()
                0x0008a904                std::bad_typeid::~bad_typeid()
 .text._ZNSt10bad_typeidD0Ev
                0x0008a918       0x1c c:/users/roxanne/desktop/programming/adkit/tools/arm-none-eabi-gcc/9.3.1-2020q2-windows/bin/../lib/gcc/arm-none-eabi/9.3.1/../../../../arm-none-eabi/lib/thumb/v7-m/nofp\libsupc++.a(bad_typeid.o)
                0x0008a918                std::bad_typeid::~bad_typeid()
 .text.abort    0x0008a934       0x10 c:/users/roxanne/desktop/programming/adkit/tools/arm-none-eabi-gcc/9.3.1-2020q2-windows/bin/../lib/gcc/arm-none-eabi/9.3.1/../../../../arm-none-eabi/lib/thumb/v7-m/nofp\libc.a(lib_a-abort.o)
                0x0008a934                abort
 .text.__assert_func
                0x0008a944       0x3c c:/users/roxanne/desktop/programming/adkit/tools/arm-none-eabi-gcc/9.3.1-2020q2-windows/bin/../lib/gcc/arm-none-eabi/9.3.1/../../../../arm-none-eabi/lib/thumb/v7-m/nofp\libc.a(lib_a-assert.o)
                0x0008a944                __assert_func
 .text.calloc   0x0008a980       0x10 c:/users/roxanne/desktop/programming/adkit/tools/arm-none-eabi-gcc/9.3.1-2020q2-windows/bin/../lib/gcc/arm-none-eabi/9.3.1/../../../../arm-none-eabi/lib/thumb/v7-m/nofp\libc.a(lib_a-calloc.o)
                0x0008a980                calloc
 .text._calloc_r
                0x0008a990       0x60 c:/users/roxanne/desktop/programming/adkit/tools/arm-none-eabi-gcc/9.3.1-2020q2-windows/bin/../lib/gcc/arm-none-eabi/9.3.1/../../../../arm-none-eabi/lib/thumb/v7-m/nofp\libc.a(lib_a-callocr.o)
                0x0008a990                _calloc_r
 .text.fiprintf
                0x0008a9f0       0x28 c:/users/roxanne/desktop/programming/adkit/tools/arm-none-eabi-gcc/9.3.1-2020q2-windows/bin/../lib/gcc/arm-none-eabi/9.3.1/../../../../arm-none-eabi/lib/thumb/v7-m/nofp\libc.a(lib_a-fiprintf.o)
                0x0008a9f0                fiprintf
 .text.fputc    0x0008aa18       0x58 c:/users/roxanne/desktop/programming/adkit/tools/arm-none-eabi-gcc/9.3.1-2020q2-windows/bin/../lib/gcc/arm-none-eabi/9.3.1/../../../../arm-none-eabi/lib/thumb/v7-m/nofp\libc.a(lib_a-fputc.o)
                0x0008aa18                fputc
 .text._fputs_r
                0x0008aa70       0x88 c:/users/roxanne/desktop/programming/adkit/tools/arm-none-eabi-gcc/9.3.1-2020q2-windows/bin/../lib/gcc/arm-none-eabi/9.3.1/../../../../arm-none-eabi/lib/thumb/v7-m/nofp\libc.a(lib_a-fputs.o)
                0x0008aa70                _fputs_r
 .text.fputs    0x0008aaf8       0x10 c:/users/roxanne/desktop/programming/adkit/tools/arm-none-eabi-gcc/9.3.1-2020q2-windows/bin/../lib/gcc/arm-none-eabi/9.3.1/../../../../arm-none-eabi/lib/thumb/v7-m/nofp\libc.a(lib_a-fputs.o)
                0x0008aaf8                fputs
 .text.__sfvwrite_r
                0x0008ab08      0x2ec c:/users/roxanne/desktop/programming/adkit/tools/arm-none-eabi-gcc/9.3.1-2020q2-windows/bin/../lib/gcc/arm-none-eabi/9.3.1/../../../../arm-none-eabi/lib/thumb/v7-m/nofp\libc.a(lib_a-fvwrite.o)
                0x0008ab08                __sfvwrite_r
 .text._fwrite_r
                0x0008adf4       0xa8 c:/users/roxanne/desktop/programming/adkit/tools/arm-none-eabi-gcc/9.3.1-2020q2-windows/bin/../lib/gcc/arm-none-eabi/9.3.1/../../../../arm-none-eabi/lib/thumb/v7-m/nofp\libc.a(lib_a-fwrite.o)
                0x0008adf4                _fwrite_r
 .text.fwrite   0x0008ae9c       0x20 c:/users/roxanne/desktop/programming/adkit/tools/arm-none-eabi-gcc/9.3.1-2020q2-windows/bin/../lib/gcc/arm-none-eabi/9.3.1/../../../../arm-none-eabi/lib/thumb/v7-m/nofp\libc.a(lib_a-fwrite.o)
                0x0008ae9c                fwrite
 .text.getchar  0x0008aebc       0x10 c:/users/roxanne/desktop/programming/adkit/tools/arm-none-eabi-gcc/9.3.1-2020q2-windows/bin/../lib/gcc/arm-none-eabi/9.3.1/../../../../arm-none-eabi/lib/thumb/v7-m/nofp\libc.a(lib_a-getchar.o)
                0x0008aebc                getchar
 .text.__libc_init_array
                0x0008aecc       0x48 c:/users/roxanne/desktop/programming/adkit/tools/arm-none-eabi-gcc/9.3.1-2020q2-windows/bin/../lib/gcc/arm-none-eabi/9.3.1/../../../../arm-none-eabi/lib/thumb/v7-m/nofp\libc.a(lib_a-init.o)
                0x0008aecc                __libc_init_array
 .text.__retarget_lock_init_recursive
                0x0008af14        0x4 c:/users/roxanne/desktop/programming/adkit/tools/arm-none-eabi-gcc/9.3.1-2020q2-windows/bin/../lib/gcc/arm-none-eabi/9.3.1/../../../../arm-none-eabi/lib/thumb/v7-m/nofp\libc.a(lib_a-lock.o)
                0x0008af14                __retarget_lock_init_recursive
 .text.__retarget_lock_close_recursive
                0x0008af18        0x4 c:/users/roxanne/desktop/programming/adkit/tools/arm-none-eabi-gcc/9.3.1-2020q2-windows/bin/../lib/gcc/arm-none-eabi/9.3.1/../../../../arm-none-eabi/lib/thumb/v7-m/nofp\libc.a(lib_a-lock.o)
                0x0008af18                __retarget_lock_close_recursive
 .text.__retarget_lock_acquire_recursive
                0x0008af1c        0x4 c:/users/roxanne/desktop/programming/adkit/tools/arm-none-eabi-gcc/9.3.1-2020q2-windows/bin/../lib/gcc/arm-none-eabi/9.3.1/../../../../arm-none-eabi/lib/thumb/v7-m/nofp\libc.a(lib_a-lock.o)
                0x0008af1c                __retarget_lock_acquire_recursive
 .text.__retarget_lock_release_recursive
                0x0008af20        0x4 c:/users/roxanne/desktop/programming/adkit/tools/arm-none-eabi-gcc/9.3.1-2020q2-windows/bin/../lib/gcc/arm-none-eabi/9.3.1/../../../../arm-none-eabi/lib/thumb/v7-m/nofp\libc.a(lib_a-lock.o)
                0x0008af20                __retarget_lock_release_recursive
 .text.malloc   0x0008af24       0x10 c:/users/roxanne/desktop/programming/adkit/tools/arm-none-eabi-gcc/9.3.1-2020q2-windows/bin/../lib/gcc/arm-none-eabi/9.3.1/../../../../arm-none-eabi/lib/thumb/v7-m/nofp\libc.a(lib_a-malloc.o)
                0x0008af24                malloc
 .text.free     0x0008af34       0x10 c:/users/roxanne/desktop/programming/adkit/tools/arm-none-eabi-gcc/9.3.1-2020q2-windows/bin/../lib/gcc/arm-none-eabi/9.3.1/../../../../arm-none-eabi/lib/thumb/v7-m/nofp\libc.a(lib_a-malloc.o)
                0x0008af34                free
 .text._malloc_r
                0x0008af44      0x55c c:/users/roxanne/desktop/programming/adkit/tools/arm-none-eabi-gcc/9.3.1-2020q2-windows/bin/../lib/gcc/arm-none-eabi/9.3.1/../../../../arm-none-eabi/lib/thumb/v7-m/nofp\libc.a(lib_a-mallocr.o)
                0x0008af44                _malloc_r
 .text.memchr   0x0008b4a0       0x80 c:/users/roxanne/desktop/programming/adkit/tools/arm-none-eabi-gcc/9.3.1-2020q2-windows/bin/../lib/gcc/arm-none-eabi/9.3.1/../../../../arm-none-eabi/lib/thumb/v7-m/nofp\libc.a(lib_a-memchr-stub.o)
                0x0008b4a0                memchr
 .text.memcmp   0x0008b520       0x5c c:/users/roxanne/desktop/programming/adkit/tools/arm-none-eabi-gcc/9.3.1-2020q2-windows/bin/../lib/gcc/arm-none-eabi/9.3.1/../../../../arm-none-eabi/lib/thumb/v7-m/nofp\libc.a(lib_a-memcmp.o)
                0x0008b520                memcmp
 .text          0x0008b57c       0xec c:/users/roxanne/desktop/programming/adkit/tools/arm-none-eabi-gcc/9.3.1-2020q2-windows/bin/../lib/gcc/arm-none-eabi/9.3.1/../../../../arm-none-eabi/lib/thumb/v7-m/nofp\libc.a(lib_a-memcpy.o)
                0x0008b57c                memcpy
 .text.memmove  0x0008b668       0xd4 c:/users/roxanne/desktop/programming/adkit/tools/arm-none-eabi-gcc/9.3.1-2020q2-windows/bin/../lib/gcc/arm-none-eabi/9.3.1/../../../../arm-none-eabi/lib/thumb/v7-m/nofp\libc.a(lib_a-memmove.o)
                0x0008b668                memmove
 .text.memset   0x0008b73c       0xa0 c:/users/roxanne/desktop/programming/adkit/tools/arm-none-eabi-gcc/9.3.1-2020q2-windows/bin/../lib/gcc/arm-none-eabi/9.3.1/../../../../arm-none-eabi/lib/thumb/v7-m/nofp\libc.a(lib_a-memset.o)
                0x0008b73c                memset
 .text.__malloc_lock
                0x0008b7dc        0xc c:/users/roxanne/desktop/programming/adkit/tools/arm-none-eabi-gcc/9.3.1-2020q2-windows/bin/../lib/gcc/arm-none-eabi/9.3.1/../../../../arm-none-eabi/lib/thumb/v7-m/nofp\libc.a(lib_a-mlock.o)
                0x0008b7dc                __malloc_lock
 .text.__malloc_unlock
                0x0008b7e8        0xc c:/users/roxanne/desktop/programming/adkit/tools/arm-none-eabi-gcc/9.3.1-2020q2-windows/bin/../lib/gcc/arm-none-eabi/9.3.1/../../../../arm-none-eabi/lib/thumb/v7-m/nofp\libc.a(lib_a-mlock.o)
                0x0008b7e8                __malloc_unlock
 .text.printf   0x0008b7f4       0x28 c:/users/roxanne/desktop/programming/adkit/tools/arm-none-eabi-gcc/9.3.1-2020q2-windows/bin/../lib/gcc/arm-none-eabi/9.3.1/../../../../arm-none-eabi/lib/thumb/v7-m/nofp\libc.a(lib_a-printf.o)
                0x0008b7f4                printf
 .text._putc_r  0x0008b81c       0x74 c:/users/roxanne/desktop/programming/adkit/tools/arm-none-eabi-gcc/9.3.1-2020q2-windows/bin/../lib/gcc/arm-none-eabi/9.3.1/../../../../arm-none-eabi/lib/thumb/v7-m/nofp\libc.a(lib_a-putc.o)
                0x0008b81c                _putc_r
 .text._puts_r  0x0008b890       0x9c c:/users/roxanne/desktop/programming/adkit/tools/arm-none-eabi-gcc/9.3.1-2020q2-windows/bin/../lib/gcc/arm-none-eabi/9.3.1/../../../../arm-none-eabi/lib/thumb/v7-m/nofp\libc.a(lib_a-puts.o)
                0x0008b890                _puts_r
 .text.puts     0x0008b92c       0x10 c:/users/roxanne/desktop/programming/adkit/tools/arm-none-eabi-gcc/9.3.1-2020q2-windows/bin/../lib/gcc/arm-none-eabi/9.3.1/../../../../arm-none-eabi/lib/thumb/v7-m/nofp\libc.a(lib_a-puts.o)
                0x0008b92c                puts
 .text.realloc  0x0008b93c       0x10 c:/users/roxanne/desktop/programming/adkit/tools/arm-none-eabi-gcc/9.3.1-2020q2-windows/bin/../lib/gcc/arm-none-eabi/9.3.1/../../../../arm-none-eabi/lib/thumb/v7-m/nofp\libc.a(lib_a-realloc.o)
                0x0008b93c                realloc
 .text._realloc_r
                0x0008b94c      0x3e0 c:/users/roxanne/desktop/programming/adkit/tools/arm-none-eabi-gcc/9.3.1-2020q2-windows/bin/../lib/gcc/arm-none-eabi/9.3.1/../../../../arm-none-eabi/lib/thumb/v7-m/nofp\libc.a(lib_a-reallocr.o)
                0x0008b94c                _realloc_r
 .text._sbrk_r  0x0008bd2c       0x24 c:/users/roxanne/desktop/programming/adkit/tools/arm-none-eabi-gcc/9.3.1-2020q2-windows/bin/../lib/gcc/arm-none-eabi/9.3.1/../../../../arm-none-eabi/lib/thumb/v7-m/nofp\libc.a(lib_a-sbrkr.o)
                0x0008bd2c                _sbrk_r
 .text._raise_r
                0x0008bd50       0x58 c:/users/roxanne/desktop/programming/adkit/tools/arm-none-eabi-gcc/9.3.1-2020q2-windows/bin/../lib/gcc/arm-none-eabi/9.3.1/../../../../arm-none-eabi/lib/thumb/v7-m/nofp\libc.a(lib_a-signal.o)
                0x0008bd50                _raise_r
 .text.raise    0x0008bda8       0x10 c:/users/roxanne/desktop/programming/adkit/tools/arm-none-eabi-gcc/9.3.1-2020q2-windows/bin/../lib/gcc/arm-none-eabi/9.3.1/../../../../arm-none-eabi/lib/thumb/v7-m/nofp\libc.a(lib_a-signal.o)
                0x0008bda8                raise
 .text._kill_r  0x0008bdb8       0x2c c:/users/roxanne/desktop/programming/adkit/tools/arm-none-eabi-gcc/9.3.1-2020q2-windows/bin/../lib/gcc/arm-none-eabi/9.3.1/../../../../arm-none-eabi/lib/thumb/v7-m/nofp\libc.a(lib_a-signalr.o)
                0x0008bdb8                _kill_r
 .text._getpid_r
                0x0008bde4        0x4 c:/users/roxanne/desktop/programming/adkit/tools/arm-none-eabi-gcc/9.3.1-2020q2-windows/bin/../lib/gcc/arm-none-eabi/9.3.1/../../../../arm-none-eabi/lib/thumb/v7-m/nofp\libc.a(lib_a-signalr.o)
                0x0008bde4                _getpid_r
 .text.sprintf  0x0008bde8       0x44 c:/users/roxanne/desktop/programming/adkit/tools/arm-none-eabi-gcc/9.3.1-2020q2-windows/bin/../lib/gcc/arm-none-eabi/9.3.1/../../../../arm-none-eabi/lib/thumb/v7-m/nofp\libc.a(lib_a-sprintf.o)
                0x0008bde8                sprintf
 .text          0x0008be2c      0x1bc c:/users/roxanne/desktop/programming/adkit/tools/arm-none-eabi-gcc/9.3.1-2020q2-windows/bin/../lib/gcc/arm-none-eabi/9.3.1/../../../../arm-none-eabi/lib/thumb/v7-m/nofp\libc.a(lib_a-strcmp.o)
                0x0008be2c                strcmp
 .text.strcpy   0x0008bfe8       0xbc c:/users/roxanne/desktop/programming/adkit/tools/arm-none-eabi-gcc/9.3.1-2020q2-windows/bin/../lib/gcc/arm-none-eabi/9.3.1/../../../../arm-none-eabi/lib/thumb/v7-m/nofp\libc.a(lib_a-strcpy.o)
                0x0008bfe8                strcpy
 .text.strlen   0x0008c0a4       0x5c c:/users/roxanne/desktop/programming/adkit/tools/arm-none-eabi-gcc/9.3.1-2020q2-windows/bin/../lib/gcc/arm-none-eabi/9.3.1/../../../../arm-none-eabi/lib/thumb/v7-m/nofp\libc.a(lib_a-strlen-stub.o)
                0x0008c0a4                strlen
 .text.strncmp  0x0008c100       0x7c c:/users/roxanne/desktop/programming/adkit/tools/arm-none-eabi-gcc/9.3.1-2020q2-windows/bin/../lib/gcc/arm-none-eabi/9.3.1/../../../../arm-none-eabi/lib/thumb/v7-m/nofp\libc.a(lib_a-strncmp.o)
                0x0008c100                strncmp
 .text._svfprintf_r
                0x0008c17c     0x1b50 c:/users/roxanne/desktop/programming/adkit/tools/arm-none-eabi-gcc/9.3.1-2020q2-windows/bin/../lib/gcc/arm-none-eabi/9.3.1/../../../../arm-none-eabi/lib/thumb/v7-m/nofp\libc.a(lib_a-svfprintf.o)
                0x0008c17c                _svfprintf_r
 .text.kill     0x0008dccc       0x10 c:/users/roxanne/desktop/programming/adkit/tools/arm-none-eabi-gcc/9.3.1-2020q2-windows/bin/../lib/gcc/arm-none-eabi/9.3.1/../../../../arm-none-eabi/lib/thumb/v7-m/nofp\libc.a(lib_a-syskill.o)
                0x0008dccc                kill
 .text.__sprint_r.part.0
                0x0008dcdc       0x78 c:/users/roxanne/desktop/programming/adkit/tools/arm-none-eabi-gcc/9.3.1-2020q2-windows/bin/../lib/gcc/arm-none-eabi/9.3.1/../../../../arm-none-eabi/lib/thumb/v7-m/nofp\libc.a(lib_a-vfiprintf.o)
 .text.__sprint_r
                0x0008dd54       0x14 c:/users/roxanne/desktop/programming/adkit/tools/arm-none-eabi-gcc/9.3.1-2020q2-windows/bin/../lib/gcc/arm-none-eabi/9.3.1/../../../../arm-none-eabi/lib/thumb/v7-m/nofp\libc.a(lib_a-vfiprintf.o)
                0x0008dd54                __sprint_r
 .text._vfiprintf_r
                0x0008dd68      0xd2c c:/users/roxanne/desktop/programming/adkit/tools/arm-none-eabi-gcc/9.3.1-2020q2-windows/bin/../lib/gcc/arm-none-eabi/9.3.1/../../../../arm-none-eabi/lib/thumb/v7-m/nofp\libc.a(lib_a-vfiprintf.o)
                0x0008dd68                _vfiprintf_r
 .text.__sbprintf
                0x0008ea94       0x88 c:/users/roxanne/desktop/programming/adkit/tools/arm-none-eabi-gcc/9.3.1-2020q2-windows/bin/../lib/gcc/arm-none-eabi/9.3.1/../../../../arm-none-eabi/lib/thumb/v7-m/nofp\libc.a(lib_a-vfiprintf.o)
 .text._vfprintf_r
                0x0008eb1c     0x1c18 c:/users/roxanne/desktop/programming/adkit/tools/arm-none-eabi-gcc/9.3.1-2020q2-windows/bin/../lib/gcc/arm-none-eabi/9.3.1/../../../../arm-none-eabi/lib/thumb/v7-m/nofp\libc.a(lib_a-vfprintf.o)
                0x0008eb1c                _vfprintf_r
 .text.__sbprintf
                0x00090734       0x88 c:/users/roxanne/desktop/programming/adkit/tools/arm-none-eabi-gcc/9.3.1-2020q2-windows/bin/../lib/gcc/arm-none-eabi/9.3.1/../../../../arm-none-eabi/lib/thumb/v7-m/nofp\libc.a(lib_a-vfprintf.o)
 .text.__swbuf_r
                0x000907bc       0xb0 c:/users/roxanne/desktop/programming/adkit/tools/arm-none-eabi-gcc/9.3.1-2020q2-windows/bin/../lib/gcc/arm-none-eabi/9.3.1/../../../../arm-none-eabi/lib/thumb/v7-m/nofp\libc.a(lib_a-wbuf.o)
                0x000907bc                __swbuf_r
 .text.__swsetup_r
                0x0009086c       0xd0 c:/users/roxanne/desktop/programming/adkit/tools/arm-none-eabi-gcc/9.3.1-2020q2-windows/bin/../lib/gcc/arm-none-eabi/9.3.1/../../../../arm-none-eabi/lib/thumb/v7-m/nofp\libc.a(lib_a-wsetup.o)
                0x0009086c                __swsetup_r
 .text.startup.register_fini
                0x0009093c       0x14 c:/users/roxanne/desktop/programming/adkit/tools/arm-none-eabi-gcc/9.3.1-2020q2-windows/bin/../lib/gcc/arm-none-eabi/9.3.1/../../../../arm-none-eabi/lib/thumb/v7-m/nofp\libc.a(lib_a-__call_atexit.o)
 .text.atexit   0x00090950        0xc c:/users/roxanne/desktop/programming/adkit/tools/arm-none-eabi-gcc/9.3.1-2020q2-windows/bin/../lib/gcc/arm-none-eabi/9.3.1/../../../../arm-none-eabi/lib/thumb/v7-m/nofp\libc.a(lib_a-atexit.o)
                0x00090950                atexit
 .text.quorem   0x0009095c      0x120 c:/users/roxanne/desktop/programming/adkit/tools/arm-none-eabi-gcc/9.3.1-2020q2-windows/bin/../lib/gcc/arm-none-eabi/9.3.1/../../../../arm-none-eabi/lib/thumb/v7-m/nofp\libc.a(lib_a-dtoa.o)
 *fill*         0x00090a7c        0x4 
 .text._dtoa_r  0x00090a80      0xec8 c:/users/roxanne/desktop/programming/adkit/tools/arm-none-eabi-gcc/9.3.1-2020q2-windows/bin/../lib/gcc/arm-none-eabi/9.3.1/../../../../arm-none-eabi/lib/thumb/v7-m/nofp\libc.a(lib_a-dtoa.o)
                0x00090a80                _dtoa_r
 .text.__sflush_r
                0x00091948      0x130 c:/users/roxanne/desktop/programming/adkit/tools/arm-none-eabi-gcc/9.3.1-2020q2-windows/bin/../lib/gcc/arm-none-eabi/9.3.1/../../../../arm-none-eabi/lib/thumb/v7-m/nofp\libc.a(lib_a-fflush.o)
                0x00091948                __sflush_r
 .text._fflush_r
                0x00091a78       0x5c c:/users/roxanne/desktop/programming/adkit/tools/arm-none-eabi-gcc/9.3.1-2020q2-windows/bin/../lib/gcc/arm-none-eabi/9.3.1/../../../../arm-none-eabi/lib/thumb/v7-m/nofp\libc.a(lib_a-fflush.o)
                0x00091a78                _fflush_r
 .text.fflush   0x00091ad4       0x24 c:/users/roxanne/desktop/programming/adkit/tools/arm-none-eabi-gcc/9.3.1-2020q2-windows/bin/../lib/gcc/arm-none-eabi/9.3.1/../../../../arm-none-eabi/lib/thumb/v7-m/nofp\libc.a(lib_a-fflush.o)
                0x00091ad4                fflush
 .text.std      0x00091af8       0x50 c:/users/roxanne/desktop/programming/adkit/tools/arm-none-eabi-gcc/9.3.1-2020q2-windows/bin/../lib/gcc/arm-none-eabi/9.3.1/../../../../arm-none-eabi/lib/thumb/v7-m/nofp\libc.a(lib_a-findfp.o)
 .text._cleanup_r
                0x00091b48        0xc c:/users/roxanne/desktop/programming/adkit/tools/arm-none-eabi-gcc/9.3.1-2020q2-windows/bin/../lib/gcc/arm-none-eabi/9.3.1/../../../../arm-none-eabi/lib/thumb/v7-m/nofp\libc.a(lib_a-findfp.o)
                0x00091b48                _cleanup_r
 .text.__sinit  0x00091b54       0x5c c:/users/roxanne/desktop/programming/adkit/tools/arm-none-eabi-gcc/9.3.1-2020q2-windows/bin/../lib/gcc/arm-none-eabi/9.3.1/../../../../arm-none-eabi/lib/thumb/v7-m/nofp\libc.a(lib_a-findfp.o)
                0x00091b54                __sinit
 .text.__sfp_lock_acquire
                0x00091bb0        0xc c:/users/roxanne/desktop/programming/adkit/tools/arm-none-eabi-gcc/9.3.1-2020q2-windows/bin/../lib/gcc/arm-none-eabi/9.3.1/../../../../arm-none-eabi/lib/thumb/v7-m/nofp\libc.a(lib_a-findfp.o)
                0x00091bb0                __sfp_lock_acquire
 .text.__sfp_lock_release
                0x00091bbc        0xc c:/users/roxanne/desktop/programming/adkit/tools/arm-none-eabi-gcc/9.3.1-2020q2-windows/bin/../lib/gcc/arm-none-eabi/9.3.1/../../../../arm-none-eabi/lib/thumb/v7-m/nofp\libc.a(lib_a-findfp.o)
                0x00091bbc                __sfp_lock_release
 .text.__libc_fini_array
                0x00091bc8       0x2c c:/users/roxanne/desktop/programming/adkit/tools/arm-none-eabi-gcc/9.3.1-2020q2-windows/bin/../lib/gcc/arm-none-eabi/9.3.1/../../../../arm-none-eabi/lib/thumb/v7-m/nofp\libc.a(lib_a-fini.o)
                0x00091bc8                __libc_fini_array
 .text.__fputwc
                0x00091bf4       0xa0 c:/users/roxanne/desktop/programming/adkit/tools/arm-none-eabi-gcc/9.3.1-2020q2-windows/bin/../lib/gcc/arm-none-eabi/9.3.1/../../../../arm-none-eabi/lib/thumb/v7-m/nofp\libc.a(lib_a-fputwc.o)
                0x00091bf4                __fputwc
 .text._fputwc_r
                0x00091c94       0x68 c:/users/roxanne/desktop/programming/adkit/tools/arm-none-eabi-gcc/9.3.1-2020q2-windows/bin/../lib/gcc/arm-none-eabi/9.3.1/../../../../arm-none-eabi/lib/thumb/v7-m/nofp\libc.a(lib_a-fputwc.o)
                0x00091c94                _fputwc_r
 .text._malloc_trim_r
                0x00091cfc       0xa0 c:/users/roxanne/desktop/programming/adkit/tools/arm-none-eabi-gcc/9.3.1-2020q2-windows/bin/../lib/gcc/arm-none-eabi/9.3.1/../../../../arm-none-eabi/lib/thumb/v7-m/nofp\libc.a(lib_a-freer.o)
                0x00091cfc                _malloc_trim_r
 .text._free_r  0x00091d9c      0x20c c:/users/roxanne/desktop/programming/adkit/tools/arm-none-eabi-gcc/9.3.1-2020q2-windows/bin/../lib/gcc/arm-none-eabi/9.3.1/../../../../arm-none-eabi/lib/thumb/v7-m/nofp\libc.a(lib_a-freer.o)
                0x00091d9c                _free_r
 .text._fwalk   0x00091fa8       0x40 c:/users/roxanne/desktop/programming/adkit/tools/arm-none-eabi-gcc/9.3.1-2020q2-windows/bin/../lib/gcc/arm-none-eabi/9.3.1/../../../../arm-none-eabi/lib/thumb/v7-m/nofp\libc.a(lib_a-fwalk.o)
                0x00091fa8                _fwalk
 .text._fwalk_reent
                0x00091fe8       0x48 c:/users/roxanne/desktop/programming/adkit/tools/arm-none-eabi-gcc/9.3.1-2020q2-windows/bin/../lib/gcc/arm-none-eabi/9.3.1/../../../../arm-none-eabi/lib/thumb/v7-m/nofp\libc.a(lib_a-fwalk.o)
                0x00091fe8                _fwalk_reent
 .text._getc_r  0x00092030       0x60 c:/users/roxanne/desktop/programming/adkit/tools/arm-none-eabi-gcc/9.3.1-2020q2-windows/bin/../lib/gcc/arm-none-eabi/9.3.1/../../../../arm-none-eabi/lib/thumb/v7-m/nofp\libc.a(lib_a-getc.o)
                0x00092030                _getc_r
 .text.__locale_mb_cur_max
                0x00092090        0xc c:/users/roxanne/desktop/programming/adkit/tools/arm-none-eabi-gcc/9.3.1-2020q2-windows/bin/../lib/gcc/arm-none-eabi/9.3.1/../../../../arm-none-eabi/lib/thumb/v7-m/nofp\libc.a(lib_a-locale.o)
                0x00092090                __locale_mb_cur_max
 .text._localeconv_r
                0x0009209c        0x8 c:/users/roxanne/desktop/programming/adkit/tools/arm-none-eabi-gcc/9.3.1-2020q2-windows/bin/../lib/gcc/arm-none-eabi/9.3.1/../../../../arm-none-eabi/lib/thumb/v7-m/nofp\libc.a(lib_a-localeconv.o)
                0x0009209c                _localeconv_r
 .text.__swhatbuf_r
                0x000920a4       0x5c c:/users/roxanne/desktop/programming/adkit/tools/arm-none-eabi-gcc/9.3.1-2020q2-windows/bin/../lib/gcc/arm-none-eabi/9.3.1/../../../../arm-none-eabi/lib/thumb/v7-m/nofp\libc.a(lib_a-makebuf.o)
                0x000920a4                __swhatbuf_r
 .text.__smakebuf_r
                0x00092100       0x94 c:/users/roxanne/desktop/programming/adkit/tools/arm-none-eabi-gcc/9.3.1-2020q2-windows/bin/../lib/gcc/arm-none-eabi/9.3.1/../../../../arm-none-eabi/lib/thumb/v7-m/nofp\libc.a(lib_a-makebuf.o)
                0x00092100                __smakebuf_r
 .text.__ascii_mbtowc
                0x00092194       0x2c c:/users/roxanne/desktop/programming/adkit/tools/arm-none-eabi-gcc/9.3.1-2020q2-windows/bin/../lib/gcc/arm-none-eabi/9.3.1/../../../../arm-none-eabi/lib/thumb/v7-m/nofp\libc.a(lib_a-mbtowc_r.o)
                0x00092194                __ascii_mbtowc
 .text._Balloc  0x000921c0       0x4c c:/users/roxanne/desktop/programming/adkit/tools/arm-none-eabi-gcc/9.3.1-2020q2-windows/bin/../lib/gcc/arm-none-eabi/9.3.1/../../../../arm-none-eabi/lib/thumb/v7-m/nofp\libc.a(lib_a-mprec.o)
                0x000921c0                _Balloc
 .text._Bfree   0x0009220c       0x14 c:/users/roxanne/desktop/programming/adkit/tools/arm-none-eabi-gcc/9.3.1-2020q2-windows/bin/../lib/gcc/arm-none-eabi/9.3.1/../../../../arm-none-eabi/lib/thumb/v7-m/nofp\libc.a(lib_a-mprec.o)
                0x0009220c                _Bfree
 .text.__multadd
                0x00092220       0x9c c:/users/roxanne/desktop/programming/adkit/tools/arm-none-eabi-gcc/9.3.1-2020q2-windows/bin/../lib/gcc/arm-none-eabi/9.3.1/../../../../arm-none-eabi/lib/thumb/v7-m/nofp\libc.a(lib_a-mprec.o)
                0x00092220                __multadd
 .text.__hi0bits
                0x000922bc       0x40 c:/users/roxanne/desktop/programming/adkit/tools/arm-none-eabi-gcc/9.3.1-2020q2-windows/bin/../lib/gcc/arm-none-eabi/9.3.1/../../../../arm-none-eabi/lib/thumb/v7-m/nofp\libc.a(lib_a-mprec.o)
                0x000922bc                __hi0bits
 .text.__lo0bits
                0x000922fc       0x60 c:/users/roxanne/desktop/programming/adkit/tools/arm-none-eabi-gcc/9.3.1-2020q2-windows/bin/../lib/gcc/arm-none-eabi/9.3.1/../../../../arm-none-eabi/lib/thumb/v7-m/nofp\libc.a(lib_a-mprec.o)
                0x000922fc                __lo0bits
 .text.__i2b    0x0009235c       0x2c c:/users/roxanne/desktop/programming/adkit/tools/arm-none-eabi-gcc/9.3.1-2020q2-windows/bin/../lib/gcc/arm-none-eabi/9.3.1/../../../../arm-none-eabi/lib/thumb/v7-m/nofp\libc.a(lib_a-mprec.o)
                0x0009235c                __i2b
 .text.__multiply
                0x00092388      0x160 c:/users/roxanne/desktop/programming/adkit/tools/arm-none-eabi-gcc/9.3.1-2020q2-windows/bin/../lib/gcc/arm-none-eabi/9.3.1/../../../../arm-none-eabi/lib/thumb/v7-m/nofp\libc.a(lib_a-mprec.o)
                0x00092388                __multiply
 .text.__pow5mult
                0x000924e8       0x98 c:/users/roxanne/desktop/programming/adkit/tools/arm-none-eabi-gcc/9.3.1-2020q2-windows/bin/../lib/gcc/arm-none-eabi/9.3.1/../../../../arm-none-eabi/lib/thumb/v7-m/nofp\libc.a(lib_a-mprec.o)
                0x000924e8                __pow5mult
 .text.__lshift
                0x00092580       0xe8 c:/users/roxanne/desktop/programming/adkit/tools/arm-none-eabi-gcc/9.3.1-2020q2-windows/bin/../lib/gcc/arm-none-eabi/9.3.1/../../../../arm-none-eabi/lib/thumb/v7-m/nofp\libc.a(lib_a-mprec.o)
                0x00092580                __lshift
 .text.__mcmp   0x00092668       0x3c c:/users/roxanne/desktop/programming/adkit/tools/arm-none-eabi-gcc/9.3.1-2020q2-windows/bin/../lib/gcc/arm-none-eabi/9.3.1/../../../../arm-none-eabi/lib/thumb/v7-m/nofp\libc.a(lib_a-mprec.o)
                0x00092668                __mcmp
 .text.__mdiff  0x000926a4      0x150 c:/users/roxanne/desktop/programming/adkit/tools/arm-none-eabi-gcc/9.3.1-2020q2-windows/bin/../lib/gcc/arm-none-eabi/9.3.1/../../../../arm-none-eabi/lib/thumb/v7-m/nofp\libc.a(lib_a-mprec.o)
                0x000926a4                __mdiff
 .text.__d2b    0x000927f4       0xc4 c:/users/roxanne/desktop/programming/adkit/tools/arm-none-eabi-gcc/9.3.1-2020q2-windows/bin/../lib/gcc/arm-none-eabi/9.3.1/../../../../arm-none-eabi/lib/thumb/v7-m/nofp\libc.a(lib_a-mprec.o)
                0x000927f4                __d2b
 .text.__srget_r
                0x000928b8       0x34 c:/users/roxanne/desktop/programming/adkit/tools/arm-none-eabi-gcc/9.3.1-2020q2-windows/bin/../lib/gcc/arm-none-eabi/9.3.1/../../../../arm-none-eabi/lib/thumb/v7-m/nofp\libc.a(lib_a-rget.o)
                0x000928b8                __srget_r
 .text.frexp    0x000928ec       0x70 c:/users/roxanne/desktop/programming/adkit/tools/arm-none-eabi-gcc/9.3.1-2020q2-windows/bin/../lib/gcc/arm-none-eabi/9.3.1/../../../../arm-none-eabi/lib/thumb/v7-m/nofp\libc.a(lib_a-s_frexp.o)
                0x000928ec                frexp
 .text.__sread  0x0009295c       0x24 c:/users/roxanne/desktop/programming/adkit/tools/arm-none-eabi-gcc/9.3.1-2020q2-windows/bin/../lib/gcc/arm-none-eabi/9.3.1/../../../../arm-none-eabi/lib/thumb/v7-m/nofp\libc.a(lib_a-stdio.o)
                0x0009295c                __sread
 .text.__swrite
                0x00092980       0x40 c:/users/roxanne/desktop/programming/adkit/tools/arm-none-eabi-gcc/9.3.1-2020q2-windows/bin/../lib/gcc/arm-none-eabi/9.3.1/../../../../arm-none-eabi/lib/thumb/v7-m/nofp\libc.a(lib_a-stdio.o)
                0x00092980                __swrite
 .text.__sseek  0x000929c0       0x20 c:/users/roxanne/desktop/programming/adkit/tools/arm-none-eabi-gcc/9.3.1-2020q2-windows/bin/../lib/gcc/arm-none-eabi/9.3.1/../../../../arm-none-eabi/lib/thumb/v7-m/nofp\libc.a(lib_a-stdio.o)
                0x000929c0                __sseek
 .text.__sclose
                0x000929e0        0x8 c:/users/roxanne/desktop/programming/adkit/tools/arm-none-eabi-gcc/9.3.1-2020q2-windows/bin/../lib/gcc/arm-none-eabi/9.3.1/../../../../arm-none-eabi/lib/thumb/v7-m/nofp\libc.a(lib_a-stdio.o)
                0x000929e0                __sclose
 .text.strncpy  0x000929e8       0x68 c:/users/roxanne/desktop/programming/adkit/tools/arm-none-eabi-gcc/9.3.1-2020q2-windows/bin/../lib/gcc/arm-none-eabi/9.3.1/../../../../arm-none-eabi/lib/thumb/v7-m/nofp\libc.a(lib_a-strncpy.o)
                0x000929e8                strncpy
 .text.__ssprint_r
                0x00092a50       0xf8 c:/users/roxanne/desktop/programming/adkit/tools/arm-none-eabi-gcc/9.3.1-2020q2-windows/bin/../lib/gcc/arm-none-eabi/9.3.1/../../../../arm-none-eabi/lib/thumb/v7-m/nofp\libc.a(lib_a-svfiprintf.o)
                0x00092a50                __ssprint_r
 .text._wcrtomb_r
                0x00092b48       0x3c c:/users/roxanne/desktop/programming/adkit/tools/arm-none-eabi-gcc/9.3.1-2020q2-windows/bin/../lib/gcc/arm-none-eabi/9.3.1/../../../../arm-none-eabi/lib/thumb/v7-m/nofp\libc.a(lib_a-wcrtomb.o)
                0x00092b48                _wcrtomb_r
 .text.__ascii_wctomb
                0x00092b84       0x1c c:/users/roxanne/desktop/programming/adkit/tools/arm-none-eabi-gcc/9.3.1-2020q2-windows/bin/../lib/gcc/arm-none-eabi/9.3.1/../../../../arm-none-eabi/lib/thumb/v7-m/nofp\libc.a(lib_a-wctomb_r.o)
                0x00092b84                __ascii_wctomb
 .text._write_r
                0x00092ba0       0x2c c:/users/roxanne/desktop/programming/adkit/tools/arm-none-eabi-gcc/9.3.1-2020q2-windows/bin/../lib/gcc/arm-none-eabi/9.3.1/../../../../arm-none-eabi/lib/thumb/v7-m/nofp\libc.a(lib_a-writer.o)
                0x00092ba0                _write_r
 .text.__register_exitproc
                0x00092bcc       0x8c c:/users/roxanne/desktop/programming/adkit/tools/arm-none-eabi-gcc/9.3.1-2020q2-windows/bin/../lib/gcc/arm-none-eabi/9.3.1/../../../../arm-none-eabi/lib/thumb/v7-m/nofp\libc.a(lib_a-__atexit.o)
                0x00092bcc                __register_exitproc
 .text._close_r
                0x00092c58       0x24 c:/users/roxanne/desktop/programming/adkit/tools/arm-none-eabi-gcc/9.3.1-2020q2-windows/bin/../lib/gcc/arm-none-eabi/9.3.1/../../../../arm-none-eabi/lib/thumb/v7-m/nofp\libc.a(lib_a-closer.o)
                0x00092c58                _close_r
 .text._fclose_r
                0x00092c7c       0xcc c:/users/roxanne/desktop/programming/adkit/tools/arm-none-eabi-gcc/9.3.1-2020q2-windows/bin/../lib/gcc/arm-none-eabi/9.3.1/../../../../arm-none-eabi/lib/thumb/v7-m/nofp\libc.a(lib_a-fclose.o)
                0x00092c7c                _fclose_r
 .text._fstat_r
                0x00092d48       0x2c c:/users/roxanne/desktop/programming/adkit/tools/arm-none-eabi-gcc/9.3.1-2020q2-windows/bin/../lib/gcc/arm-none-eabi/9.3.1/../../../../arm-none-eabi/lib/thumb/v7-m/nofp\libc.a(lib_a-fstatr.o)
                0x00092d48                _fstat_r
 .text._isatty_r
                0x00092d74       0x24 c:/users/roxanne/desktop/programming/adkit/tools/arm-none-eabi-gcc/9.3.1-2020q2-windows/bin/../lib/gcc/arm-none-eabi/9.3.1/../../../../arm-none-eabi/lib/thumb/v7-m/nofp\libc.a(lib_a-isattyr.o)
                0x00092d74                _isatty_r
 .text._lseek_r
                0x00092d98       0x2c c:/users/roxanne/desktop/programming/adkit/tools/arm-none-eabi-gcc/9.3.1-2020q2-windows/bin/../lib/gcc/arm-none-eabi/9.3.1/../../../../arm-none-eabi/lib/thumb/v7-m/nofp\libc.a(lib_a-lseekr.o)
                0x00092d98                _lseek_r
 .text._read_r  0x00092dc4       0x2c c:/users/roxanne/desktop/programming/adkit/tools/arm-none-eabi-gcc/9.3.1-2020q2-windows/bin/../lib/gcc/arm-none-eabi/9.3.1/../../../../arm-none-eabi/lib/thumb/v7-m/nofp\libc.a(lib_a-readr.o)
                0x00092dc4                _read_r
 .text.lflush   0x00092df0       0x14 c:/users/roxanne/desktop/programming/adkit/tools/arm-none-eabi-gcc/9.3.1-2020q2-windows/bin/../lib/gcc/arm-none-eabi/9.3.1/../../../../arm-none-eabi/lib/thumb/v7-m/nofp\libc.a(lib_a-refill.o)
 .text.__srefill_r
                0x00092e04      0x118 c:/users/roxanne/desktop/programming/adkit/tools/arm-none-eabi-gcc/9.3.1-2020q2-windows/bin/../lib/gcc/arm-none-eabi/9.3.1/../../../../arm-none-eabi/lib/thumb/v7-m/nofp\libc.a(lib_a-refill.o)
                0x00092e04                __srefill_r
 .text          0x00092f1c       0x50 c:/users/roxanne/desktop/programming/adkit/tools/arm-none-eabi-gcc/9.3.1-2020q2-windows/bin/../lib/gcc/arm-none-eabi/9.3.1/thumb/v7-m/nofp\libgcc.a(_arm_fixdfsi.o)
                0x00092f1c                __aeabi_d2iz
                0x00092f1c                __fixdfsi
 .text          0x00092f6c       0x30 c:/users/roxanne/desktop/programming/adkit/tools/arm-none-eabi-gcc/9.3.1-2020q2-windows/bin/../lib/gcc/arm-none-eabi/9.3.1/thumb/v7-m/nofp\libgcc.a(_aeabi_uldivmod.o)
                0x00092f6c                __aeabi_uldivmod
 .text          0x00092f9c      0x2c4 c:/users/roxanne/desktop/programming/adkit/tools/arm-none-eabi-gcc/9.3.1-2020q2-windows/bin/../lib/gcc/arm-none-eabi/9.3.1/thumb/v7-m/nofp\libgcc.a(_udivmoddi4.o)
                0x00092f9c                __udivmoddi4
 .text          0x00093260        0x4 c:/users/roxanne/desktop/programming/adkit/tools/arm-none-eabi-gcc/9.3.1-2020q2-windows/bin/../lib/gcc/arm-none-eabi/9.3.1/thumb/v7-m/nofp\libgcc.a(_dvmd_tls.o)
                0x00093260                __aeabi_idiv0
                0x00093260                __aeabi_ldiv0
 *(.glue_7t)
 .glue_7t       0x00093264        0x0 linker stubs
 *(.glue_7)
 .glue_7        0x00093264        0x0 linker stubs
 *(.rodata .rodata* .gnu.linkonce.r.*)
 .rodata._ZN9TicTacToe5clearEv.str1.1
                0x00093264       0x29 build/hello.a(main.o)
 .rodata._ZN9TicTacToe4drawEv.str1.1
                0x0009328d        0xa build/hello.a(main.o)
                                  0xb (size before relaxing)
 .rodata._ZN9TicTacToe11handleInputEv.str1.1
                0x00093297       0x6b build/hello.a(main.o)
 .rodata._ZN9TicTacToe6updateEv.str1.1
                0x00093302       0x3f build/hello.a(main.o)
 .rodata.main.str1.1
                0x00093341       0x8f build/hello.a(main.o)
 .rodata._ZTV12PlaceCommand
                0x000933d0       0x18 build/hello.a(main.o)
                0x000933d0                vtable for PlaceCommand
 .rodata._ZTV9TicTacToe
                0x000933e8       0x24 build/hello.a(main.o)
                0x000933e8                vtable for TicTacToe
 .rodata._ZTV9UARTClass
                0x0009340c       0x2c ../../lib/ArduinoCore-sam/out/sam.a(UARTClass.o)
                0x0009340c                vtable for UARTClass
 .rodata.g_APinDescription
                0x00093438      0xa2c ../../lib/ArduinoCore-sam/out/sam.a(variant.o)
                0x00093438                g_APinDescription
 .rodata._ZTV10USARTClass
                0x00093e64       0x2c ../../lib/ArduinoCore-sam/out/sam.a(USARTClass.o)
                0x00093e64                vtable for USARTClass
 .rodata        0x00093e90       0x40 ../../lib/ArduinoCore-sam/variants/arduino_due_x/libsam_sam3x8e_gcc_rel.a(adc.o)
 .rodata._ZNKSt13bad_exception4whatEv.str1.4
                0x00093ed0       0x13 c:/users/roxanne/desktop/programming/adkit/tools/arm-none-eabi-gcc/9.3.1-2020q2-windows/bin/../lib/gcc/arm-none-eabi/9.3.1/../../../../arm-none-eabi/lib/thumb/v7-m/nofp\libsupc++.a(eh_exception.o)
 *fill*         0x00093ee3        0x1 
 .rodata._ZTIN10__cxxabiv115__forced_unwindE
                0x00093ee4        0x8 c:/users/roxanne/desktop/programming/adkit/tools/arm-none-eabi-gcc/9.3.1-2020q2-windows/bin/../lib/gcc/arm-none-eabi/9.3.1/../../../../arm-none-eabi/lib/thumb/v7-m/nofp\libsupc++.a(eh_exception.o)
                0x00093ee4                typeinfo for __cxxabiv1::__forced_unwind
 .rodata._ZTIN10__cxxabiv119__foreign_exceptionE
                0x00093eec        0x8 c:/users/roxanne/desktop/programming/adkit/tools/arm-none-eabi-gcc/9.3.1-2020q2-windows/bin/../lib/gcc/arm-none-eabi/9.3.1/../../../../arm-none-eabi/lib/thumb/v7-m/nofp\libsupc++.a(eh_exception.o)
                0x00093eec                typeinfo for __cxxabiv1::__foreign_exception
 .rodata._ZTISt13bad_exception
                0x00093ef4        0xc c:/users/roxanne/desktop/programming/adkit/tools/arm-none-eabi-gcc/9.3.1-2020q2-windows/bin/../lib/gcc/arm-none-eabi/9.3.1/../../../../arm-none-eabi/lib/thumb/v7-m/nofp\libsupc++.a(eh_exception.o)
                0x00093ef4                typeinfo for std::bad_exception
 .rodata._ZTISt9exception
                0x00093f00        0x8 c:/users/roxanne/desktop/programming/adkit/tools/arm-none-eabi-gcc/9.3.1-2020q2-windows/bin/../lib/gcc/arm-none-eabi/9.3.1/../../../../arm-none-eabi/lib/thumb/v7-m/nofp\libsupc++.a(eh_exception.o)
                0x00093f00                typeinfo for std::exception
 .rodata._ZTSN10__cxxabiv115__forced_unwindE
                0x00093f08       0x20 c:/users/roxanne/desktop/programming/adkit/tools/arm-none-eabi-gcc/9.3.1-2020q2-windows/bin/../lib/gcc/arm-none-eabi/9.3.1/../../../../arm-none-eabi/lib/thumb/v7-m/nofp\libsupc++.a(eh_exception.o)
                0x00093f08                typeinfo name for __cxxabiv1::__forced_unwind
 .rodata._ZTSN10__cxxabiv119__foreign_exceptionE
                0x00093f28       0x24 c:/users/roxanne/desktop/programming/adkit/tools/arm-none-eabi-gcc/9.3.1-2020q2-windows/bin/../lib/gcc/arm-none-eabi/9.3.1/../../../../arm-none-eabi/lib/thumb/v7-m/nofp\libsupc++.a(eh_exception.o)
                0x00093f28                typeinfo name for __cxxabiv1::__foreign_exception
 .rodata._ZTSSt13bad_exception
                0x00093f4c       0x12 c:/users/roxanne/desktop/programming/adkit/tools/arm-none-eabi-gcc/9.3.1-2020q2-windows/bin/../lib/gcc/arm-none-eabi/9.3.1/../../../../arm-none-eabi/lib/thumb/v7-m/nofp\libsupc++.a(eh_exception.o)
                0x00093f4c                typeinfo name for std::bad_exception
 *fill*         0x00093f5e        0x2 
 .rodata._ZTSSt9exception
                0x00093f60        0xd c:/users/roxanne/desktop/programming/adkit/tools/arm-none-eabi-gcc/9.3.1-2020q2-windows/bin/../lib/gcc/arm-none-eabi/9.3.1/../../../../arm-none-eabi/lib/thumb/v7-m/nofp\libsupc++.a(eh_exception.o)
                0x00093f60                typeinfo name for std::exception
 *fill*         0x00093f6d        0x3 
 .rodata._ZTVSt13bad_exception
                0x00093f70       0x14 c:/users/roxanne/desktop/programming/adkit/tools/arm-none-eabi-gcc/9.3.1-2020q2-windows/bin/../lib/gcc/arm-none-eabi/9.3.1/../../../../arm-none-eabi/lib/thumb/v7-m/nofp\libsupc++.a(eh_exception.o)
                0x00093f70                vtable for std::bad_exception
 .rodata._ZTSv  0x00093f84        0x2 c:/users/roxanne/desktop/programming/adkit/tools/arm-none-eabi-gcc/9.3.1-2020q2-windows/bin/../lib/gcc/arm-none-eabi/9.3.1/../../../../arm-none-eabi/lib/thumb/v7-m/nofp\libsupc++.a(fundamental_type_info.o)
                0x00093f84                typeinfo name for void
 *fill*         0x00093f86        0x2 
 .rodata._ZTSc  0x00093f88        0x2 c:/users/roxanne/desktop/programming/adkit/tools/arm-none-eabi-gcc/9.3.1-2020q2-windows/bin/../lib/gcc/arm-none-eabi/9.3.1/../../../../arm-none-eabi/lib/thumb/v7-m/nofp\libsupc++.a(fundamental_type_info.o)
                0x00093f88                typeinfo name for char
 *fill*         0x00093f8a        0x2 
 .rodata._ZTSPKc
                0x00093f8c        0x4 c:/users/roxanne/desktop/programming/adkit/tools/arm-none-eabi-gcc/9.3.1-2020q2-windows/bin/../lib/gcc/arm-none-eabi/9.3.1/../../../../arm-none-eabi/lib/thumb/v7-m/nofp\libsupc++.a(fundamental_type_info.o)
                0x00093f8c                typeinfo name for char const*
 .rodata._ZTSDn
                0x00093f90        0x3 c:/users/roxanne/desktop/programming/adkit/tools/arm-none-eabi-gcc/9.3.1-2020q2-windows/bin/../lib/gcc/arm-none-eabi/9.3.1/../../../../arm-none-eabi/lib/thumb/v7-m/nofp\libsupc++.a(fundamental_type_info.o)
                0x00093f90                typeinfo name for decltype(nullptr)
 *fill*         0x00093f93        0x1 
 .rodata._ZTIDn
                0x00093f94        0x8 c:/users/roxanne/desktop/programming/adkit/tools/arm-none-eabi-gcc/9.3.1-2020q2-windows/bin/../lib/gcc/arm-none-eabi/9.3.1/../../../../arm-none-eabi/lib/thumb/v7-m/nofp\libsupc++.a(fundamental_type_info.o)
                0x00093f94                typeinfo for decltype(nullptr)
 .rodata._ZTIPKc
                0x00093f9c       0x10 c:/users/roxanne/desktop/programming/adkit/tools/arm-none-eabi-gcc/9.3.1-2020q2-windows/bin/../lib/gcc/arm-none-eabi/9.3.1/../../../../arm-none-eabi/lib/thumb/v7-m/nofp\libsupc++.a(fundamental_type_info.o)
                0x00093f9c                typeinfo for char const*
 .rodata._ZTIc  0x00093fac        0x8 c:/users/roxanne/desktop/programming/adkit/tools/arm-none-eabi-gcc/9.3.1-2020q2-windows/bin/../lib/gcc/arm-none-eabi/9.3.1/../../../../arm-none-eabi/lib/thumb/v7-m/nofp\libsupc++.a(fundamental_type_info.o)
                0x00093fac                typeinfo for char
 .rodata._ZTIv  0x00093fb4        0x8 c:/users/roxanne/desktop/programming/adkit/tools/arm-none-eabi-gcc/9.3.1-2020q2-windows/bin/../lib/gcc/arm-none-eabi/9.3.1/../../../../arm-none-eabi/lib/thumb/v7-m/nofp\libsupc++.a(fundamental_type_info.o)
                0x00093fb4                typeinfo for void
 .rodata._ZTIN10__cxxabiv123__fundamental_type_infoE
                0x00093fbc        0xc c:/users/roxanne/desktop/programming/adkit/tools/arm-none-eabi-gcc/9.3.1-2020q2-windows/bin/../lib/gcc/arm-none-eabi/9.3.1/../../../../arm-none-eabi/lib/thumb/v7-m/nofp\libsupc++.a(fundamental_type_info.o)
                0x00093fbc                typeinfo for __cxxabiv1::__fundamental_type_info
 .rodata._ZTSN10__cxxabiv123__fundamental_type_infoE
                0x00093fc8       0x28 c:/users/roxanne/desktop/programming/adkit/tools/arm-none-eabi-gcc/9.3.1-2020q2-windows/bin/../lib/gcc/arm-none-eabi/9.3.1/../../../../arm-none-eabi/lib/thumb/v7-m/nofp\libsupc++.a(fundamental_type_info.o)
                0x00093fc8                typeinfo name for __cxxabiv1::__fundamental_type_info
 .rodata._ZTVN10__cxxabiv123__fundamental_type_infoE
                0x00093ff0       0x20 c:/users/roxanne/desktop/programming/adkit/tools/arm-none-eabi-gcc/9.3.1-2020q2-windows/bin/../lib/gcc/arm-none-eabi/9.3.1/../../../../arm-none-eabi/lib/thumb/v7-m/nofp\libsupc++.a(fundamental_type_info.o)
                0x00093ff0                vtable for __cxxabiv1::__fundamental_type_info